Archive member included because of file (symbol)

D:\Austin\Workspace\LPCXpresso_7_5_0_254\wiznet_s2e_wiz550s2e_board\Release\libwiznet_s2e_wiz550s2e_board.a(board.o)
                              ./src/S2E/S2E.o (Board_LED_Set)
D:\Austin\Workspace\LPCXpresso_7_5_0_254\wiznet_s2e_wiz550s2e_board\Release\libwiznet_s2e_wiz550s2e_board.a(board_sysinit.o)
                              ./src/sysinit.o (Board_SystemInit)
D:\Austin\Workspace\LPCXpresso_7_5_0_254\lpc_chip_11exx\Release\liblpc_chip_11exx.a(chip_11xx.o)
                              ./src/main.o (SystemCoreClockUpdate)
D:\Austin\Workspace\LPCXpresso_7_5_0_254\lpc_chip_11exx\Release\liblpc_chip_11exx.a(clock_11xx.o)
                              D:\Austin\Workspace\LPCXpresso_7_5_0_254\wiznet_s2e_wiz550s2e_board\Release\libwiznet_s2e_wiz550s2e_board.a(board_sysinit.o) (Chip_Clock_SetSystemPLLSource)
D:\Austin\Workspace\LPCXpresso_7_5_0_254\lpc_chip_11exx\Release\liblpc_chip_11exx.a(gpio_11xx_1.o)
                              D:\Austin\Workspace\LPCXpresso_7_5_0_254\wiznet_s2e_wiz550s2e_board\Release\libwiznet_s2e_wiz550s2e_board.a(board.o) (Chip_GPIO_Init)
D:\Austin\Workspace\LPCXpresso_7_5_0_254\lpc_chip_11exx\Release\liblpc_chip_11exx.a(iocon_11xx.o)
                              ./src/PlatformHandler/sspHandler.o (Chip_IOCON_PinMuxSet)
D:\Austin\Workspace\LPCXpresso_7_5_0_254\lpc_chip_11exx\Release\liblpc_chip_11exx.a(ring_buffer.o)
                              ./src/PlatformHandler/uartHandler.o (RingBuffer_Init)
D:\Austin\Workspace\LPCXpresso_7_5_0_254\lpc_chip_11exx\Release\liblpc_chip_11exx.a(ssp_11xx.o)
                              ./src/PlatformHandler/sspHandler.o (Chip_SSP_WriteFrames_Blocking)
D:\Austin\Workspace\LPCXpresso_7_5_0_254\lpc_chip_11exx\Release\liblpc_chip_11exx.a(sysctl_11xx.o)
                              D:\Austin\Workspace\LPCXpresso_7_5_0_254\wiznet_s2e_wiz550s2e_board\Release\libwiznet_s2e_wiz550s2e_board.a(board_sysinit.o) (Chip_SYSCTL_PowerDown)
D:\Austin\Workspace\LPCXpresso_7_5_0_254\lpc_chip_11exx\Release\liblpc_chip_11exx.a(timer_11xx.o)
                              ./src/PlatformHandler/timerHandler.o (Chip_TIMER_Init)
D:\Austin\Workspace\LPCXpresso_7_5_0_254\lpc_chip_11exx\Release\liblpc_chip_11exx.a(uart_11xx.o)
                              ./src/PlatformHandler/uartHandler.o (Chip_UART_Init)
D:\Austin\Workspace\LPCXpresso_7_5_0_254\lpc_chip_11exx\Release\liblpc_chip_11exx.a(wwdt_11xx.o)
                              ./src/main.o (Chip_WWDT_Init)
c:/nxp/lpcxpresso_7.5.0_254/lpcxpresso/tools/bin/../lib/gcc/arm-none-eabi/4.8.4/../../../../arm-none-eabi/lib/armv6-m\libcr_nohost.a(_cr__main.o)
                              ./src/cr_startup_lpc11exx.o (__main)
c:/nxp/lpcxpresso_7.5.0_254/lpcxpresso/tools/bin/../lib/gcc/arm-none-eabi/4.8.4/../../../../arm-none-eabi/lib/armv6-m\libcr_c.a(memcpy.o)
                              ./src/S2E/S2E.o (memcpy)
c:/nxp/lpcxpresso_7.5.0_254/lpcxpresso/tools/bin/../lib/gcc/arm-none-eabi/4.8.4/../../../../arm-none-eabi/lib/armv6-m\libcr_c.a(memset.o)
                              ./src/netutil/netutil.o (memset)
c:/nxp/lpcxpresso_7.5.0_254/lpcxpresso/tools/bin/../lib/gcc/arm-none-eabi/4.8.4/../../../../arm-none-eabi/lib/armv6-m\libcr_c.a(alloc.o)
                              ./src/S2E/S2E.o (malloc)
c:/nxp/lpcxpresso_7.5.0_254/lpcxpresso/tools/bin/../lib/gcc/arm-none-eabi/4.8.4/../../../../arm-none-eabi/lib/armv6-m\libcr_c.a(ctype.o)
                              ./src/ATcmd/atcmd.o (isalpha)
c:/nxp/lpcxpresso_7.5.0_254/lpcxpresso/tools/bin/../lib/gcc/arm-none-eabi/4.8.4/../../../../arm-none-eabi/lib/armv6-m\libcr_c.a(fpprintf.o)
                              ./src/netutil/netutil.o (sprintf)
c:/nxp/lpcxpresso_7.5.0_254/lpcxpresso/tools/bin/../lib/gcc/arm-none-eabi/4.8.4/../../../../arm-none-eabi/lib/armv6-m\libcr_c.a(initio.o)
                              c:/nxp/lpcxpresso_7.5.0_254/lpcxpresso/tools/bin/../lib/gcc/arm-none-eabi/4.8.4/../../../../arm-none-eabi/lib/armv6-m\libcr_nohost.a(_cr__main.o) (_initio)
c:/nxp/lpcxpresso_7.5.0_254/lpcxpresso/tools/bin/../lib/gcc/arm-none-eabi/4.8.4/../../../../arm-none-eabi/lib/armv6-m\libcr_c.a(memcmp.o)
                              ./src/S2E/S2E.o (memcmp)
c:/nxp/lpcxpresso_7.5.0_254/lpcxpresso/tools/bin/../lib/gcc/arm-none-eabi/4.8.4/../../../../arm-none-eabi/lib/armv6-m\libcr_c.a(printf.o)
                              c:/nxp/lpcxpresso_7.5.0_254/lpcxpresso/tools/bin/../lib/gcc/arm-none-eabi/4.8.4/../../../../arm-none-eabi/lib/armv6-m\libcr_c.a(fpprintf.o) (__vfprintf)
c:/nxp/lpcxpresso_7.5.0_254/lpcxpresso/tools/bin/../lib/gcc/arm-none-eabi/4.8.4/../../../../arm-none-eabi/lib/armv6-m\libcr_c.a(scanf.o)
                              ./src/Internet/SNMP/snmp.o (sscanf)
c:/nxp/lpcxpresso_7.5.0_254/lpcxpresso/tools/bin/../lib/gcc/arm-none-eabi/4.8.4/../../../../arm-none-eabi/lib/armv6-m\libcr_c.a(setvbuf.o)
[...]
Memory Configuration

Name             Origin             Length             Attributes
MFlash96         0x00006000         0x00012000         xr
RamLoc8          0x10000000         0x00002000         xrw
RamPeriph2       0x20000000         0x00000800         xrw
SRAM1_2          0x20004000         0x00000800         xrw
*default*        0x00000000         0xffffffff

Linker script and memory map

LOAD ./src/netutil/netutil.o
LOAD ./src/callback/dhcp_cb.o
LOAD ./src/S2E/S2E.o
LOAD ./src/PlatformHandler/eepromHandler.o
LOAD ./src/PlatformHandler/sspHandler.o
LOAD ./src/PlatformHandler/timerHandler.o
LOAD ./src/PlatformHandler/uartHandler.o
LOAD ./src/Internet/httpServer/httpParser.o
LOAD ./src/Internet/httpServer/httpServer.o
LOAD ./src/Internet/httpServer/httpUtil.o
LOAD ./src/Internet/TFTP/netutil.o
LOAD ./src/Internet/TFTP/tftp.o
LOAD ./src/Internet/SNTP/sntp.o
LOAD ./src/Internet/SNMP/snmp.o
LOAD ./src/Internet/SNMP/snmp_custom.o
LOAD ./src/Internet/MQTT/MQTTPacket/src/MQTTConnectClient.o
LOAD ./src/Internet/MQTT/MQTTPacket/src/MQTTConnectServer.o
LOAD ./src/Internet/MQTT/MQTTPacket/src/MQTTDeserializePublish.o
LOAD ./src/Internet/MQTT/MQTTPacket/src/MQTTFormat.o
LOAD ./src/Internet/MQTT/MQTTPacket/src/MQTTPacket.o
LOAD ./src/Internet/MQTT/MQTTPacket/src/MQTTSerializePublish.o
LOAD ./src/Internet/MQTT/MQTTPacket/src/MQTTSubscribeClient.o
LOAD ./src/Internet/MQTT/MQTTPacket/src/MQTTSubscribeServer.o
LOAD ./src/Internet/MQTT/MQTTPacket/src/MQTTUnsubscribeClient.o
LOAD ./src/Internet/MQTT/MQTTPacket/src/MQTTUnsubscribeServer.o
LOAD ./src/Internet/MQTT/MQTTClient.o
LOAD ./src/Internet/MQTT/mqtt_interface.o
LOAD ./src/Internet/FTPServer/ftpd.o
LOAD ./src/Internet/FTPClient/ftpc.o
LOAD ./src/Internet/DNS/dns.o
LOAD ./src/Internet/DHCP/dhcp.o
LOAD ./src/Ethernet/W5500/w5500.o
LOAD ./src/Ethernet/socket.o
LOAD ./src/Ethernet/wizchip_conf.o
LOAD ./src/Configuration/ConfigData.o
LOAD ./src/Configuration/ConfigMessage.o
LOAD ./src/ATcmd/library/sockutil.o
LOAD ./src/ATcmd/library/util.o
LOAD ./src/ATcmd/atcmd.o
LOAD ./src/ATcmd/cmdrun.o
LOAD ./src/aeabi_romdiv_patch.o
LOAD ./src/cr_startup_lpc11exx.o
LOAD ./src/crp.o
LOAD ./src/main.o
LOAD ./src/sysinit.o
LOAD D:\Austin\Workspace\LPCXpresso_7_5_0_254\wiznet_s2e_wiz550s2e_board\Release\libwiznet_s2e_wiz550s2e_board.a
LOAD D:\Austin\Workspace\LPCXpresso_7_5_0_254\lpc_chip_11exx\Release\liblpc_chip_11exx.a
START GROUP
LOAD c:/nxp/lpcxpresso_7.5.0_254/lpcxpresso/tools/bin/../lib/gcc/arm-none-eabi/4.8.4/../../../../arm-none-eabi/lib/armv6-m\libcr_nohost.a
LOAD c:/nxp/lpcxpresso_7.5.0_254/lpcxpresso/tools/bin/../lib/gcc/arm-none-eabi/4.8.4/../../../../arm-none-eabi/lib/armv6-m\libcr_c.a
LOAD c:/nxp/lpcxpresso_7.5.0_254/lpcxpresso/tools/bin/../lib/gcc/arm-none-eabi/4.8.4/armv6-m\libcr_eabihelpers.a
END GROUP
                0x00018000                __top_MFlash96 = 0x18000
                0x10002000                __top_RamLoc8 = 0x10002000
                0x20000800                __top_RamPeriph2 = 0x20000800
                0x20004800                __top_SRAM1_2 = 0x20004800

.text           0x00006000    0x11730
 FILL mask 0xff
                0x00006000                __vectors_start__ = ABSOLUTE (.)
 *(.isr_vector)
 .isr_vector    0x00006000       0xc0 ./src/cr_startup_lpc11exx.o
                0x00006000                g_pfnVectors
                0x000060c0                . = ALIGN (0x4)
                0x000060c0                __section_table_start = .
                0x000060c0                __data_section_table = .
                0x000060c0        0x4 LONG 0x17730 LOADADDR (.data)
                0x000060c4        0x4 LONG 0x10000000 ADDR (.data)
                0x000060c8        0x4 LONG 0x158 SIZEOF (.data)
                0x000060cc        0x4 LONG 0x17730 LOADADDR (.data_RAM2)
                0x000060d0        0x4 LONG 0x20000000 ADDR (.data_RAM2)
                0x000060d4        0x4 LONG 0x0 SIZEOF (.data_RAM2)
                0x000060d8        0x4 LONG 0x17730 LOADADDR (.data_RAM3)
                0x000060dc        0x4 LONG 0x20004000 ADDR (.data_RAM3)
                0x000060e0        0x4 LONG 0x0 SIZEOF (.data_RAM3)
                0x000060e4                __data_section_table_end = .
                0x000060e4                __bss_section_table = .
                0x000060e4        0x4 LONG 0x10000158 ADDR (.bss)
                0x000060e8        0x4 LONG 0x154c SIZEOF (.bss)
                0x000060ec        0x4 LONG 0x20000000 ADDR (.bss_RAM2)
                0x000060f0        0x4 LONG 0x0 SIZEOF (.bss_RAM2)
                0x000060f4        0x4 LONG 0x20004000 ADDR (.bss_RAM3)
                0x000060f8        0x4 LONG 0x0 SIZEOF (.bss_RAM3)
                0x000060fc                __bss_section_table_end = .
                0x000060fc                __section_table_end = .
 *(.after_vectors*)
 .after_vectors
                0x000060fc       0xdc ./src/cr_startup_lpc11exx.o
                0x000060fc                NMI_Handler
                0x00006100                HardFault_Handler
                0x00006104                SVC_Handler
                0x00006108                PendSV_Handler
                0x0000610c                SysTick_Handler
                0x00006110                FLEX_INT7_IRQHandler
                0x00006110                FMC_IRQHandler
                0x00006110                TIMER32_1_IRQHandler
                0x00006110                FLEX_INT1_IRQHandler
                0x00006110                IntDefaultHandler
                0x00006110                SSP0_IRQHandler
                0x00006110                FLEX_INT6_IRQHandler
                0x00006110                FLEX_INT2_IRQHandler
                0x00006110                TIMER16_1_IRQHandler
                0x00006110                FLEX_INT5_IRQHandler
                0x00006110                ADC_IRQHandler
                0x00006110                SSP1_IRQHandler
                0x00006110                FLEX_INT3_IRQHandler
                0x00006110                BOD_IRQHandler
                0x00006110                I2C_IRQHandler
                0x00006110                WDT_IRQHandler
                0x00006110                TIMER16_0_IRQHandler
                0x00006110                GINT0_IRQHandler
                0x00006110                FLEX_INT4_IRQHandler
                0x00006110                GINT1_IRQHandler
                0x00006114                ResetISR
                0x000061b0                data_init
                0x000061c4                bss_init
                0x000002fc                . = 0x2fc
 *fill*         0x000061d8      0x124 ff
                0x000062fc                PROVIDE (__CRP_WORD_START__, .)
 *(.crp)
 .crp           0x000062fc        0x4 ./src/crp.o
                0x000062fc                CRP_WORD
                0x00006300                PROVIDE (__CRP_WORD_END__, .)
                0x00000001                ASSERT (! ((__CRP_WORD_START__ == __CRP_WORD_END__)), Linker CRP Enabled, but no CRP_WORD provided within application)
 *(.text*)
 .text.w5500_dhcp_assign
                0x00006300       0x8c ./src/callback/dhcp_cb.o
                0x00006300                w5500_dhcp_assign
 .text.w5500_dhcp_conflict
                0x0000638c        0x4 ./src/callback/dhcp_cb.o
                0x0000638c                w5500_dhcp_conflict
 .text.dataModeSubscribe
                0x00006390       0x54 ./src/S2E/S2E.o
 .text.ether_to_uart
                0x000063e4      0x104 ./src/S2E/S2E.o
 .text.uart_to_ether
                0x000064e8      0x314 ./src/S2E/S2E.o
 .text.s2e_run  0x000067fc      0x9dc ./src/S2E/S2E.o
                0x000067fc                s2e_run
 .text.read_eeprom
                0x000071d8       0x44 ./src/PlatformHandler/eepromHandler.o
                0x000071d8                read_eeprom
 .text.write_eeprom
                0x0000721c       0x44 ./src/PlatformHandler/eepromHandler.o
                0x0000721c                write_eeprom
 .text.wizchip_select
                0x00007260        0xc ./src/PlatformHandler/sspHandler.o
 .text.wizchip_deselect
                0x0000726c        0xc ./src/PlatformHandler/sspHandler.o
 .text.wizchip_readburst
                0x00007278       0x14 ./src/PlatformHandler/sspHandler.o
                0x00007278                wizchip_readburst
 .text.wizchip_read
                0x0000728c       0x1c ./src/PlatformHandler/sspHandler.o
 .text.wizchip_writeburst
                0x000072a8       0x14 ./src/PlatformHandler/sspHandler.o
                0x000072a8                wizchip_writeburst
 .text.wizchip_write
                0x000072bc       0x1c ./src/PlatformHandler/sspHandler.o
 .text.SPI_Init
                0x000072d8       0x88 ./src/PlatformHandler/sspHandler.o
                0x000072d8                SPI_Init
 .text.W5500_Init
                0x00007360       0x80 ./src/PlatformHandler/sspHandler.o
                0x00007360                W5500_Init
 .text.TIMER32_0_IRQHandler
                0x000073e0      0x284 ./src/PlatformHandler/timerHandler.o
                0x000073e0                TIMER32_0_IRQHandler
 .text.timer_Init
                0x00007664       0x54 ./src/PlatformHandler/timerHandler.o
                0x00007664                timer_Init
 .text.delay_cnt
                0x000076b8       0x14 ./src/PlatformHandler/timerHandler.o
                0x000076b8                delay_cnt
 .text.USART_IRQHandler
                0x000076cc       0x1c ./src/PlatformHandler/uartHandler.o
                0x000076cc                USART_IRQHandler
 .text.serial_info_init
                0x000076e8       0xfc ./src/PlatformHandler/uartHandler.o
                0x000076e8                serial_info_init
 .text.UART_buffer_flush
                0x000077e4        0x8 ./src/PlatformHandler/uartHandler.o
                0x000077e4                UART_buffer_flush
 .text.UART_read
                0x000077ec       0x18 ./src/PlatformHandler/uartHandler.o
                0x000077ec                UART_read
 .text.UART_write
                0x00007804       0x18 ./src/PlatformHandler/uartHandler.o
                0x00007804                UART_write
 .text.UART_Init
                0x0000781c      0x16c ./src/PlatformHandler/uartHandler.o
                0x0000781c                UART_Init
 .text.MQTTSerialize_connectLength
                0x00007988       0x84 ./src/Internet/MQTT/MQTTPacket/src/MQTTConnectClient.o
                0x00007988                MQTTSerialize_connectLength
 .text.MQTTSerialize_connect
                0x00007a0c      0x134 ./src/Internet/MQTT/MQTTPacket/src/MQTTConnectClient.o
                0x00007a0c                MQTTSerialize_connect
 .text.MQTTDeserialize_connack
                0x00007b40       0x4c ./src/Internet/MQTT/MQTTPacket/src/MQTTConnectClient.o
                0x00007b40                MQTTDeserialize_connack
 .text.MQTTSerialize_disconnect
                0x00007b8c       0x2c ./src/Internet/MQTT/MQTTPacket/src/MQTTConnectClient.o
                0x00007b8c                MQTTSerialize_disconnect
 .text.MQTTSerialize_pingreq
                0x00007bb8       0x2c ./src/Internet/MQTT/MQTTPacket/src/MQTTConnectClient.o
                0x00007bb8                MQTTSerialize_pingreq
 .text.MQTTDeserialize_publish
                0x00007be4       0x98 ./src/Internet/MQTT/MQTTPacket/src/MQTTDeserializePublish.o
                0x00007be4                MQTTDeserialize_publish
 .text.MQTTDeserialize_ack
                0x00007c7c       0x40 ./src/Internet/MQTT/MQTTPacket/src/MQTTDeserializePublish.o
                0x00007c7c                MQTTDeserialize_ack
 .text.MQTTPacket_encode
                0x00007cbc       0x44 ./src/Internet/MQTT/MQTTPacket/src/MQTTPacket.o
                0x00007cbc                MQTTPacket_encode
 .text.MQTTPacket_len
                0x00007d00       0x28 ./src/Internet/MQTT/MQTTPacket/src/MQTTPacket.o
                0x00007d00                MQTTPacket_len
 .text.MQTTPacket_decodeBuf
                0x00007d28       0x7c ./src/Internet/MQTT/MQTTPacket/src/MQTTPacket.o
                0x00007d28                MQTTPacket_decodeBuf
 .text.readInt  0x00007da4       0x14 ./src/Internet/MQTT/MQTTPacket/src/MQTTPacket.o
                0x00007da4                readInt
 .text.readChar
                0x00007db8        0xc ./src/Internet/MQTT/MQTTPacket/src/MQTTPacket.o
                0x00007db8                readChar
 .text.writeChar
                0x00007dc4        0xc ./src/Internet/MQTT/MQTTPacket/src/MQTTPacket.o
                0x00007dc4                writeChar
 .text.writeInt
                0x00007dd0       0x20 ./src/Internet/MQTT/MQTTPacket/src/MQTTPacket.o
                0x00007dd0                writeInt
 .text.writeCString
                0x00007df0       0x3c ./src/Internet/MQTT/MQTTPacket/src/MQTTPacket.o
                0x00007df0                writeCString
 .text.writeMQTTString
                0x00007e2c       0x74 ./src/Internet/MQTT/MQTTPacket/src/MQTTPacket.o
                0x00007e2c                writeMQTTString
 .text.readMQTTLenString
                0x00007ea0       0x34 ./src/Internet/MQTT/MQTTPacket/src/MQTTPacket.o
                0x00007ea0                readMQTTLenString
 .text.MQTTstrlen
                0x00007ed4       0x18 ./src/Internet/MQTT/MQTTPacket/src/MQTTPacket.o
                0x00007ed4                MQTTstrlen
 .text.MQTTPacket_equals
                0x00007eec       0x44 ./src/Internet/MQTT/MQTTPacket/src/MQTTPacket.o
                0x00007eec                MQTTPacket_equals
 .text.MQTTSerialize_publish
                0x00007f30       0xbc ./src/Internet/MQTT/MQTTPacket/src/MQTTSerializePublish.o
                0x00007f30                MQTTSerialize_publish
 .text.MQTTSerialize_ack
                0x00007fec       0x54 ./src/Internet/MQTT/MQTTPacket/src/MQTTSerializePublish.o
                0x00007fec                MQTTSerialize_ack
 .text.MQTTSerialize_subscribe
                0x00008040       0xb8 ./src/Internet/MQTT/MQTTPacket/src/MQTTSubscribeClient.o
                0x00008040                MQTTSerialize_subscribe
 .text.MQTTDeserialize_suback
                0x000080f8       0x88 ./src/Internet/MQTT/MQTTPacket/src/MQTTSubscribeClient.o
                0x000080f8                MQTTDeserialize_suback
 .text.MQTTSerialize_unsubscribe
                0x00008180       0xac ./src/Internet/MQTT/MQTTPacket/src/MQTTUnsubscribeClient.o
                0x00008180                MQTTSerialize_unsubscribe
 .text.MQTTDeserialize_unsuback
                0x0000822c       0x28 ./src/Internet/MQTT/MQTTPacket/src/MQTTUnsubscribeClient.o
                0x0000822c                MQTTDeserialize_unsuback
 .text.MQTTClientInit
                0x00008254       0x34 ./src/Internet/MQTT/MQTTClient.o
                0x00008254                MQTTClientInit
 .text.deliverMessage
                0x00008288      0x10c ./src/Internet/MQTT/MQTTClient.o
                0x00008288                deliverMessage
 .text.cycle    0x00008394      0x278 ./src/Internet/MQTT/MQTTClient.o
                0x00008394                cycle
 .text.MQTTYield
                0x0000860c       0x38 ./src/Internet/MQTT/MQTTClient.o
                0x0000860c                MQTTYield
 .text.MQTTConnect
                0x00008644       0xf0 ./src/Internet/MQTT/MQTTClient.o
                0x00008644                MQTTConnect
 .text.MQTTSubscribe
                0x00008734      0x148 ./src/Internet/MQTT/MQTTClient.o
                0x00008734                MQTTSubscribe
 .text.MQTTUnsubscribe
                0x0000887c       0xd8 ./src/Internet/MQTT/MQTTClient.o
                0x0000887c                MQTTUnsubscribe
 .text.MQTTPublish
                0x00008954      0x144 ./src/Internet/MQTT/MQTTClient.o
                0x00008954                MQTTPublish
 .text.MQTTDisconnect
                0x00008a98       0x7c ./src/Internet/MQTT/MQTTClient.o
                0x00008a98                MQTTDisconnect
 .text.w5x00_disconnect
                0x00008b14        0xc ./src/Internet/MQTT/mqtt_interface.o
                0x00008b14                w5x00_disconnect
 .text.w5x00_read
                0x00008b20       0x34 ./src/Internet/MQTT/mqtt_interface.o
                0x00008b20                w5x00_read
 .text.w5x00_write
                0x00008b54       0x28 ./src/Internet/MQTT/mqtt_interface.o
                0x00008b54                w5x00_write
 .text.MilliTimer_Handler
                0x00008b7c       0x10 ./src/Internet/MQTT/mqtt_interface.o
                0x00008b7c                MilliTimer_Handler
 .text.TimerInit
                0x00008b8c        0x8 ./src/Internet/MQTT/mqtt_interface.o
                0x00008b8c                TimerInit
 .text.TimerIsExpired
                0x00008b94       0x10 ./src/Internet/MQTT/mqtt_interface.o
                0x00008b94                TimerIsExpired
 .text.TimerCountdownMS
                0x00008ba4       0x10 ./src/Internet/MQTT/mqtt_interface.o
                0x00008ba4                TimerCountdownMS
 .text.TimerCountdown
                0x00008bb4       0x14 ./src/Internet/MQTT/mqtt_interface.o
                0x00008bb4                TimerCountdown
 .text.TimerLeftMS
                0x00008bc8       0x14 ./src/Internet/MQTT/mqtt_interface.o
                0x00008bc8                TimerLeftMS
 .text.NewNetwork
                0x00008bdc       0x1c ./src/Internet/MQTT/mqtt_interface.o
                0x00008bdc                NewNetwork
 .text.InitNetwork
                0x00008bf8       0x14 ./src/Internet/MQTT/mqtt_interface.o
                0x00008bf8                InitNetwork
 .text.ConnectNetwork
                0x00008c0c        0xc ./src/Internet/MQTT/mqtt_interface.o
                0x00008c0c                ConnectNetwork
 .text.parseDNSMSG
                0x00008c18      0x8c4 ./src/Internet/DNS/dns.o
                0x00008c18                parseDNSMSG
 .text.DNS_init
                0x000094dc       0x20 ./src/Internet/DNS/dns.o
                0x000094dc                DNS_init
 .text.DNS_run  0x000094fc      0x194 ./src/Internet/DNS/dns.o
                0x000094fc                DNS_run
 .text.DNS_time_handler
                0x00009690       0x10 ./src/Internet/DNS/dns.o
                0x00009690                DNS_time_handler
 .text.default_ip_assign
                0x000096a0       0x34 ./src/Internet/DHCP/dhcp.o
                0x000096a0                default_ip_assign
 .text.default_ip_conflict
                0x000096d4       0x24 ./src/Internet/DHCP/dhcp.o
                0x000096d4                default_ip_conflict
 .text.default_ip_update
                0x000096f8       0x54 ./src/Internet/DHCP/dhcp.o
                0x000096f8                default_ip_update
 .text.reg_dhcp_cbfunc
                0x0000974c       0x40 ./src/Internet/DHCP/dhcp.o
                0x0000974c                reg_dhcp_cbfunc
 .text.makeDHCPMSG
                0x0000978c       0xd4 ./src/Internet/DHCP/dhcp.o
                0x0000978c                makeDHCPMSG
 .text.send_DHCP_DISCOVER
                0x00009860      0x1e0 ./src/Internet/DHCP/dhcp.o
                0x00009860                send_DHCP_DISCOVER
 .text.send_DHCP_REQUEST
                0x00009a40      0x3f0 ./src/Internet/DHCP/dhcp.o
                0x00009a40                send_DHCP_REQUEST
 .text.send_DHCP_DECLINE
                0x00009e30      0x110 ./src/Internet/DHCP/dhcp.o
                0x00009e30                send_DHCP_DECLINE
 .text.DHCP_run
                0x00009f40      0x434 ./src/Internet/DHCP/dhcp.o
                0x00009f40                DHCP_run
 .text.DHCP_init
                0x0000a374       0xbc ./src/Internet/DHCP/dhcp.o
                0x0000a374                DHCP_init
 .text.DHCP_time_handler
                0x0000a430       0x10 ./src/Internet/DHCP/dhcp.o
                0x0000a430                DHCP_time_handler
 .text.getIPfromDHCP
                0x0000a440       0x18 ./src/Internet/DHCP/dhcp.o
                0x0000a440                getIPfromDHCP
 .text.getGWfromDHCP
                0x0000a458       0x18 ./src/Internet/DHCP/dhcp.o
                0x0000a458                getGWfromDHCP
 .text.getSNfromDHCP
                0x0000a470       0x18 ./src/Internet/DHCP/dhcp.o
                0x0000a470                getSNfromDHCP
 .text.getDNSfromDHCP
                0x0000a488       0x18 ./src/Internet/DHCP/dhcp.o
                0x0000a488                getDNSfromDHCP
 .text.WIZCHIP_READ
                0x0000a4a0       0x60 ./src/Ethernet/W5500/w5500.o
                0x0000a4a0                WIZCHIP_READ
 .text.WIZCHIP_WRITE
                0x0000a500       0x60 ./src/Ethernet/W5500/w5500.o
                0x0000a500                WIZCHIP_WRITE
 .text.WIZCHIP_READ_BUF
                0x0000a560       0x7c ./src/Ethernet/W5500/w5500.o
                0x0000a560                WIZCHIP_READ_BUF
 .text.WIZCHIP_WRITE_BUF
                0x0000a5dc       0x84 ./src/Ethernet/W5500/w5500.o
                0x0000a5dc                WIZCHIP_WRITE_BUF
 .text.getSn_TX_FSR
                0x0000a660       0x50 ./src/Ethernet/W5500/w5500.o
                0x0000a660                getSn_TX_FSR
 .text.getSn_RX_RSR
                0x0000a6b0       0x50 ./src/Ethernet/W5500/w5500.o
                0x0000a6b0                getSn_RX_RSR
 .text.wiz_send_data
                0x0000a700       0x70 ./src/Ethernet/W5500/w5500.o
                0x0000a700                wiz_send_data
 .text.wiz_recv_data
                0x0000a770       0x70 ./src/Ethernet/W5500/w5500.o
                0x0000a770                wiz_recv_data
 .text.wiz_recv_ignore
                0x0000a7e0       0x3c ./src/Ethernet/W5500/w5500.o
                0x0000a7e0                wiz_recv_ignore
 .text.socket   0x0000a81c      0x1d0 ./src/Ethernet/socket.o
                0x0000a81c                socket
 .text.close    0x0000a9ec       0x7c ./src/Ethernet/socket.o
                0x0000a9ec                close
 .text.listen   0x0000aa68       0xc8 ./src/Ethernet/socket.o
                0x0000aa68                listen
 .text.connect  0x0000ab30       0xf8 ./src/Ethernet/socket.o
                0x0000ab30                connect
 .text.disconnect
                0x0000ac28       0xfc ./src/Ethernet/socket.o
                0x0000ac28                disconnect
 .text.send     0x0000ad24      0x1e8 ./src/Ethernet/socket.o
                0x0000ad24                send
 .text.recv     0x0000af0c      0x1cc ./src/Ethernet/socket.o
                0x0000af0c                recv
 .text.sendto   0x0000b0d8      0x164 ./src/Ethernet/socket.o
                0x0000b0d8                sendto
 .text.recvfrom
                0x0000b23c      0x204 ./src/Ethernet/socket.o
                0x0000b23c                recvfrom
 .text.ctlsocket
                0x0000b440       0xcc ./src/Ethernet/socket.o
                0x0000b440                ctlsocket
 .text.getsockopt
                0x0000b50c      0x144 ./src/Ethernet/socket.o
                0x0000b50c                getsockopt
 .text.wizchip_cris_enter
                0x0000b650        0x4 ./src/Ethernet/wizchip_conf.o
                0x0000b650                wizchip_cris_enter
 .text.wizchip_cris_exit
                0x0000b654        0x4 ./src/Ethernet/wizchip_conf.o
                0x0000b654                wizchip_cris_exit
 .text.wizchip_cs_select
                0x0000b658        0x4 ./src/Ethernet/wizchip_conf.o
                0x0000b658                wizchip_cs_select
 .text.wizchip_cs_deselect
                0x0000b65c        0x4 ./src/Ethernet/wizchip_conf.o
                0x0000b65c                wizchip_cs_deselect
 .text.wizchip_bus_readdata
                0x0000b660        0x8 ./src/Ethernet/wizchip_conf.o
                0x0000b660                wizchip_bus_readdata
 .text.wizchip_bus_writedata
                0x0000b668        0x4 ./src/Ethernet/wizchip_conf.o
                0x0000b668                wizchip_bus_writedata
 .text.wizchip_spi_readbyte
                0x0000b66c        0x4 ./src/Ethernet/wizchip_conf.o
                0x0000b66c                wizchip_spi_readbyte
 .text.wizchip_spi_writebyte
                0x0000b670        0x4 ./src/Ethernet/wizchip_conf.o
                0x0000b670                wizchip_spi_writebyte
 .text.wizchip_spi_readburst
                0x0000b674        0x4 ./src/Ethernet/wizchip_conf.o
                0x0000b674                wizchip_spi_readburst
 .text.wizchip_spi_writeburst
                0x0000b678        0x4 ./src/Ethernet/wizchip_conf.o
                0x0000b678                wizchip_spi_writeburst
 .text.reg_wizchip_cs_cbfunc
                0x0000b67c       0x24 ./src/Ethernet/wizchip_conf.o
                0x0000b67c                reg_wizchip_cs_cbfunc
 .text.reg_wizchip_spi_cbfunc
                0x0000b6a0       0x2c ./src/Ethernet/wizchip_conf.o
                0x0000b6a0                reg_wizchip_spi_cbfunc
 .text.reg_wizchip_spiburst_cbfunc
                0x0000b6cc       0x2c ./src/Ethernet/wizchip_conf.o
                0x0000b6cc                reg_wizchip_spiburst_cbfunc
 .text.ctlnetwork
                0x0000b6f8      0x134 ./src/Ethernet/wizchip_conf.o
                0x0000b6f8                ctlnetwork
 .text.wizchip_init
                0x0000b82c      0x17c ./src/Ethernet/wizchip_conf.o
                0x0000b82c                wizchip_init
 .text.ctlwizchip
                0x0000b9a8      0x340 ./src/Ethernet/wizchip_conf.o
                0x0000b9a8                ctlwizchip
 .text.get_S2E_Packet_pointer
                0x0000bce8        0x8 ./src/Configuration/ConfigData.o
                0x0000bce8                get_S2E_Packet_pointer
 .text.set_S2E_Packet_to_factory_value
                0x0000bcf0      0x1ac ./src/Configuration/ConfigData.o
                0x0000bcf0                set_S2E_Packet_to_factory_value
 .text.load_S2E_Packet_from_eeprom
                0x0000be9c       0x38 ./src/Configuration/ConfigData.o
                0x0000be9c                load_S2E_Packet_from_eeprom
 .text.save_S2E_Packet_to_eeprom
                0x0000bed4       0x20 ./src/Configuration/ConfigData.o
                0x0000bed4                save_S2E_Packet_to_eeprom
 .text.get_S2E_Packet_value
                0x0000bef4        0x8 ./src/Configuration/ConfigData.o
                0x0000bef4                get_S2E_Packet_value
 .text.set_S2E_Packet_value
                0x0000befc        0x8 ./src/Configuration/ConfigData.o
                0x0000befc                set_S2E_Packet_value
 .text.set_S2E_Packet
                0x0000bf04       0x5c ./src/Configuration/ConfigData.o
                0x0000bf04                set_S2E_Packet
 .text.get_S2E_Packet
                0x0000bf60       0x5c ./src/Configuration/ConfigData.o
                0x0000bf60                get_S2E_Packet
 .text.Mac_Conf
                0x0000bfbc       0x18 ./src/Configuration/ConfigData.o
                0x0000bfbc                Mac_Conf
 .text.Net_Conf
                0x0000bfd4       0x6c ./src/Configuration/ConfigData.o
                0x0000bfd4                Net_Conf
 .text.set_mac  0x0000c040       0x14 ./src/Configuration/ConfigData.o
                0x0000c040                set_mac
 .text.unlikely.NVIC_SystemReset
                0x0000c054       0x18 ./src/Configuration/ConfigMessage.o
 .text.process_get_info
                0x0000c06c      0x194 ./src/Configuration/ConfigMessage.o
 .text.process_set_info
                0x0000c200      0x1b4 ./src/Configuration/ConfigMessage.o
 .text.do_udp_config
                0x0000c3b4      0x730 ./src/Configuration/ConfigMessage.o
                0x0000c3b4                do_udp_config
 .text.sockwatch_open
                0x0000cae4       0x20 ./src/ATcmd/library/sockutil.o
                0x0000cae4                sockwatch_open
 .text.sockwatch_set
                0x0000cb04       0x1c ./src/ATcmd/library/sockutil.o
                0x0000cb04                sockwatch_set
 .text.sockwatch_clr
                0x0000cb20       0x1c ./src/ATcmd/library/sockutil.o
                0x0000cb20                sockwatch_clr
 .text.sockwatch_run
                0x0000cb3c      0x280 ./src/ATcmd/library/sockutil.o
                0x0000cb3c                sockwatch_run
 .text.ip_check
                0x0000cdbc       0xb8 ./src/ATcmd/library/sockutil.o
                0x0000cdbc                ip_check
 .text.port_check
                0x0000ce74       0x34 ./src/ATcmd/library/sockutil.o
                0x0000ce74                port_check
 .text.mac_check
                0x0000cea8       0xb8 ./src/ATcmd/library/sockutil.o
                0x0000cea8                mac_check
 .text.digit_length
                0x0000cf60       0x3c ./src/ATcmd/library/util.o
                0x0000cf60                digit_length
 .text.str_check
                0x0000cf9c       0x30 ./src/ATcmd/library/util.o
                0x0000cf9c                str_check
 .text.strsep   0x0000cfcc       0x3c ./src/ATcmd/library/util.o
                0x0000cfcc                strsep
 .text.cmd_resp.constprop.5
                0x0000d008      0x378 ./src/ATcmd/atcmd.o
 .text.hdl_nauto
                0x0000d380       0x2c ./src/ATcmd/atcmd.o
 .text.hdl_estat
                0x0000d3ac       0x2c ./src/ATcmd/atcmd.o
 .text.cmd_resp.constprop.6
                0x0000d3d8      0x378 ./src/ATcmd/atcmd.o
 .text.hdl_fdns
                0x0000d750       0xa8 ./src/ATcmd/atcmd.o
 .text.hdl_msave
                0x0000d7f8       0x58 ./src/ATcmd/atcmd.o
 .text.cmd_resp.constprop.7
                0x0000d850      0x378 ./src/ATcmd/atcmd.o
 .text.hdl_nopen
                0x0000dbc8      0x32c ./src/ATcmd/atcmd.o
 .text.hdl_mmode
                0x0000def4      0x208 ./src/ATcmd/atcmd.o
 .text.atc_init
                0x0000e0fc       0x5c ./src/ATcmd/atcmd.o
                0x0000e0fc                atc_init
 .text.cmd_resp_dump
                0x0000e158       0x60 ./src/ATcmd/atcmd.o
                0x0000e158                cmd_resp_dump
 .text.cmd_resp
                0x0000e1b8      0x544 ./src/ATcmd/atcmd.o
                0x0000e1b8                cmd_resp
 .text.hdl_mqttsub
                0x0000e6fc      0x268 ./src/ATcmd/atcmd.o
 .text.hdl_mqttpub
                0x0000e964      0x24c ./src/ATcmd/atcmd.o
 .text.hdl_mqttcon
                0x0000ebb0      0x1f4 ./src/ATcmd/atcmd.o
 .text.hdl_mqttset
                0x0000eda4      0x294 ./src/ATcmd/atcmd.o
 .text.hdl_mname
                0x0000f038      0x170 ./src/ATcmd/atcmd.o
 .text.hdl_mpass
                0x0000f1a8      0x1d8 ./src/ATcmd/atcmd.o
 .text.hdl_mrst
                0x0000f380       0x64 ./src/ATcmd/atcmd.o
 .text.hdl_mdata
                0x0000f3e4      0x10c ./src/ATcmd/atcmd.o
 .text.hdl_musart
                0x0000f4f0      0x62c ./src/ATcmd/atcmd.o
 .text.hdl_mstat
                0x0000fb1c      0x10c ./src/ATcmd/atcmd.o
 .text.hdl_mset
                0x0000fc28      0x33c ./src/ATcmd/atcmd.o
 .text.hdl_nsock
                0x0000ff64      0x15c ./src/ATcmd/atcmd.o
 .text.hdl_nsend
                0x000100c0      0x2ac ./src/ATcmd/atcmd.o
 .text.hdl_nclose
                0x0001036c      0x124 ./src/ATcmd/atcmd.o
 .text.hdl_nmac
                0x00010490      0x174 ./src/ATcmd/atcmd.o
 .text.hdl_nstat
                0x00010604      0x114 ./src/ATcmd/atcmd.o
 .text.hdl_nset
                0x00010718      0x55c ./src/ATcmd/atcmd.o
 .text.atc_run  0x00010c74      0x6e4 ./src/ATcmd/atcmd.o
                0x00010c74                atc_run
 .text.sock_put
                0x00011358       0x3c ./src/ATcmd/cmdrun.o
 .text.actModeSubscribe
                0x00011394       0x9c ./src/ATcmd/cmdrun.o
 .text.act_nset_q
                0x00011430      0x178 ./src/ATcmd/cmdrun.o
                0x00011430                act_nset_q
 .text.act_nset_a
                0x000115a8       0xd4 ./src/ATcmd/cmdrun.o
                0x000115a8                act_nset_a
 .text.act_nstat
                0x0001167c      0x178 ./src/ATcmd/cmdrun.o
                0x0001167c                act_nstat
 .text.act_nmac_q
                0x000117f4       0x50 ./src/ATcmd/cmdrun.o
                0x000117f4                act_nmac_q
 .text.act_nmac_a
                0x00011844       0x48 ./src/ATcmd/cmdrun.o
                0x00011844                act_nmac_a
 .text.act_nopen_q
                0x0001188c       0x10 ./src/ATcmd/cmdrun.o
                0x0001188c                act_nopen_q
 .text.act_nopen_a
                0x0001189c      0x2c4 ./src/ATcmd/cmdrun.o
                0x0001189c                act_nopen_a
 .text.act_nclose
                0x00011b60       0xc4 ./src/ATcmd/cmdrun.o
                0x00011b60                act_nclose
 .text.act_nsend_chk
                0x00011c24      0x15c ./src/ATcmd/cmdrun.o
                0x00011c24                act_nsend_chk
 .text.act_nsend
                0x00011d80      0x148 ./src/ATcmd/cmdrun.o
                0x00011d80                act_nsend
 .text.act_nrecv
                0x00011ec8      0x1cc ./src/ATcmd/cmdrun.o
                0x00011ec8                act_nrecv
 .text.atc_async_cb
                0x00012094      0x188 ./src/ATcmd/cmdrun.o
                0x00012094                atc_async_cb
 .text.act_nsock
                0x0001221c      0x320 ./src/ATcmd/cmdrun.o
                0x0001221c                act_nsock
 .text.act_mset_q
                0x0001253c        0x4 ./src/ATcmd/cmdrun.o
                0x0001253c                act_mset_q
 .text.act_mset_a
                0x00012540        0x4 ./src/ATcmd/cmdrun.o
                0x00012540                act_mset_a
 .text.act_mstat
                0x00012544       0x34 ./src/ATcmd/cmdrun.o
                0x00012544                act_mstat
 .text.act_uart_q
                0x00012578      0x130 ./src/ATcmd/cmdrun.o
                0x00012578                act_uart_q
 .text.act_uart_a
                0x000126a8       0x30 ./src/ATcmd/cmdrun.o
                0x000126a8                act_uart_a
 .text.act_mdata
                0x000126d8       0x98 ./src/ATcmd/cmdrun.o
                0x000126d8                act_mdata
 .text.act_msave
                0x00012770       0x14 ./src/ATcmd/cmdrun.o
                0x00012770                act_msave
 .text.act_mmode_q
                0x00012784       0xe8 ./src/ATcmd/cmdrun.o
                0x00012784                act_mmode_q
 .text.act_mmode_a
                0x0001286c       0x84 ./src/ATcmd/cmdrun.o
                0x0001286c                act_mmode_a
 .text.act_mpass_q
                0x000128f0       0xc8 ./src/ATcmd/cmdrun.o
                0x000128f0                act_mpass_q
 .text.act_mpass_a
                0x000129b8       0x5c ./src/ATcmd/cmdrun.o
                0x000129b8                act_mpass_a
 .text.act_mname_q
                0x00012a14       0x74 ./src/ATcmd/cmdrun.o
                0x00012a14                act_mname_q
 .text.act_mname_a
                0x00012a88       0x30 ./src/ATcmd/cmdrun.o
                0x00012a88                act_mname_a
 .text.act_fdns
                0x00012ab8       0xc0 ./src/ATcmd/cmdrun.o
                0x00012ab8                act_fdns
 .text.act_mqttset_q
                0x00012b78      0x118 ./src/ATcmd/cmdrun.o
                0x00012b78                act_mqttset_q
 .text.act_mqttset_a
                0x00012c90       0x84 ./src/ATcmd/cmdrun.o
                0x00012c90                act_mqttset_a
 .text.act_mqttcon_q
                0x00012d14       0x10 ./src/ATcmd/cmdrun.o
                0x00012d14                act_mqttcon_q
 .text.act_mqttcon_a
                0x00012d24      0x114 ./src/ATcmd/cmdrun.o
                0x00012d24                act_mqttcon_a
 .text.act_mqtt_sub
                0x00012e38       0x64 ./src/ATcmd/cmdrun.o
                0x00012e38                act_mqtt_sub
 .text.__aeabi_idiv
                0x00012e9c       0x10 ./src/aeabi_romdiv_patch.o
                0x00012e9c                __aeabi_idivmod
                0x00012e9c                __aeabi_idiv
 .text.__aeabi_uidiv
                0x00012eac       0x10 ./src/aeabi_romdiv_patch.o
                0x00012eac                __aeabi_uidivmod
                0x00012eac                __aeabi_uidiv
 .text.startup.main
                0x00012ebc      0x230 ./src/main.o
                0x00012ebc                main
 .text.SystemInit
                0x000130ec        0x8 ./src/sysinit.o
                0x000130ec                SystemInit
 .text.Board_UARTPutChar
                0x000130f4       0x18 D:\Austin\Workspace\LPCXpresso_7_5_0_254\wiznet_s2e_wiz550s2e_board\Release\libwiznet_s2e_wiz550s2e_board.a(board.o)
                0x000130f4                Board_UARTPutChar
 .text.__sys_write
                0x0001310c       0x1a D:\Austin\Workspace\LPCXpresso_7_5_0_254\wiznet_s2e_wiz550s2e_board\Release\libwiznet_s2e_wiz550s2e_board.a(board.o)
                0x0001310c                __sys_write
 *fill*         0x00013126        0x2 
 .text.Board_Debug_Init
                0x00013128       0x44 D:\Austin\Workspace\LPCXpresso_7_5_0_254\wiznet_s2e_wiz550s2e_board\Release\libwiznet_s2e_wiz550s2e_board.a(board.o)
                0x00013128                Board_Debug_Init
 .text.Board_LED_Set
                0x0001316c       0x24 D:\Austin\Workspace\LPCXpresso_7_5_0_254\wiznet_s2e_wiz550s2e_board\Release\libwiznet_s2e_wiz550s2e_board.a(board.o)
                0x0001316c                Board_LED_Set
 .text.Board_LED_Toggle
                0x00013190       0x28 D:\Austin\Workspace\LPCXpresso_7_5_0_254\wiznet_s2e_wiz550s2e_board\Release\libwiznet_s2e_wiz550s2e_board.a(board.o)
                0x00013190                Board_LED_Toggle
 .text.FLEX_INT0_IRQHandler
                0x000131b8       0x1c D:\Austin\Workspace\LPCXpresso_7_5_0_254\wiznet_s2e_wiz550s2e_board\Release\libwiznet_s2e_wiz550s2e_board.a(board.o)
                0x000131b8                FLEX_INT0_IRQHandler
 .text.Board_factory_get
                0x000131d4        0xe D:\Austin\Workspace\LPCXpresso_7_5_0_254\wiznet_s2e_wiz550s2e_board\Release\libwiznet_s2e_wiz550s2e_board.a(board.o)
                0x000131d4                Board_factory_get
 *fill*         0x000131e2        0x2 
 .text.Board_factory_Init
                0x000131e4       0x60 D:\Austin\Workspace\LPCXpresso_7_5_0_254\wiznet_s2e_wiz550s2e_board\Release\libwiznet_s2e_wiz550s2e_board.a(board.o)
                0x000131e4                Board_factory_Init
 .text.Board_Init
                0x00013244       0x5c D:\Austin\Workspace\LPCXpresso_7_5_0_254\wiznet_s2e_wiz550s2e_board\Release\libwiznet_s2e_wiz550s2e_board.a(board.o)
                0x00013244                Board_Init
 .text.Board_SystemInit
                0x000132a0       0x9c D:\Austin\Workspace\LPCXpresso_7_5_0_254\wiznet_s2e_wiz550s2e_board\Release\libwiznet_s2e_wiz550s2e_board.a(board_sysinit.o)
                0x000132a0                Board_SystemInit
 .text.SystemCoreClockUpdate
                0x0001333c       0x10 D:\Austin\Workspace\LPCXpresso_7_5_0_254\lpc_chip_11exx\Release\liblpc_chip_11exx.a(chip_11xx.o)
                0x0001333c                SystemCoreClockUpdate
 .text.Chip_Clock_SetSystemPLLSource
                0x0001334c       0x14 D:\Austin\Workspace\LPCXpresso_7_5_0_254\lpc_chip_11exx\Release\liblpc_chip_11exx.a(clock_11xx.o)
                0x0001334c                Chip_Clock_SetSystemPLLSource
 .text.Chip_Clock_SetMainClockSource
                0x00013360       0x14 D:\Austin\Workspace\LPCXpresso_7_5_0_254\lpc_chip_11exx\Release\liblpc_chip_11exx.a(clock_11xx.o)
                0x00013360                Chip_Clock_SetMainClockSource
 .text.Chip_Clock_SetWDTClockSource
                0x00013374       0x1c D:\Austin\Workspace\LPCXpresso_7_5_0_254\lpc_chip_11exx\Release\liblpc_chip_11exx.a(clock_11xx.o)
                0x00013374                Chip_Clock_SetWDTClockSource
 .text.Chip_Clock_GetWDTOSCRate
                0x00013390       0x28 D:\Austin\Workspace\LPCXpresso_7_5_0_254\lpc_chip_11exx\Release\liblpc_chip_11exx.a(clock_11xx.o)
                0x00013390                Chip_Clock_GetWDTOSCRate
 .text.Chip_Clock_GetSystemPLLInClockRate
                0x000133b8       0x28 D:\Austin\Workspace\LPCXpresso_7_5_0_254\lpc_chip_11exx\Release\liblpc_chip_11exx.a(clock_11xx.o)
                0x000133b8                Chip_Clock_GetSystemPLLInClockRate
 .text.Chip_Clock_GetSystemPLLOutClockRate
                0x000133e0       0x18 D:\Austin\Workspace\LPCXpresso_7_5_0_254\lpc_chip_11exx\Release\liblpc_chip_11exx.a(clock_11xx.o)
                0x000133e0                Chip_Clock_GetSystemPLLOutClockRate
 .text.Chip_Clock_GetMainClockRate
                0x000133f8       0x34 D:\Austin\Workspace\LPCXpresso_7_5_0_254\lpc_chip_11exx\Release\liblpc_chip_11exx.a(clock_11xx.o)
                0x000133f8                Chip_Clock_GetMainClockRate
 .text.Chip_Clock_GetSystemClockRate
                0x0001342c       0x14 D:\Austin\Workspace\LPCXpresso_7_5_0_254\lpc_chip_11exx\Release\liblpc_chip_11exx.a(clock_11xx.o)
                0x0001342c                Chip_Clock_GetSystemClockRate
 .text.Chip_GPIO_Init
                0x00013440       0x10 D:\Austin\Workspace\LPCXpresso_7_5_0_254\lpc_chip_11exx\Release\liblpc_chip_11exx.a(gpio_11xx_1.o)
                0x00013440                Chip_GPIO_Init
 .text.Chip_IOCON_PinMuxSet
                0x00013450        0xc D:\Austin\Workspace\LPCXpresso_7_5_0_254\lpc_chip_11exx\Release\liblpc_chip_11exx.a(iocon_11xx.o)
                0x00013450                Chip_IOCON_PinMuxSet
 .text.RingBuffer_Init
                0x0001345c       0x10 D:\Austin\Workspace\LPCXpresso_7_5_0_254\lpc_chip_11exx\Release\liblpc_chip_11exx.a(ring_buffer.o)
                0x0001345c                RingBuffer_Init
 .text.RingBuffer_Insert
                0x0001346c       0x2e D:\Austin\Workspace\LPCXpresso_7_5_0_254\lpc_chip_11exx\Release\liblpc_chip_11exx.a(ring_buffer.o)
                0x0001346c                RingBuffer_Insert
 .text.RingBuffer_InsertMult
                0x0001349a       0x7c D:\Austin\Workspace\LPCXpresso_7_5_0_254\lpc_chip_11exx\Release\liblpc_chip_11exx.a(ring_buffer.o)
                0x0001349a                RingBuffer_InsertMult
 .text.RingBuffer_Pop
                0x00013516       0x30 D:\Austin\Workspace\LPCXpresso_7_5_0_254\lpc_chip_11exx\Release\liblpc_chip_11exx.a(ring_buffer.o)
                0x00013516                RingBuffer_Pop
 .text.RingBuffer_PopMult
                0x00013546       0x78 D:\Austin\Workspace\LPCXpresso_7_5_0_254\lpc_chip_11exx\Release\liblpc_chip_11exx.a(ring_buffer.o)
                0x00013546                RingBuffer_PopMult
 *fill*         0x000135be        0x2 
 .text.Chip_SSP_SetClockRate
                0x000135c0       0x18 D:\Austin\Workspace\LPCXpresso_7_5_0_254\lpc_chip_11exx\Release\liblpc_chip_11exx.a(ssp_11xx.o)
                0x000135c0                Chip_SSP_SetClockRate
 .text.Chip_SSP_WriteFrames_Blocking
                0x000135d8       0x8c D:\Austin\Workspace\LPCXpresso_7_5_0_254\lpc_chip_11exx\Release\liblpc_chip_11exx.a(ssp_11xx.o)
                0x000135d8                Chip_SSP_WriteFrames_Blocking
 .text.Chip_SSP_ReadFrames_Blocking
                0x00013664       0xb8 D:\Austin\Workspace\LPCXpresso_7_5_0_254\lpc_chip_11exx\Release\liblpc_chip_11exx.a(ssp_11xx.o)
                0x00013664                Chip_SSP_ReadFrames_Blocking
 .text.Chip_SSP_SetMaster
                0x0001371c       0x14 D:\Austin\Workspace\LPCXpresso_7_5_0_254\lpc_chip_11exx\Release\liblpc_chip_11exx.a(ssp_11xx.o)
                0x0001371c                Chip_SSP_SetMaster
 .text.Chip_SSP_SetBitRate
                0x00013730       0x64 D:\Austin\Workspace\LPCXpresso_7_5_0_254\lpc_chip_11exx\Release\liblpc_chip_11exx.a(ssp_11xx.o)
                0x00013730                Chip_SSP_SetBitRate
 .text.Chip_SSP_Init
                0x00013794       0x78 D:\Austin\Workspace\LPCXpresso_7_5_0_254\lpc_chip_11exx\Release\liblpc_chip_11exx.a(ssp_11xx.o)
                0x00013794                Chip_SSP_Init
 .text.Chip_SYSCTL_PowerDown
                0x0001380c       0x1c D:\Austin\Workspace\LPCXpresso_7_5_0_254\lpc_chip_11exx\Release\liblpc_chip_11exx.a(sysctl_11xx.o)
                0x0001380c                Chip_SYSCTL_PowerDown
 .text.Chip_SYSCTL_PowerUp
                0x00013828       0x24 D:\Austin\Workspace\LPCXpresso_7_5_0_254\lpc_chip_11exx\Release\liblpc_chip_11exx.a(sysctl_11xx.o)
                0x00013828                Chip_SYSCTL_PowerUp
 .text.Chip_TIMER_Init
                0x0001384c       0x40 D:\Austin\Workspace\LPCXpresso_7_5_0_254\lpc_chip_11exx\Release\liblpc_chip_11exx.a(timer_11xx.o)
                0x0001384c                Chip_TIMER_Init
 .text.Chip_TIMER_Reset
                0x0001388c       0x18 D:\Austin\Workspace\LPCXpresso_7_5_0_254\lpc_chip_11exx\Release\liblpc_chip_11exx.a(timer_11xx.o)
                0x0001388c                Chip_TIMER_Reset
 .text.Chip_UART_Init
                0x000138a4       0x28 D:\Austin\Workspace\LPCXpresso_7_5_0_254\lpc_chip_11exx\Release\liblpc_chip_11exx.a(uart_11xx.o)
                0x000138a4                Chip_UART_Init
 .text.Chip_UART_Send
                0x000138cc       0x1a D:\Austin\Workspace\LPCXpresso_7_5_0_254\lpc_chip_11exx\Release\liblpc_chip_11exx.a(uart_11xx.o)
                0x000138cc                Chip_UART_Send
 .text.Chip_UART_SendBlocking
                0x000138e6       0x24 D:\Austin\Workspace\LPCXpresso_7_5_0_254\lpc_chip_11exx\Release\liblpc_chip_11exx.a(uart_11xx.o)
                0x000138e6                Chip_UART_SendBlocking
 .text.Chip_UART_SetBaud
                0x0001390a       0x38 D:\Austin\Workspace\LPCXpresso_7_5_0_254\lpc_chip_11exx\Release\liblpc_chip_11exx.a(uart_11xx.o)
                0x0001390a                Chip_UART_SetBaud
 .text.Chip_UART_RXIntHandlerRB
                0x00013942       0x1e D:\Austin\Workspace\LPCXpresso_7_5_0_254\lpc_chip_11exx\Release\liblpc_chip_11exx.a(uart_11xx.o)
                0x00013942                Chip_UART_RXIntHandlerRB
 .text.Chip_UART_TXIntHandlerRB
                0x00013960       0x24 D:\Austin\Workspace\LPCXpresso_7_5_0_254\lpc_chip_11exx\Release\liblpc_chip_11exx.a(uart_11xx.o)
                0x00013960                Chip_UART_TXIntHandlerRB
 .text.Chip_UART_SendRB
                0x00013984       0x3e D:\Austin\Workspace\LPCXpresso_7_5_0_254\lpc_chip_11exx\Release\liblpc_chip_11exx.a(uart_11xx.o)
                0x00013984                Chip_UART_SendRB
 .text.Chip_UART_ReadRB
                0x000139c2        0xe D:\Austin\Workspace\LPCXpresso_7_5_0_254\lpc_chip_11exx\Release\liblpc_chip_11exx.a(uart_11xx.o)
                0x000139c2                Chip_UART_ReadRB
 .text.Chip_UART_IRQRBHandler
                0x000139d0       0x2e D:\Austin\Workspace\LPCXpresso_7_5_0_254\lpc_chip_11exx\Release\liblpc_chip_11exx.a(uart_11xx.o)
                0x000139d0                Chip_UART_IRQRBHandler
 *fill*         0x000139fe        0x2 
 .text.Chip_WWDT_Init
                0x00013a00       0x2c D:\Austin\Workspace\LPCXpresso_7_5_0_254\lpc_chip_11exx\Release\liblpc_chip_11exx.a(wwdt_11xx.o)
                0x00013a00                Chip_WWDT_Init
 .text.Chip_WWDT_ClearStatusFlag
                0x00013a2c       0x1a D:\Austin\Workspace\LPCXpresso_7_5_0_254\lpc_chip_11exx\Release\liblpc_chip_11exx.a(wwdt_11xx.o)
                0x00013a2c                Chip_WWDT_ClearStatusFlag
 .text.__main   0x00013a46       0x12 c:/nxp/lpcxpresso_7.5.0_254/lpcxpresso/tools/bin/../lib/gcc/arm-none-eabi/4.8.4/../../../../arm-none-eabi/lib/armv6-m\libcr_nohost.a(_cr__main.o)
                0x00013a46                __main
 .text.memcpy   0x00013a58        0x8 c:/nxp/lpcxpresso_7.5.0_254/lpcxpresso/tools/bin/../lib/gcc/arm-none-eabi/4.8.4/../../../../arm-none-eabi/lib/armv6-m\libcr_c.a(memcpy.o)
                0x00013a58                memcpy
 .text.memset   0x00013a60        0x8 c:/nxp/lpcxpresso_7.5.0_254/lpcxpresso/tools/bin/../lib/gcc/arm-none-eabi/4.8.4/../../../../arm-none-eabi/lib/armv6-m\libcr_c.a(memset.o)
                0x00013a60                memset
 .text.malloc   0x00013a68       0xc4 c:/nxp/lpcxpresso_7.5.0_254/lpcxpresso/tools/bin/../lib/gcc/arm-none-eabi/4.8.4/../../../../arm-none-eabi/lib/armv6-m\libcr_c.a(alloc.o)
                0x00013a68                malloc
 .text.free     0x00013b2c        0xe c:/nxp/lpcxpresso_7.5.0_254/lpcxpresso/tools/bin/../lib/gcc/arm-none-eabi/4.8.4/../../../../arm-none-eabi/lib/armv6-m\libcr_c.a(alloc.o)
                0x00013b2c                free
 *fill*         0x00013b3a        0x2 
 .text._Csys_alloc
                0x00013b3c       0x20 c:/nxp/lpcxpresso_7.5.0_254/lpcxpresso/tools/bin/../lib/gcc/arm-none-eabi/4.8.4/../../../../arm-none-eabi/lib/armv6-m\libcr_c.a(alloc.o)
                0x00013b3c                _Csys_alloc
 .text.isalpha  0x00013b5c       0x14 c:/nxp/lpcxpresso_7.5.0_254/lpcxpresso/tools/bin/../lib/gcc/arm-none-eabi/4.8.4/../../../../arm-none-eabi/lib/armv6-m\libcr_c.a(ctype.o)
                0x00013b5c                isalpha
 .text.isdigit  0x00013b70       0x14 c:/nxp/lpcxpresso_7.5.0_254/lpcxpresso/tools/bin/../lib/gcc/arm-none-eabi/4.8.4/../../../../arm-none-eabi/lib/armv6-m\libcr_c.a(ctype.o)
                0x00013b70                isdigit
 .text.isxdigit
                0x00013b84       0x14 c:/nxp/lpcxpresso_7.5.0_254/lpcxpresso/tools/bin/../lib/gcc/arm-none-eabi/4.8.4/../../../../arm-none-eabi/lib/armv6-m\libcr_c.a(ctype.o)
                0x00013b84                isxdigit
 .text.toupper  0x00013b98       0x14 c:/nxp/lpcxpresso_7.5.0_254/lpcxpresso/tools/bin/../lib/gcc/arm-none-eabi/4.8.4/../../../../arm-none-eabi/lib/armv6-m\libcr_c.a(ctype.o)
                0x00013b98                toupper
 .text.fp_round
                0x00013bac       0x48 c:/nxp/lpcxpresso_7.5.0_254/lpcxpresso/tools/bin/../lib/gcc/arm-none-eabi/4.8.4/../../../../arm-none-eabi/lib/armv6-m\libcr_c.a(fpprintf.o)
 .text.pr_dec.constprop.1
                0x00013bf4       0x28 c:/nxp/lpcxpresso_7.5.0_254/lpcxpresso/tools/bin/../lib/gcc/arm-none-eabi/4.8.4/../../../../arm-none-eabi/lib/armv6-m\libcr_c.a(fpprintf.o)
 *fill*         0x00013c1c        0x4 
 .text.sprintf  0x00013c20       0x70 c:/nxp/lpcxpresso_7.5.0_254/lpcxpresso/tools/bin/../lib/gcc/arm-none-eabi/4.8.4/../../../../arm-none-eabi/lib/armv6-m\libcr_c.a(fpprintf.o)
                0x00013c20                sprintf
 .text.fp_display
                0x00013c90      0x980 c:/nxp/lpcxpresso_7.5.0_254/lpcxpresso/tools/bin/../lib/gcc/arm-none-eabi/4.8.4/../../../../arm-none-eabi/lib/armv6-m\libcr_c.a(fpprintf.o)
 .text.vsnprintf
                0x00014610       0x5c c:/nxp/lpcxpresso_7.5.0_254/lpcxpresso/tools/bin/../lib/gcc/arm-none-eabi/4.8.4/../../../../arm-none-eabi/lib/armv6-m\libcr_c.a(fpprintf.o)
                0x00014610                vsnprintf
 .text.printf   0x0001466c       0x50 c:/nxp/lpcxpresso_7.5.0_254/lpcxpresso/tools/bin/../lib/gcc/arm-none-eabi/4.8.4/../../../../arm-none-eabi/lib/armv6-m\libcr_c.a(fpprintf.o)
                0x0001466c                printf
 .text._initio  0x000146bc       0xa4 c:/nxp/lpcxpresso_7.5.0_254/lpcxpresso/tools/bin/../lib/gcc/arm-none-eabi/4.8.4/../../../../arm-none-eabi/lib/armv6-m\libcr_c.a(initio.o)
                0x000146bc                _initio
 .text.memcmp   0x00014760       0x3a c:/nxp/lpcxpresso_7.5.0_254/lpcxpresso/tools/bin/../lib/gcc/arm-none-eabi/4.8.4/../../../../arm-none-eabi/lib/armv6-m\libcr_c.a(memcmp.o)
                0x00014760                memcmp
 *fill*         0x0001479a        0x2 
 .text.__vfprintf
                0x0001479c      0xd4c c:/nxp/lpcxpresso_7.5.0_254/lpcxpresso/tools/bin/../lib/gcc/arm-none-eabi/4.8.4/../../../../arm-none-eabi/lib/armv6-m\libcr_c.a(printf.o)
                0x0001479c                __vfprintf
 .text.ch_val   0x000154e8       0x30 c:/nxp/lpcxpresso_7.5.0_254/lpcxpresso/tools/bin/../lib/gcc/arm-none-eabi/4.8.4/../../../../arm-none-eabi/lib/armv6-m\libcr_c.a(scanf.o)
 .text._strtoul
                0x00015518       0xcc c:/nxp/lpcxpresso_7.5.0_254/lpcxpresso/tools/bin/../lib/gcc/arm-none-eabi/4.8.4/../../../../arm-none-eabi/lib/armv6-m\libcr_c.a(scanf.o)
 .text.strtol   0x000155e4       0x80 c:/nxp/lpcxpresso_7.5.0_254/lpcxpresso/tools/bin/../lib/gcc/arm-none-eabi/4.8.4/../../../../arm-none-eabi/lib/armv6-m\libcr_c.a(scanf.o)
                0x000155e4                strtol
 .text.atoi     0x00015664       0x18 c:/nxp/lpcxpresso_7.5.0_254/lpcxpresso/tools/bin/../lib/gcc/arm-none-eabi/4.8.4/../../../../arm-none-eabi/lib/armv6-m\libcr_c.a(scanf.o)
                0x00015664                atoi
 .text.setvbuf  0x0001567c       0x48 c:/nxp/lpcxpresso_7.5.0_254/lpcxpresso/tools/bin/../lib/gcc/arm-none-eabi/4.8.4/../../../../arm-none-eabi/lib/armv6-m\libcr_c.a(setvbuf.o)
                0x0001567c                setvbuf
 .text.strchr   0x000156c4       0x14 c:/nxp/lpcxpresso_7.5.0_254/lpcxpresso/tools/bin/../lib/gcc/arm-none-eabi/4.8.4/../../../../arm-none-eabi/lib/armv6-m\libcr_c.a(strchr.o)
                0x000156c4                strchr
 .text.strcmp   0x000156d8       0x44 c:/nxp/lpcxpresso_7.5.0_254/lpcxpresso/tools/bin/../lib/gcc/arm-none-eabi/4.8.4/../../../../arm-none-eabi/lib/armv6-m\libcr_c.a(strcmp.o)
                0x000156d8                strcmp
 .text.strcpy   0x0001571c       0x44 c:/nxp/lpcxpresso_7.5.0_254/lpcxpresso/tools/bin/../lib/gcc/arm-none-eabi/4.8.4/../../../../arm-none-eabi/lib/armv6-m\libcr_c.a(strcpy.o)
                0x0001571c                strcpy
 .text.strlen   0x00015760       0x54 c:/nxp/lpcxpresso_7.5.0_254/lpcxpresso/tools/bin/../lib/gcc/arm-none-eabi/4.8.4/../../../../arm-none-eabi/lib/armv6-m\libcr_c.a(strlen.o)
                0x00015760                strlen
 .text.strncmp  0x000157b4       0x54 c:/nxp/lpcxpresso_7.5.0_254/lpcxpresso/tools/bin/../lib/gcc/arm-none-eabi/4.8.4/../../../../arm-none-eabi/lib/armv6-m\libcr_c.a(strncmp.o)
                0x000157b4                strncmp
 .text.strncpy  0x00015808       0x58 c:/nxp/lpcxpresso_7.5.0_254/lpcxpresso/tools/bin/../lib/gcc/arm-none-eabi/4.8.4/../../../../arm-none-eabi/lib/armv6-m\libcr_c.a(strncpy.o)
                0x00015808                strncpy
 .text.strtok   0x00015860       0x44 c:/nxp/lpcxpresso_7.5.0_254/lpcxpresso/tools/bin/../lib/gcc/arm-none-eabi/4.8.4/../../../../arm-none-eabi/lib/armv6-m\libcr_c.a(strtok.o)
                0x00015860                strtok
 .text._sbrk    0x000158a4       0x40 c:/nxp/lpcxpresso_7.5.0_254/lpcxpresso/tools/bin/../lib/gcc/arm-none-eabi/4.8.4/../../../../arm-none-eabi/lib/armv6-m\libcr_c.a(_cr_sbrk.o)
                0x000158a4                _sbrk
 .text._deferredlazyseek
                0x000158e4       0x44 c:/nxp/lpcxpresso_7.5.0_254/lpcxpresso/tools/bin/../lib/gcc/arm-none-eabi/4.8.4/../../../../arm-none-eabi/lib/armv6-m\libcr_c.a(_deferredlazyseek.o)
                0x000158e4                _deferredlazyseek
 .text.__flsbuf
                0x00015928      0x154 c:/nxp/lpcxpresso_7.5.0_254/lpcxpresso/tools/bin/../lib/gcc/arm-none-eabi/4.8.4/../../../../arm-none-eabi/lib/armv6-m\libcr_c.a(_deferredlazyseek.o)
                0x00015928                __flsbuf
 .text._fdopen  0x00015a7c       0x68 c:/nxp/lpcxpresso_7.5.0_254/lpcxpresso/tools/bin/../lib/gcc/arm-none-eabi/4.8.4/../../../../arm-none-eabi/lib/armv6-m\libcr_c.a(_fdopen.o)
                0x00015a7c                _fdopen
 .text._fflush  0x00015ae4       0x64 c:/nxp/lpcxpresso_7.5.0_254/lpcxpresso/tools/bin/../lib/gcc/arm-none-eabi/4.8.4/../../../../arm-none-eabi/lib/armv6-m\libcr_c.a(_fflush.o)
                0x00015ae4                _fflush
 .text._frexpl  0x00015b48       0x80 c:/nxp/lpcxpresso_7.5.0_254/lpcxpresso/tools/bin/../lib/gcc/arm-none-eabi/4.8.4/../../../../arm-none-eabi/lib/armv6-m\libcr_c.a(_frexpl.o)
                0x00015b48                _frexpl
 .text._ldexpl  0x00015bc8       0x60 c:/nxp/lpcxpresso_7.5.0_254/lpcxpresso/tools/bin/../lib/gcc/arm-none-eabi/4.8.4/../../../../arm-none-eabi/lib/armv6-m\libcr_c.a(_ldexpl.o)
                0x00015bc8                _ldexpl
 .text._Cwritebuf
                0x00015c28       0x6c c:/nxp/lpcxpresso_7.5.0_254/lpcxpresso/tools/bin/../lib/gcc/arm-none-eabi/4.8.4/../../../../arm-none-eabi/lib/armv6-m\libcr_c.a(_writebuf.o)
                0x00015c28                _Cwritebuf
 .text.fclose   0x00015c94       0x70 c:/nxp/lpcxpresso_7.5.0_254/lpcxpresso/tools/bin/../lib/gcc/arm-none-eabi/4.8.4/../../../../arm-none-eabi/lib/armv6-m\libcr_c.a(fclose.o)
                0x00015c94                fclose
 .text.fflush   0x00015d04       0x34 c:/nxp/lpcxpresso_7.5.0_254/lpcxpresso/tools/bin/../lib/gcc/arm-none-eabi/4.8.4/../../../../arm-none-eabi/lib/armv6-m\libcr_c.a(fflush.o)
                0x00015d04                fflush
 .text.fseek    0x00015d38       0xf8 c:/nxp/lpcxpresso_7.5.0_254/lpcxpresso/tools/bin/../lib/gcc/arm-none-eabi/4.8.4/../../../../arm-none-eabi/lib/armv6-m\libcr_c.a(fseek.o)
                0x00015d38                fseek
 .text.ftell    0x00015e30       0x4c c:/nxp/lpcxpresso_7.5.0_254/lpcxpresso/tools/bin/../lib/gcc/arm-none-eabi/4.8.4/../../../../arm-none-eabi/lib/armv6-m\libcr_c.a(ftell.o)
                0x00015e30                ftell
 .text.remove   0x00015e7c       0x12 c:/nxp/lpcxpresso_7.5.0_254/lpcxpresso/tools/bin/../lib/gcc/arm-none-eabi/4.8.4/../../../../arm-none-eabi/lib/armv6-m\libcr_c.a(remove.o)
                0x00015e7c                remove
 .text.strcspn  0x00015e8e       0x22 c:/nxp/lpcxpresso_7.5.0_254/lpcxpresso/tools/bin/../lib/gcc/arm-none-eabi/4.8.4/../../../../arm-none-eabi/lib/armv6-m\libcr_c.a(strcspn.o)
                0x00015e8e                strcspn
 .text.strspn   0x00015eb0       0x22 c:/nxp/lpcxpresso_7.5.0_254/lpcxpresso/tools/bin/../lib/gcc/arm-none-eabi/4.8.4/../../../../arm-none-eabi/lib/armv6-m\libcr_c.a(strspn.o)
                0x00015eb0                strspn
 *fill*         0x00015ed2        0x2 
 .text.__check_heap_overflow
                0x00015ed4       0x18 c:/nxp/lpcxpresso_7.5.0_254/lpcxpresso/tools/bin/../lib/gcc/arm-none-eabi/4.8.4/../../../../arm-none-eabi/lib/armv6-m\libcr_c.a(_cr_check_heap.o)
                0x00015ed4                __check_heap_overflow
 .text._do_fflush
                0x00015eec       0x48 c:/nxp/lpcxpresso_7.5.0_254/lpcxpresso/tools/bin/../lib/gcc/arm-none-eabi/4.8.4/../../../../arm-none-eabi/lib/armv6-m\libcr_c.a(_do_fflush.o)
                0x00015eec                _do_fflush
 *fill*         0x00015f34        0x4 
 .text.__aeabi_dmul
                0x00015f38      0x188 c:/nxp/lpcxpresso_7.5.0_254/lpcxpresso/tools/bin/../lib/gcc/arm-none-eabi/4.8.4/armv6-m\libcr_eabihelpers.a(double.o)
                0x00015f38                __aeabi_dmul
 .text.__aeabi_ddiv
                0x000160c0      0x160 c:/nxp/lpcxpresso_7.5.0_254/lpcxpresso/tools/bin/../lib/gcc/arm-none-eabi/4.8.4/armv6-m\libcr_eabihelpers.a(double.o)
                0x000160c0                __aeabi_ddiv
 .text.__aeabi_dsub
                0x00016220      0x1e8 c:/nxp/lpcxpresso_7.5.0_254/lpcxpresso/tools/bin/../lib/gcc/arm-none-eabi/4.8.4/armv6-m\libcr_eabihelpers.a(double.o)
                0x00016220                __aeabi_dsub
 .text.__aeabi_dadd
                0x00016408      0x148 c:/nxp/lpcxpresso_7.5.0_254/lpcxpresso/tools/bin/../lib/gcc/arm-none-eabi/4.8.4/armv6-m\libcr_eabihelpers.a(double.o)
                0x00016408                __aeabi_dadd
 .text.__aeabi_d2iz
                0x00016550       0x48 c:/nxp/lpcxpresso_7.5.0_254/lpcxpresso/tools/bin/../lib/gcc/arm-none-eabi/4.8.4/armv6-m\libcr_eabihelpers.a(double.o)
                0x00016550                __aeabi_d2iz
 .text.__bhs_ui2d
                0x00016598       0x5e c:/nxp/lpcxpresso_7.5.0_254/lpcxpresso/tools/bin/../lib/gcc/arm-none-eabi/4.8.4/armv6-m\libcr_eabihelpers.a(double.o)
                0x00016598                __bhs_ui2d
 .text.__aeabi_i2d
                0x000165f6       0x16 c:/nxp/lpcxpresso_7.5.0_254/lpcxpresso/tools/bin/../lib/gcc/arm-none-eabi/4.8.4/armv6-m\libcr_eabihelpers.a(double.o)
                0x000165f6                __aeabi_i2d
 .text.__aeabi_dcmpeq
                0x0001660c       0x38 c:/nxp/lpcxpresso_7.5.0_254/lpcxpresso/tools/bin/../lib/gcc/arm-none-eabi/4.8.4/armv6-m\libcr_eabihelpers.a(double.o)
                0x0001660c                __aeabi_dcmpeq
 .text.__aeabi_dcmplt
                0x00016644       0x78 c:/nxp/lpcxpresso_7.5.0_254/lpcxpresso/tools/bin/../lib/gcc/arm-none-eabi/4.8.4/armv6-m\libcr_eabihelpers.a(double.o)
                0x00016644                __aeabi_dcmplt
 .text.__aeabi_dcmple
                0x000166bc       0x78 c:/nxp/lpcxpresso_7.5.0_254/lpcxpresso/tools/bin/../lib/gcc/arm-none-eabi/4.8.4/armv6-m\libcr_eabihelpers.a(double.o)
                0x000166bc                __aeabi_dcmple
 .text.__aeabi_dcmpge
                0x00016734       0x70 c:/nxp/lpcxpresso_7.5.0_254/lpcxpresso/tools/bin/../lib/gcc/arm-none-eabi/4.8.4/armv6-m\libcr_eabihelpers.a(double.o)
                0x00016734                __aeabi_dcmpge
 .text.__aeabi_llong_lmul
                0x000167a4       0x2e c:/nxp/lpcxpresso_7.5.0_254/lpcxpresso/tools/bin/../lib/gcc/arm-none-eabi/4.8.4/armv6-m\libcr_eabihelpers.a(llong.o)
                0x000167a4                __aeabi_lmul
 .text.__aeabi_memcpy
                0x000167d2       0x2c c:/nxp/lpcxpresso_7.5.0_254/lpcxpresso/tools/bin/../lib/gcc/arm-none-eabi/4.8.4/armv6-m\libcr_eabihelpers.a(memcpy.o)
                0x000167d2                __aeabi_memcpy4
                0x000167d2                __aeabi_memcpy8
                0x000167d2                __aeabi_memcpy
 .text.__aeabi_memset_lowlevel
                0x000167fe       0x2a c:/nxp/lpcxpresso_7.5.0_254/lpcxpresso/tools/bin/../lib/gcc/arm-none-eabi/4.8.4/armv6-m\libcr_eabihelpers.a(memcpy.o)
                0x000167fe                __aeabi_lowlevel_memset
 .text.__sys_appexit
                0x00016828        0x2 c:/nxp/lpcxpresso_7.5.0_254/lpcxpresso/tools/bin/../lib/gcc/arm-none-eabi/4.8.4/../../../../arm-none-eabi/lib/armv6-m\libcr_nohost.a(__sys_appexit.o)
                0x00016828                __sys_appexit
                0x00016828                __exit
 .text.__sys_close
                0x0001682a        0x6 c:/nxp/lpcxpresso_7.5.0_254/lpcxpresso/tools/bin/../lib/gcc/arm-none-eabi/4.8.4/../../../../arm-none-eabi/lib/armv6-m\libcr_nohost.a(__sys_close.o)
                0x0001682a                __sys_close
 .text.__sys_flen
                0x00016830        0x6 c:/nxp/lpcxpresso_7.5.0_254/lpcxpresso/tools/bin/../lib/gcc/arm-none-eabi/4.8.4/../../../../arm-none-eabi/lib/armv6-m\libcr_nohost.a(__sys_flen.o)
                0x00016830                __sys_flen
 .text.__sys_istty
                0x00016836        0x6 c:/nxp/lpcxpresso_7.5.0_254/lpcxpresso/tools/bin/../lib/gcc/arm-none-eabi/4.8.4/../../../../arm-none-eabi/lib/armv6-m\libcr_nohost.a(__sys_istty.o)
                0x00016836                __sys_istty
 .text.__sys_remove
                0x0001683c        0x6 c:/nxp/lpcxpresso_7.5.0_254/lpcxpresso/tools/bin/../lib/gcc/arm-none-eabi/4.8.4/../../../../arm-none-eabi/lib/armv6-m\libcr_nohost.a(__sys_remove.o)
                0x0001683c                __sys_remove
 .text.__sys_seek
                0x00016842        0x6 c:/nxp/lpcxpresso_7.5.0_254/lpcxpresso/tools/bin/../lib/gcc/arm-none-eabi/4.8.4/../../../../arm-none-eabi/lib/armv6-m\libcr_nohost.a(__sys_seek.o)
                0x00016842                __sys_seek
 .text.__sys_tmpnam
                0x00016848        0x6 c:/nxp/lpcxpresso_7.5.0_254/lpcxpresso/tools/bin/../lib/gcc/arm-none-eabi/4.8.4/../../../../arm-none-eabi/lib/armv6-m\libcr_nohost.a(__sys_tmpnam.o)
                0x00016848                __sys_tmpnam
 *(.rodata .rodata.* .constdata .constdata.*)
 *fill*         0x0001684e        0x2 
 .rodata.s2e_run
                0x00016850       0xc8 ./src/S2E/S2E.o
 .rodata        0x00016918       0x58 ./src/S2E/S2E.o
 .rodata.str1.4
                0x00016970       0x18 ./src/S2E/S2E.o
 .rodata        0x00016988       0x10 ./src/PlatformHandler/sspHandler.o
 .rodata.str1.4
                0x00016998        0xf ./src/Internet/MQTT/MQTTPacket/src/MQTTConnectClient.o
                                 0x10 (size before relaxing)
 *fill*         0x000169a7        0x1 
 .rodata        0x000169a8       0x58 ./src/Internet/MQTT/MQTTClient.o
 .rodata.parseDNSMSG
                0x00016a00       0x40 ./src/Internet/DNS/dns.o
 .rodata.DHCP_run
                0x00016a40       0x14 ./src/Internet/DHCP/dhcp.o
 .rodata.str1.4
                0x00016a54       0x12 ./src/Internet/DHCP/dhcp.o
                                 0x14 (size before relaxing)
 *fill*         0x00016a66        0x2 
 .rodata.ctlsocket
                0x00016a68       0x20 ./src/Ethernet/socket.o
 .rodata.getsockopt
                0x00016a88       0x34 ./src/Ethernet/socket.o
 .rodata.ctlnetwork
                0x00016abc       0x18 ./src/Ethernet/wizchip_conf.o
 .rodata.ctlwizchip
                0x00016ad4       0x40 ./src/Ethernet/wizchip_conf.o
 .rodata        0x00016b14       0x28 ./src/Configuration/ConfigData.o
 .rodata.do_udp_config
                0x00016b3c       0x14 ./src/Configuration/ConfigMessage.o
 .rodata        0x00016b50       0x58 ./src/ATcmd/library/sockutil.o
 .rodata.str1.4
                0x00016ba8        0x6 ./src/ATcmd/library/sockutil.o
                                  0x8 (size before relaxing)
 *fill*         0x00016bae        0x2 
 .rodata.cmd_resp
                0x00016bb0       0x74 ./src/ATcmd/atcmd.o
 .rodata.__FUNCTION__.7322
                0x00016c24        0xc ./src/ATcmd/atcmd.o
 .rodata.__FUNCTION__.7505
                0x00016c30        0xc ./src/ATcmd/atcmd.o
 .rodata.__FUNCTION__.7510
                0x00016c3c        0xc ./src/ATcmd/atcmd.o
 .rodata.__FUNCTION__.7475
                0x00016c48        0xc ./src/ATcmd/atcmd.o
 .rodata.__FUNCTION__.7400
                0x00016c54        0xc ./src/ATcmd/atcmd.o
 .rodata.__FUNCTION__.7493
                0x00016c60        0xc ./src/ATcmd/atcmd.o
 .rodata.__FUNCTION__.7537
                0x00016c6c        0xc ./src/ATcmd/atcmd.o
 .rodata.__FUNCTION__.7361
                0x00016c78        0xc ./src/ATcmd/atcmd.o
 .rodata.__FUNCTION__.7278
                0x00016c84       0x10 ./src/ATcmd/atcmd.o
 .rodata.g_cmd_table
                0x00016c94      0x180 ./src/ATcmd/atcmd.o
                0x00016c94                g_cmd_table
 .rodata.__FUNCTION__.7548
                0x00016e14        0xc ./src/ATcmd/atcmd.o
 .rodata.str1.4
                0x00016e20      0x230 ./src/ATcmd/atcmd.o
                                0x234 (size before relaxing)
 .rodata.__FUNCTION__.7373
                0x00017050        0xc ./src/ATcmd/atcmd.o
 .rodata.__FUNCTION__.7415
                0x0001705c        0xc ./src/ATcmd/atcmd.o
 .rodata.__FUNCTION__.7380
                0x00017068        0xc ./src/ATcmd/atcmd.o
 .rodata.__FUNCTION__.7563
                0x00017074        0xc ./src/ATcmd/atcmd.o
 .rodata.__FUNCTION__.7423
                0x00017080        0xc ./src/ATcmd/atcmd.o
 .rodata.__FUNCTION__.7409
                0x0001708c        0xc ./src/ATcmd/atcmd.o
 .rodata.__FUNCTION__.7391
                0x00017098        0xc ./src/ATcmd/atcmd.o
 .rodata.__FUNCTION__.7429
                0x000170a4        0xc ./src/ATcmd/atcmd.o
 .rodata.__FUNCTION__.7577
                0x000170b0        0xc ./src/ATcmd/atcmd.o
 .rodata.__FUNCTION__.7450
                0x000170bc        0xc ./src/ATcmd/atcmd.o
 .rodata.__FUNCTION__.7456
                0x000170c8        0xc ./src/ATcmd/atcmd.o
 .rodata.act_nset_q
                0x000170d4       0x1c ./src/ATcmd/cmdrun.o
 .rodata.act_nstat
                0x000170f0       0x1c ./src/ATcmd/cmdrun.o
 .rodata.act_nopen_a
                0x0001710c       0x14 ./src/ATcmd/cmdrun.o
 .rodata.atc_async_cb
                0x00017120      0x104 ./src/ATcmd/cmdrun.o
 .rodata.act_uart_q
                0x00017224       0x18 ./src/ATcmd/cmdrun.o
 .rodata.__FUNCTION__.7273
                0x0001723c       0x10 ./src/ATcmd/cmdrun.o
 .rodata.__FUNCTION__.7414
                0x0001724c        0xc ./src/ATcmd/cmdrun.o
 .rodata.__FUNCTION__.7366
                0x00017258        0xc ./src/ATcmd/cmdrun.o
 .rodata.str1.4
                0x00017264      0x214 ./src/ATcmd/cmdrun.o
                                0x220 (size before relaxing)
 .rodata.__FUNCTION__.7387
                0x00017478        0xc ./src/ATcmd/cmdrun.o
 .rodata.ledports
                0x00017484        0x2 D:\Austin\Workspace\LPCXpresso_7_5_0_254\wiznet_s2e_wiz550s2e_board\Release\libwiznet_s2e_wiz550s2e_board.a(board.o)
 *fill*         0x00017486        0x2 
 .rodata.OscRateIn
                0x00017488        0x4 D:\Austin\Workspace\LPCXpresso_7_5_0_254\wiznet_s2e_wiz550s2e_board\Release\libwiznet_s2e_wiz550s2e_board.a(board.o)
                0x00017488                OscRateIn
 .rodata.ledpins
                0x0001748c        0x2 D:\Austin\Workspace\LPCXpresso_7_5_0_254\wiznet_s2e_wiz550s2e_board\Release\libwiznet_s2e_wiz550s2e_board.a(board.o)
 *fill*         0x0001748e        0x2 
 .rodata.pinmuxing
                0x00017490       0x50 D:\Austin\Workspace\LPCXpresso_7_5_0_254\wiznet_s2e_wiz550s2e_board\Release\libwiznet_s2e_wiz550s2e_board.a(board_sysinit.o)
 .rodata.wdtOSCRate
                0x000174e0       0x40 D:\Austin\Workspace\LPCXpresso_7_5_0_254\lpc_chip_11exx\Release\liblpc_chip_11exx.a(clock_11xx.o)
 .rodata.str1.1
                0x00017520       0x18 c:/nxp/lpcxpresso_7.5.0_254/lpcxpresso/tools/bin/../lib/gcc/arm-none-eabi/4.8.4/../../../../arm-none-eabi/lib/armv6-m\libcr_c.a(alloc.o)
 .rodata.__ctype
                0x00017538      0x180 c:/nxp/lpcxpresso_7.5.0_254/lpcxpresso/tools/bin/../lib/gcc/arm-none-eabi/4.8.4/../../../../arm-none-eabi/lib/armv6-m\libcr_c.a(ctype.o)
                0x00017538                __ctype
 .rodata.str1.1
                0x000176b8       0x34 c:/nxp/lpcxpresso_7.5.0_254/lpcxpresso/tools/bin/../lib/gcc/arm-none-eabi/4.8.4/../../../../arm-none-eabi/lib/armv6-m\libcr_c.a(fpprintf.o)
                                 0x35 (size before relaxing)
 .rodata.str1.1
                0x000176ec        0x4 c:/nxp/lpcxpresso_7.5.0_254/lpcxpresso/tools/bin/../lib/gcc/arm-none-eabi/4.8.4/../../../../arm-none-eabi/lib/armv6-m\libcr_c.a(initio.o)
 .rodata.str1.1
                0x000176f0       0x31 c:/nxp/lpcxpresso_7.5.0_254/lpcxpresso/tools/bin/../lib/gcc/arm-none-eabi/4.8.4/../../../../arm-none-eabi/lib/armv6-m\libcr_c.a(printf.o)
                                 0x38 (size before relaxing)
 .rodata.str1.1
                0x00000000        0x1 c:/nxp/lpcxpresso_7.5.0_254/lpcxpresso/tools/bin/../lib/gcc/arm-none-eabi/4.8.4/../../../../arm-none-eabi/lib/armv6-m\libcr_c.a(strtok.o)
 *fill*         0x00017721        0x7 
 .rodata.__huge_vall
                0x00017728        0x8 c:/nxp/lpcxpresso_7.5.0_254/lpcxpresso/tools/bin/../lib/gcc/arm-none-eabi/4.8.4/../../../../arm-none-eabi/lib/armv6-m\libcr_c.a(_hugeval.o)
                0x00017728                __huge_vall
                0x00017730                . = ALIGN (0x4)

.glue_7         0x00017730        0x0
 .glue_7        0x00000000        0x0 linker stubs

.glue_7t        0x00017730        0x0
 .glue_7t       0x00000000        0x0 linker stubs

.vfp11_veneer   0x00017730        0x0
 .vfp11_veneer  0x00000000        0x0 linker stubs

.v4_bx          0x00017730        0x0
 .v4_bx         0x00000000        0x0 linker stubs

.iplt           0x00017730        0x0
 .iplt          0x00000000        0x0 ./src/netutil/netutil.o

.rel.dyn        0x00017730        0x0
 .rel.iplt      0x00000000        0x0 ./src/netutil/netutil.o

.ARM.extab
 *(.ARM.extab* .gnu.linkonce.armextab.*)
                0x00017730                __exidx_start = .

.ARM.exidx
 *(.ARM.exidx* .gnu.linkonce.armexidx.*)
                0x00017730                __exidx_end = .
                0x00017730                _etext = .

.data_RAM2      0x20000000        0x0 load address 0x00017730
 FILL mask 0xff
 *(.data.$RAM2*)
 *(.data.$RamPeriph2*)
                0x20000000                . = ALIGN (0x4)

.data_RAM3      0x20004000        0x0 load address 0x00017730
 FILL mask 0xff
 *(.data.$RAM3*)
 *(.data.$SRAM1_2*)
                0x20004000                . = ALIGN (0x4)

.uninit_RESERVED
                0x10000000        0x0
 *(.bss.$RESERVED*)
                0x10000000                . = ALIGN (0x4)
                0x10000000                _end_uninit_RESERVED = .

.data           0x10000000      0x158 load address 0x00017730
 FILL mask 0xff
                0x10000000                _data = .
 *(vtable)
 vtable         0x10000000       0xd0 ./src/main.o
 *(.data*)
 .data.udp_port
                0x100000d0        0x2 ./src/S2E/S2E.o
 *fill*         0x100000d2        0x2 
 .data.baud_table
                0x100000d4       0x2c ./src/PlatformHandler/uartHandler.o
                0x100000d4                baud_table
 .data.dhcp_tick_next
                0x10000100        0x4 ./src/Internet/DHCP/dhcp.o
                0x10000100                dhcp_tick_next
 .data.dhcp_ip_update
                0x10000104        0x4 ./src/Internet/DHCP/dhcp.o
                0x10000104                dhcp_ip_update
 .data.dhcp_ip_assign
                0x10000108        0x4 ./src/Internet/DHCP/dhcp.o
                0x10000108                dhcp_ip_assign
 .data.dhcp_ip_conflict
                0x1000010c        0x4 ./src/Internet/DHCP/dhcp.o
                0x1000010c                dhcp_ip_conflict
 .data.dhcp_lease_time
                0x10000110        0x4 ./src/Internet/DHCP/dhcp.o
                0x10000110                dhcp_lease_time
 .data.HOST_NAME
                0x10000114        0x8 ./src/Internet/DHCP/dhcp.o
                0x10000114                HOST_NAME
 .data.sock_any_port
                0x1000011c        0x2 ./src/Ethernet/socket.o
 *fill*         0x1000011e        0x2 
 .data.WIZCHIP  0x10000120       0x28 ./src/Ethernet/wizchip_conf.o
                0x10000120                WIZCHIP
 .data.client_port
                0x10000148        0x2 ./src/ATcmd/atcmd.o
 *fill*         0x1000014a        0x2 
 .data.parity_char
                0x1000014c        0x4 ./src/ATcmd/cmdrun.o
                0x1000014c                parity_char
 .data.run_dns  0x10000150        0x1 ./src/main.o
                0x10000150                run_dns
 *fill*         0x10000151        0x3 
 .data.saves1.3850
                0x10000154        0x4 c:/nxp/lpcxpresso_7.5.0_254/lpcxpresso/tools/bin/../lib/gcc/arm-none-eabi/4.8.4/../../../../arm-none-eabi/lib/armv6-m\libcr_c.a(strtok.o)
                0x10000158                . = ALIGN (0x4)
                0x10000158                _edata = .

.igot.plt       0x10000158        0x0 load address 0x00017888
 .igot.plt      0x00000000        0x0 ./src/netutil/netutil.o

.bss_RAM2       0x20000000        0x0
 *(.bss.$RAM2*)
 *(.bss.$RamPeriph2*)
                0x20000000                . = ALIGN (0x4)

.bss_RAM3       0x20004000        0x0
 *(.bss.$RAM3*)
 *(.bss.$SRAM1_2*)
                0x20004000                . = ALIGN (0x4)

.bss            0x10000158     0x154c
                0x10000158                _bss = .
 *(.bss*)
 .bss.ether_send_cnt
                0x10000158        0x4 ./src/S2E/S2E.o
                0x10000158                ether_send_cnt
 .bss.pattern_offset
                0x1000015c        0x4 ./src/S2E/S2E.o
 .bss.mqttInit  0x10000160        0x1 ./src/S2E/S2E.o
                0x10000160                mqttInit
 *fill*         0x10000161        0x3 
 .bss.ether_recv_cnt
                0x10000164        0x4 ./src/S2E/S2E.o
                0x10000164                ether_recv_cnt
 .bss.pattern_cnt
                0x10000168        0x4 ./src/S2E/S2E.o
 .bss.mixed_state
                0x1000016c        0x4 ./src/S2E/S2E.o
 .bss.uart_send_cnt
                0x10000170        0x4 ./src/S2E/S2E.o
                0x10000170                uart_send_cnt
 .bss.uart_size_prev
                0x10000174        0x4 ./src/S2E/S2E.o
 .bss.ready_cnt
                0x10000178        0x4 ./src/S2E/S2E.o
 .bss.trigger_state
                0x1000017c        0x4 ./src/S2E/S2E.o
 .bss.uart_recv_cnt
                0x10000180        0x4 ./src/S2E/S2E.o
                0x10000180                uart_recv_cnt
 .bss.prev_len.6959
                0x10000184        0x2 ./src/S2E/S2E.o
 *fill*         0x10000186        0x2 
 .bss.trigger_time
                0x10000188        0x4 ./src/PlatformHandler/timerHandler.o
                0x10000188                trigger_time
 .bss.inactive_time
                0x1000018c        0x4 ./src/PlatformHandler/timerHandler.o
                0x1000018c                inactive_time
 .bss.nagle_time
                0x10000190        0x4 ./src/PlatformHandler/timerHandler.o
                0x10000190                nagle_time
 .bss.sec_cnt   0x10000194        0x4 ./src/PlatformHandler/timerHandler.o
 .bss.factory_time
                0x10000198        0x4 ./src/PlatformHandler/timerHandler.o
                0x10000198                factory_time
 .bss.nagle_flag
                0x1000019c        0x1 ./src/PlatformHandler/timerHandler.o
                0x1000019c                nagle_flag
 *fill*         0x1000019d        0x3 
 .bss.uart_recv_count
                0x100001a0        0x4 ./src/PlatformHandler/timerHandler.o
                0x100001a0                uart_recv_count
 .bss.inactive_flag
                0x100001a4        0x1 ./src/PlatformHandler/timerHandler.o
                0x100001a4                inactive_flag
 *fill*         0x100001a5        0x3 
 .bss.reconn_time
                0x100001a8        0x4 ./src/PlatformHandler/timerHandler.o
                0x100001a8                reconn_time
 .bss.reconn_flag
                0x100001ac        0x1 ./src/PlatformHandler/timerHandler.o
                0x100001ac                reconn_flag
 *fill*         0x100001ad        0x3 
 .bss.keepsend_time
                0x100001b0        0x4 ./src/PlatformHandler/timerHandler.o
                0x100001b0                keepsend_time
 .bss.keepsend_flag
                0x100001b4        0x1 ./src/PlatformHandler/timerHandler.o
                0x100001b4                keepsend_flag
 *fill*         0x100001b5        0x3 
 .bss.mill_cnt  0x100001b8        0x4 ./src/PlatformHandler/timerHandler.o
 .bss.auth_time
                0x100001bc        0x4 ./src/PlatformHandler/timerHandler.o
                0x100001bc                auth_time
 .bss.trigger_flag
                0x100001c0        0x1 ./src/PlatformHandler/timerHandler.o
                0x100001c0                trigger_flag
 .bss.auth_flag
                0x100001c1        0x1 ./src/PlatformHandler/timerHandler.o
                0x100001c1                auth_flag
 *fill*         0x100001c2        0x2 
 .bss.txbuff    0x100001c4      0x400 ./src/PlatformHandler/uartHandler.o
 .bss.rxbuff    0x100005c4      0x400 ./src/PlatformHandler/uartHandler.o
 .bss.bufptr    0x100009c4        0x4 ./src/Internet/MQTT/MQTTPacket/src/MQTTPacket.o
 .bss.retry_count.4385
                0x100009c8        0x1 ./src/Internet/DNS/dns.o
 .bss.dhcp_state
                0x100009c9        0x1 ./src/Internet/DHCP/dhcp.o
                0x100009c9                dhcp_state
 *fill*         0x100009ca        0x2 
 .bss.DHCP_allocated_sn
                0x100009cc        0x4 ./src/Internet/DHCP/dhcp.o
                0x100009cc                DHCP_allocated_sn
 .bss.OLD_allocated_ip
                0x100009d0        0x4 ./src/Internet/DHCP/dhcp.o
                0x100009d0                OLD_allocated_ip
 .bss.DHCP_allocated_gw
                0x100009d4        0x4 ./src/Internet/DHCP/dhcp.o
                0x100009d4                DHCP_allocated_gw
 .bss.DHCP_allocated_ip
                0x100009d8        0x4 ./src/Internet/DHCP/dhcp.o
                0x100009d8                DHCP_allocated_ip
 .bss.dhcp_tick_1s
                0x100009dc        0x4 ./src/Internet/DHCP/dhcp.o
                0x100009dc                dhcp_tick_1s
 .bss.DHCP_allocated_dns
                0x100009e0        0x4 ./src/Internet/DHCP/dhcp.o
                0x100009e0                DHCP_allocated_dns
 .bss.dhcp_retry_count
                0x100009e4        0x1 ./src/Internet/DHCP/dhcp.o
                0x100009e4                dhcp_retry_count
 *fill*         0x100009e5        0x1 
 .bss.sock_io_mode
                0x100009e6        0x2 ./src/Ethernet/socket.o
 .bss.sock_is_sending
                0x100009e8        0x2 ./src/Ethernet/socket.o
 *fill*         0x100009ea        0x2 
 .bss.sock_pack_info
                0x100009ec        0x8 ./src/Ethernet/socket.o
                0x100009ec                sock_pack_info
 .bss.sock_remained_size
                0x100009f4       0x10 ./src/Ethernet/socket.o
 .bss._DHCP_    0x10000a04        0x1 ./src/Ethernet/wizchip_conf.o
 *fill*         0x10000a05        0x3 
 .bss._DNS_     0x10000a08        0x4 ./src/Ethernet/wizchip_conf.o
 .bss.s2e_packet
                0x10000a0c       0xe8 ./src/Configuration/ConfigData.o
 .bss.checkAtcUdpSendStatus
                0x10000af4        0x4 ./src/ATcmd/library/sockutil.o
                0x10000af4                checkAtcUdpSendStatus
 .bss.watch_cb  0x10000af8        0x4 ./src/ATcmd/library/sockutil.o
 .bss.watch_sock
                0x10000afc        0x4 ./src/ATcmd/library/sockutil.o
 .bss.previdx   0x10000b00        0x1 ./src/ATcmd/atcmd.o
 *fill*         0x10000b01        0x3 
 .bss.termbuf   0x10000b04       0x64 ./src/ATcmd/atcmd.o
 .bss.prevbuf   0x10000b68        0x8 ./src/ATcmd/atcmd.o
 .bss.prevcnt   0x10000b70        0x1 ./src/ATcmd/atcmd.o
 *fill*         0x10000b71        0x1 
 .bss.prevlen   0x10000b72        0x2 ./src/ATcmd/atcmd.o
 .bss.buflen.7268
                0x10000b74        0x1 ./src/ATcmd/atcmd.o
 *fill*         0x10000b75        0x3 
 .bss.sockstat  0x10000b78        0x4 ./src/ATcmd/cmdrun.o
 .bss.sockbusy  0x10000b7c        0x4 ./src/ATcmd/cmdrun.o
 .bss.recvflag  0x10000b80        0x4 ./src/ATcmd/cmdrun.o
 .bss.udpport   0x10000b84        0x4 ./src/ATcmd/cmdrun.o
 .bss.udpip     0x10000b88        0x8 ./src/ATcmd/cmdrun.o
 .bss.sockport  0x10000b90        0x4 ./src/ATcmd/cmdrun.o
 .bss.factory_flag
                0x10000b94        0x1 D:\Austin\Workspace\LPCXpresso_7_5_0_254\wiznet_s2e_wiz550s2e_board\Release\libwiznet_s2e_wiz550s2e_board.a(board.o)
                0x10000b94                factory_flag
 *fill*         0x10000b95        0x3 
 .bss.errno     0x10000b98        0x4 c:/nxp/lpcxpresso_7.5.0_254/lpcxpresso/tools/bin/../lib/gcc/arm-none-eabi/4.8.4/../../../../arm-none-eabi/lib/armv6-m\libcr_c.a(errno.o)
                0x10000b98                errno
 *(COMMON)
 COMMON         0x10000b9c       0x6c ./src/S2E/S2E.o
                0x10000b9c                mqttNetwork
                0x10000bac                mqttClient
 COMMON         0x10000c08        0x8 ./src/PlatformHandler/timerHandler.o
                0x10000c08                ether_send_prev
                0x10000c0c                ether_recv_prev
 COMMON         0x10000c10       0x28 ./src/PlatformHandler/uartHandler.o
                0x10000c10                txring
                0x10000c24                rxring
 COMMON         0x10000c38        0x4 ./src/Internet/MQTT/mqtt_interface.o
                0x10000c38                MilliTimer
 COMMON         0x10000c3c        0xe ./src/Internet/DNS/dns.o
                0x10000c3c                DNS_SOCKET
                0x10000c40                dns_1s_tick
                0x10000c44                pDNSMSG
                0x10000c48                DNS_MSGID
 *fill*         0x10000c4a        0x2 
 COMMON         0x10000c4c       0x15 ./src/Internet/DHCP/dhcp.o
                0x10000c4c                DHCP_CHADDR
                0x10000c54                DHCP_XID
                0x10000c58                DHCP_SIP
                0x10000c5c                pDHCPMSG
                0x10000c60                DHCP_SOCKET
 *fill*         0x10000c61        0x3 
 COMMON         0x10000c64       0xe4 ./src/ATcmd/atcmd.o
                0x10000c64                atci
 COMMON         0x10000d48        0x8 ./src/cr_startup_lpc11exx.o
                0x10000d48                pDivRom_uidiv
                0x10000d4c                pDivRom_idiv
 COMMON         0x10000d50      0x804 ./src/main.o
                0x10000d50                op_mode
                0x10000d54                g_send_buf
                0x10001154                g_recv_buf
 COMMON         0x10001554        0x4 D:\Austin\Workspace\LPCXpresso_7_5_0_254\lpc_chip_11exx\Release\liblpc_chip_11exx.a(chip_11xx.o)
                0x10001554                SystemCoreClock
 COMMON         0x10001558        0x4 c:/nxp/lpcxpresso_7.5.0_254/lpcxpresso/tools/bin/../lib/gcc/arm-none-eabi/4.8.4/../../../../arm-none-eabi/lib/armv6-m\libcr_c.a(initio.o)
                0x10001558                _extra
 COMMON         0x1000155c      0x140 c:/nxp/lpcxpresso_7.5.0_254/lpcxpresso/tools/bin/../lib/gcc/arm-none-eabi/4.8.4/../../../../arm-none-eabi/lib/armv6-m\libcr_c.a(stdio.o)
                0x1000155c                __Ciob
 COMMON         0x1000169c        0x8 c:/nxp/lpcxpresso_7.5.0_254/lpcxpresso/tools/bin/../lib/gcc/arm-none-eabi/4.8.4/../../../../arm-none-eabi/lib/armv6-m\libcr_c.a(__init_alloc.o)
                0x1000169c                __heaps
                0x100016a0                __end_of_heap
                0x100016a4                . = ALIGN (0x4)
                0x100016a4                _ebss = .
                0x100016a4                PROVIDE (end, .)

.noinit_RAM2    0x20000000        0x0
 *(.noinit.$RAM2*)
 *(.noinit.$RamPeriph2*)
                0x20000000                . = ALIGN (0x4)

.noinit_RAM3    0x20004000        0x0
 *(.noinit.$RAM3*)
 *(.noinit.$SRAM1_2*)
                0x20004000                . = ALIGN (0x4)

.noinit         0x100016a4        0x0
                0x100016a4                _noinit = .
 *(.noinit*)
                0x100016a4                . = ALIGN (0x4)
                0x100016a4                _end_noinit = .
                0x100016a4                PROVIDE (_pvHeapStart, .)
                0x10002000                PROVIDE (_vStackTop, (__top_RamLoc8 - 0x0))
OUTPUT(WIZ550S2E_App.axf elf32-littlearm)

.debug_info     0x00000000    0x26cab
 .debug_info    0x00000000      0x629 ./src/callback/dhcp_cb.o
 .debug_info    0x00000629     0x24e0 ./src/S2E/S2E.o
 .debug_info    0x00002b09      0x289 ./src/PlatformHandler/eepromHandler.o
 .debug_info    0x00002d92      0xaf4 ./src/PlatformHandler/sspHandler.o
 .debug_info    0x00003886      0xd30 ./src/PlatformHandler/timerHandler.o
 .debug_info    0x000045b6     0x13d0 ./src/PlatformHandler/uartHandler.o
 .debug_info    0x00005986      0x9e9 ./src/Internet/MQTT/MQTTPacket/src/MQTTConnectClient.o
 .debug_info    0x0000636f      0x44b ./src/Internet/MQTT/MQTTPacket/src/MQTTDeserializePublish.o
 .debug_info    0x000067ba      0xc51 ./src/Internet/MQTT/MQTTPacket/src/MQTTPacket.o
 .debug_info    0x0000740b      0x8a1 ./src/Internet/MQTT/MQTTPacket/src/MQTTSerializePublish.o
 .debug_info    0x00007cac      0x5d0 ./src/Internet/MQTT/MQTTPacket/src/MQTTSubscribeClient.o
 .debug_info    0x0000827c      0x510 ./src/Internet/MQTT/MQTTPacket/src/MQTTUnsubscribeClient.o
 .debug_info    0x0000878c     0x1edb ./src/Internet/MQTT/MQTTClient.o
 .debug_info    0x0000a667      0x5ea ./src/Internet/MQTT/mqtt_interface.o
 .debug_info    0x0000ac51     0x1351 ./src/Internet/DNS/dns.o
 .debug_info    0x0000bfa2     0x1065 ./src/Internet/DHCP/dhcp.o
 .debug_info    0x0000d007      0x878 ./src/Ethernet/W5500/w5500.o
 .debug_info    0x0000d87f     0x13fc ./src/Ethernet/socket.o
 .debug_info    0x0000ec7b     0x1d81 ./src/Ethernet/wizchip_conf.o
 .debug_info    0x000109fc      0xe50 ./src/Configuration/ConfigData.o
 .debug_info    0x0001184c     0x22a4 ./src/Configuration/ConfigMessage.o
 .debug_info    0x00013af0     0x13f6 ./src/ATcmd/library/sockutil.o
 .debug_info    0x00014ee6      0x28d ./src/ATcmd/library/util.o
 .debug_info    0x00015173     0x49b3 ./src/ATcmd/atcmd.o
 .debug_info    0x00019b26     0x3dda ./src/ATcmd/cmdrun.o
 .debug_info    0x0001d900      0x346 ./src/cr_startup_lpc11exx.o
 .debug_info    0x0001dc46       0x3b ./src/crp.o
 .debug_info    0x0001dc81     0x135b ./src/main.o
 .debug_info    0x0001efdc       0xc9 ./src/sysinit.o
 .debug_info    0x0001f0a5     0x14fd D:\Austin\Workspace\LPCXpresso_7_5_0_254\wiznet_s2e_wiz550s2e_board\Release\libwiznet_s2e_wiz550s2e_board.a(board.o)
 .debug_info    0x000205a2      0xaac D:\Austin\Workspace\LPCXpresso_7_5_0_254\wiznet_s2e_wiz550s2e_board\Release\libwiznet_s2e_wiz550s2e_board.a(board_sysinit.o)
 .debug_info    0x0002104e       0xd8 D:\Austin\Workspace\LPCXpresso_7_5_0_254\lpc_chip_11exx\Release\liblpc_chip_11exx.a(chip_11xx.o)
 .debug_info    0x00021126      0x8e7 D:\Austin\Workspace\LPCXpresso_7_5_0_254\lpc_chip_11exx\Release\liblpc_chip_11exx.a(clock_11xx.o)
 .debug_info    0x00021a0d      0x9e9 D:\Austin\Workspace\LPCXpresso_7_5_0_254\lpc_chip_11exx\Release\liblpc_chip_11exx.a(gpio_11xx_1.o)
 .debug_info    0x000223f6      0x14f D:\Austin\Workspace\LPCXpresso_7_5_0_254\lpc_chip_11exx\Release\liblpc_chip_11exx.a(iocon_11xx.o)
 .debug_info    0x00022545      0x4a1 D:\Austin\Workspace\LPCXpresso_7_5_0_254\lpc_chip_11exx\Release\liblpc_chip_11exx.a(ring_buffer.o)
 .debug_info    0x000229e6     0x1b59 D:\Austin\Workspace\LPCXpresso_7_5_0_254\lpc_chip_11exx\Release\liblpc_chip_11exx.a(ssp_11xx.o)
 .debug_info    0x0002453f      0x585 D:\Austin\Workspace\LPCXpresso_7_5_0_254\lpc_chip_11exx\Release\liblpc_chip_11exx.a(sysctl_11xx.o)
 .debug_info    0x00024ac4      0x882 D:\Austin\Workspace\LPCXpresso_7_5_0_254\lpc_chip_11exx\Release\liblpc_chip_11exx.a(timer_11xx.o)
 .debug_info    0x00025346     0x1283 D:\Austin\Workspace\LPCXpresso_7_5_0_254\lpc_chip_11exx\Release\liblpc_chip_11exx.a(uart_11xx.o)
 .debug_info    0x000265c9      0x6e2 D:\Austin\Workspace\LPCXpresso_7_5_0_254\lpc_chip_11exx\Release\liblpc_chip_11exx.a(wwdt_11xx.o)

.debug_abbrev   0x00000000     0x6480
 .debug_abbrev  0x00000000      0x1a2 ./src/callback/dhcp_cb.o
 .debug_abbrev  0x000001a2      0x42f ./src/S2E/S2E.o
 .debug_abbrev  0x000005d1      0x129 ./src/PlatformHandler/eepromHandler.o
 .debug_abbrev  0x000006fa      0x2e1 ./src/PlatformHandler/sspHandler.o
 .debug_abbrev  0x000009db      0x331 ./src/PlatformHandler/timerHandler.o
 .debug_abbrev  0x00000d0c      0x3a2 ./src/PlatformHandler/uartHandler.o
 .debug_abbrev  0x000010ae      0x275 ./src/Internet/MQTT/MQTTPacket/src/MQTTConnectClient.o
 .debug_abbrev  0x00001323      0x1b9 ./src/Internet/MQTT/MQTTPacket/src/MQTTDeserializePublish.o
 .debug_abbrev  0x000014dc      0x3bb ./src/Internet/MQTT/MQTTPacket/src/MQTTPacket.o
 .debug_abbrev  0x00001897      0x278 ./src/Internet/MQTT/MQTTPacket/src/MQTTSerializePublish.o
 .debug_abbrev  0x00001b0f      0x25a ./src/Internet/MQTT/MQTTPacket/src/MQTTSubscribeClient.o
 .debug_abbrev  0x00001d69      0x23e ./src/Internet/MQTT/MQTTPacket/src/MQTTUnsubscribeClient.o
 .debug_abbrev  0x00001fa7      0x472 ./src/Internet/MQTT/MQTTClient.o
 .debug_abbrev  0x00002419      0x204 ./src/Internet/MQTT/mqtt_interface.o
 .debug_abbrev  0x0000261d      0x2fc ./src/Internet/DNS/dns.o
 .debug_abbrev  0x00002919      0x302 ./src/Internet/DHCP/dhcp.o
 .debug_abbrev  0x00002c1b      0x21a ./src/Ethernet/W5500/w5500.o
 .debug_abbrev  0x00002e35      0x237 ./src/Ethernet/socket.o
 .debug_abbrev  0x0000306c      0x38d ./src/Ethernet/wizchip_conf.o
 .debug_abbrev  0x000033f9      0x281 ./src/Configuration/ConfigData.o
 .debug_abbrev  0x0000367a      0x3aa ./src/Configuration/ConfigMessage.o
 .debug_abbrev  0x00003a24      0x329 ./src/ATcmd/library/sockutil.o
 .debug_abbrev  0x00003d4d      0x109 ./src/ATcmd/library/util.o
 .debug_abbrev  0x00003e56      0x496 ./src/ATcmd/atcmd.o
 .debug_abbrev  0x000042ec      0x431 ./src/ATcmd/cmdrun.o
 .debug_abbrev  0x0000471d      0x185 ./src/cr_startup_lpc11exx.o
 .debug_abbrev  0x000048a2       0x33 ./src/crp.o
 .debug_abbrev  0x000048d5      0x3a9 ./src/main.o
 .debug_abbrev  0x00004c7e       0x85 ./src/sysinit.o
 .debug_abbrev  0x00004d03      0x366 D:\Austin\Workspace\LPCXpresso_7_5_0_254\wiznet_s2e_wiz550s2e_board\Release\libwiznet_s2e_wiz550s2e_board.a(board.o)
 .debug_abbrev  0x00005069      0x251 D:\Austin\Workspace\LPCXpresso_7_5_0_254\wiznet_s2e_wiz550s2e_board\Release\libwiznet_s2e_wiz550s2e_board.a(board_sysinit.o)
 .debug_abbrev  0x000052ba       0x98 D:\Austin\Workspace\LPCXpresso_7_5_0_254\lpc_chip_11exx\Release\liblpc_chip_11exx.a(chip_11xx.o)
 .debug_abbrev  0x00005352      0x243 D:\Austin\Workspace\LPCXpresso_7_5_0_254\lpc_chip_11exx\Release\liblpc_chip_11exx.a(clock_11xx.o)
 .debug_abbrev  0x00005595      0x1b7 D:\Austin\Workspace\LPCXpresso_7_5_0_254\lpc_chip_11exx\Release\liblpc_chip_11exx.a(gpio_11xx_1.o)
 .debug_abbrev  0x0000574c       0xc5 D:\Austin\Workspace\LPCXpresso_7_5_0_254\lpc_chip_11exx\Release\liblpc_chip_11exx.a(iocon_11xx.o)
 .debug_abbrev  0x00005811      0x181 D:\Austin\Workspace\LPCXpresso_7_5_0_254\lpc_chip_11exx\Release\liblpc_chip_11exx.a(ring_buffer.o)
 .debug_abbrev  0x00005992      0x3d5 D:\Austin\Workspace\LPCXpresso_7_5_0_254\lpc_chip_11exx\Release\liblpc_chip_11exx.a(ssp_11xx.o)
 .debug_abbrev  0x00005d67       0xcb D:\Austin\Workspace\LPCXpresso_7_5_0_254\lpc_chip_11exx\Release\liblpc_chip_11exx.a(sysctl_11xx.o)
 .debug_abbrev  0x00005e32      0x1e9 D:\Austin\Workspace\LPCXpresso_7_5_0_254\lpc_chip_11exx\Release\liblpc_chip_11exx.a(timer_11xx.o)
 .debug_abbrev  0x0000601b      0x31a D:\Austin\Workspace\LPCXpresso_7_5_0_254\lpc_chip_11exx\Release\liblpc_chip_11exx.a(uart_11xx.o)
 .debug_abbrev  0x00006335      0x14b D:\Austin\Workspace\LPCXpresso_7_5_0_254\lpc_chip_11exx\Release\liblpc_chip_11exx.a(wwdt_11xx.o)

.debug_loc      0x00000000    0x16ce4
 .debug_loc     0x00000000       0x1e ./src/callback/dhcp_cb.o
 .debug_loc     0x0000001e     0x1703 ./src/S2E/S2E.o
 .debug_loc     0x00001721      0x212 ./src/PlatformHandler/eepromHandler.o
 .debug_loc     0x00001933       0xd1 ./src/PlatformHandler/sspHandler.o
 .debug_loc     0x00001a04      0x159 ./src/PlatformHandler/timerHandler.o
 .debug_loc     0x00001b5d      0x5ac ./src/PlatformHandler/uartHandler.o
 .debug_loc     0x00002109      0x5b5 ./src/Internet/MQTT/MQTTPacket/src/MQTTConnectClient.o