Archive member included because of file (symbol)

D:\_GitHub\WIZ550S2E\wiznet_s2e_wiz550s2e_board\Release\libwiznet_s2e_wiz550s2e_board.a(board.o)
                              ./src/S2E/S2E.o (Board_LED_Set)
D:\_GitHub\WIZ550S2E\wiznet_s2e_wiz550s2e_board\Release\libwiznet_s2e_wiz550s2e_board.a(board_sysinit.o)
                              ./src/sysinit.o (Board_SystemInit)
D:\_GitHub\WIZ550S2E\lpc_chip_11exx\Release\liblpc_chip_11exx.a(chip_11xx.o)
                              ./src/main.o (SystemCoreClockUpdate)
D:\_GitHub\WIZ550S2E\lpc_chip_11exx\Release\liblpc_chip_11exx.a(clock_11xx.o)
                              D:\_GitHub\WIZ550S2E\wiznet_s2e_wiz550s2e_board\Release\libwiznet_s2e_wiz550s2e_board.a(board_sysinit.o) (Chip_Clock_SetSystemPLLSource)
D:\_GitHub\WIZ550S2E\lpc_chip_11exx\Release\liblpc_chip_11exx.a(gpio_11xx_1.o)
                              D:\_GitHub\WIZ550S2E\wiznet_s2e_wiz550s2e_board\Release\libwiznet_s2e_wiz550s2e_board.a(board.o) (Chip_GPIO_Init)
D:\_GitHub\WIZ550S2E\lpc_chip_11exx\Release\liblpc_chip_11exx.a(iocon_11xx.o)
                              ./src/PlatformHandler/sspHandler.o (Chip_IOCON_PinMuxSet)
D:\_GitHub\WIZ550S2E\lpc_chip_11exx\Release\liblpc_chip_11exx.a(ring_buffer.o)
                              ./src/PlatformHandler/uartHandler.o (RingBuffer_Init)
D:\_GitHub\WIZ550S2E\lpc_chip_11exx\Release\liblpc_chip_11exx.a(ssp_11xx.o)
                              ./src/PlatformHandler/sspHandler.o (Chip_SSP_WriteFrames_Blocking)
D:\_GitHub\WIZ550S2E\lpc_chip_11exx\Release\liblpc_chip_11exx.a(sysctl_11xx.o)
                              D:\_GitHub\WIZ550S2E\wiznet_s2e_wiz550s2e_board\Release\libwiznet_s2e_wiz550s2e_board.a(board_sysinit.o) (Chip_SYSCTL_PowerDown)
D:\_GitHub\WIZ550S2E\lpc_chip_11exx\Release\liblpc_chip_11exx.a(timer_11xx.o)
                              ./src/PlatformHandler/timerHandler.o (Chip_TIMER_Init)
D:\_GitHub\WIZ550S2E\lpc_chip_11exx\Release\liblpc_chip_11exx.a(uart_11xx.o)
                              ./src/PlatformHandler/uartHandler.o (Chip_UART_Init)
c:/nxp/lpcxpresso_7.6.0_321/lpcxpresso/tools/bin/../lib/gcc/arm-none-eabi/4.9.3/../../../../arm-none-eabi/lib/armv6-m\libcr_nohost.a(_cr__main.o)
                              ./src/cr_startup_lpc11exx.o (__main)
c:/nxp/lpcxpresso_7.6.0_321/lpcxpresso/tools/bin/../lib/gcc/arm-none-eabi/4.9.3/../../../../arm-none-eabi/lib/armv6-m\libcr_c.a(memcpy.o)
                              ./src/S2E/S2E.o (memcpy)
c:/nxp/lpcxpresso_7.6.0_321/lpcxpresso/tools/bin/../lib/gcc/arm-none-eabi/4.9.3/../../../../arm-none-eabi/lib/armv6-m\libcr_c.a(memset.o)
                              ./src/netutil/netutil.o (memset)
c:/nxp/lpcxpresso_7.6.0_321/lpcxpresso/tools/bin/../lib/gcc/arm-none-eabi/4.9.3/../../../../arm-none-eabi/lib/armv6-m\libcr_c.a(alloc.o)
                              ./src/ATcmd/atcmd.o (malloc)
c:/nxp/lpcxpresso_7.6.0_321/lpcxpresso/tools/bin/../lib/gcc/arm-none-eabi/4.9.3/../../../../arm-none-eabi/lib/armv6-m\libcr_c.a(ctype.o)
                              ./src/ATcmd/atcmd.o (isalpha)
c:/nxp/lpcxpresso_7.6.0_321/lpcxpresso/tools/bin/../lib/gcc/arm-none-eabi/4.9.3/../../../../arm-none-eabi/lib/armv6-m\libcr_c.a(fpprintf.o)
                              ./src/netutil/netutil.o (sprintf)
c:/nxp/lpcxpresso_7.6.0_321/lpcxpresso/tools/bin/../lib/gcc/arm-none-eabi/4.9.3/../../../../arm-none-eabi/lib/armv6-m\libcr_c.a(initio.o)
                              c:/nxp/lpcxpresso_7.6.0_321/lpcxpresso/tools/bin/../lib/gcc/arm-none-eabi/4.9.3/../../../../arm-none-eabi/lib/armv6-m\libcr_nohost.a(_cr__main.o) (_initio)
c:/nxp/lpcxpresso_7.6.0_321/lpcxpresso/tools/bin/../lib/gcc/arm-none-eabi/4.9.3/../../../../arm-none-eabi/lib/armv6-m\libcr_c.a(memcmp.o)
                              ./src/S2E/S2E.o (memcmp)
c:/nxp/lpcxpresso_7.6.0_321/lpcxpresso/tools/bin/../lib/gcc/arm-none-eabi/4.9.3/../../../../arm-none-eabi/lib/armv6-m\libcr_c.a(printf.o)
                              c:/nxp/lpcxpresso_7.6.0_321/lpcxpresso/tools/bin/../lib/gcc/arm-none-eabi/4.9.3/../../../../arm-none-eabi/lib/armv6-m\libcr_c.a(fpprintf.o) (__vfprintf)
c:/nxp/lpcxpresso_7.6.0_321/lpcxpresso/tools/bin/../lib/gcc/arm-none-eabi/4.9.3/../../../../arm-none-eabi/lib/armv6-m\libcr_c.a(scanf.o)
                              ./src/netutil/netutil.o (strtol)
c:/nxp/lpcxpresso_7.6.0_321/lpcxpresso/tools/bin/../lib/gcc/arm-none-eabi/4.9.3/../../../../arm-none-eabi/lib/armv6-m\libcr_c.a(setvbuf.o)
                              c:/nxp/lpcxpresso_7.6.0_321/lpcxpresso/tools/bin/../lib/gcc/arm-none-eabi/4.9.3/../../../../arm-none-eabi/lib/armv6-m\libcr_c.a(initio.o) (setvbuf)
c:/nxp/lpcxpresso_7.6.0_321/lpcxpresso/tools/bin/../lib/gcc/arm-none-eabi/4.9.3/../../../../arm-none-eabi/lib/armv6-m\libcr_c.a(stdio.o)
                              c:/nxp/lpcxpresso_7.6.0_321/lpcxpresso/tools/bin/../lib/gcc/arm-none-eabi/4.9.3/../../../../arm-none-eabi/lib/armv6-m\libcr_c.a(fpprintf.o) (__Ciob)
[...]
Memory Configuration

Name             Origin             Length             Attributes
MFlash96         0x00006000         0x00012000         xr
RamLoc8          0x10000000         0x00002000         xrw
RamPeriph2       0x20000000         0x00000800         xrw
SRAM1_2          0x20004000         0x00000800         xrw
*default*        0x00000000         0xffffffff

Linker script and memory map

LOAD ./src/netutil/netutil.o
LOAD ./src/callback/dhcp_cb.o
LOAD ./src/S2E/S2E.o
LOAD ./src/PlatformHandler/eepromHandler.o
LOAD ./src/PlatformHandler/sspHandler.o
LOAD ./src/PlatformHandler/timerHandler.o
LOAD ./src/PlatformHandler/uartHandler.o
LOAD ./src/Internet/DNS/dns.o
LOAD ./src/Internet/DHCP/dhcp.o
LOAD ./src/Ethernet/W5500/w5500.o
LOAD ./src/Ethernet/socket.o
LOAD ./src/Ethernet/wizchip_conf.o
LOAD ./src/Configuration/ConfigData.o
LOAD ./src/Configuration/ConfigMessage.o
LOAD ./src/ATcmd/library/sockutil.o
LOAD ./src/ATcmd/library/util.o
LOAD ./src/ATcmd/atcmd.o
LOAD ./src/ATcmd/cmdrun.o
LOAD ./src/aeabi_romdiv_patch.o
LOAD ./src/cr_startup_lpc11exx.o
LOAD ./src/crp.o
LOAD ./src/main.o
LOAD ./src/sysinit.o
LOAD D:\_GitHub\WIZ550S2E\wiznet_s2e_wiz550s2e_board\Release\libwiznet_s2e_wiz550s2e_board.a
LOAD D:\_GitHub\WIZ550S2E\lpc_chip_11exx\Release\liblpc_chip_11exx.a
START GROUP
LOAD c:/nxp/lpcxpresso_7.6.0_321/lpcxpresso/tools/bin/../lib/gcc/arm-none-eabi/4.9.3/../../../../arm-none-eabi/lib/armv6-m\libcr_nohost.a
LOAD c:/nxp/lpcxpresso_7.6.0_321/lpcxpresso/tools/bin/../lib/gcc/arm-none-eabi/4.9.3/../../../../arm-none-eabi/lib/armv6-m\libcr_c.a
LOAD c:/nxp/lpcxpresso_7.6.0_321/lpcxpresso/tools/bin/../lib/gcc/arm-none-eabi/4.9.3/armv6-m\libcr_eabihelpers.a
END GROUP
                0x00018000                __top_MFlash96 = 0x18000
                0x10002000                __top_RamLoc8 = 0x10002000
                0x20000800                __top_RamPeriph2 = 0x20000800
                0x20004800                __top_SRAM1_2 = 0x20004800

.text           0x00006000     0xe510
 FILL mask 0xff
                0x00006000                __vectors_start__ = ABSOLUTE (.)
 *(.isr_vector)
 .isr_vector    0x00006000       0xc0 ./src/cr_startup_lpc11exx.o
                0x00006000                g_pfnVectors
                0x000060c0                . = ALIGN (0x4)
                0x000060c0                __section_table_start = .
                0x000060c0                __data_section_table = .
                0x000060c0        0x4 LONG 0x14510 LOADADDR (.data)
                0x000060c4        0x4 LONG 0x10000000 ADDR (.data)
                0x000060c8        0x4 LONG 0x154 SIZEOF (.data)
                0x000060cc        0x4 LONG 0x14510 LOADADDR (.data_RAM2)
                0x000060d0        0x4 LONG 0x20000000 ADDR (.data_RAM2)
                0x000060d4        0x4 LONG 0x0 SIZEOF (.data_RAM2)
                0x000060d8        0x4 LONG 0x14510 LOADADDR (.data_RAM3)
                0x000060dc        0x4 LONG 0x20004000 ADDR (.data_RAM3)
                0x000060e0        0x4 LONG 0x0 SIZEOF (.data_RAM3)
                0x000060e4                __data_section_table_end = .
                0x000060e4                __bss_section_table = .
                0x000060e4        0x4 LONG 0x10000154 ADDR (.bss)
                0x000060e8        0x4 LONG 0x146c SIZEOF (.bss)
                0x000060ec        0x4 LONG 0x20000000 ADDR (.bss_RAM2)
                0x000060f0        0x4 LONG 0x0 SIZEOF (.bss_RAM2)
                0x000060f4        0x4 LONG 0x20004000 ADDR (.bss_RAM3)
                0x000060f8        0x4 LONG 0x0 SIZEOF (.bss_RAM3)
                0x000060fc                __bss_section_table_end = .
                0x000060fc                __section_table_end = .
 *(.after_vectors*)
 .after_vectors
                0x000060fc       0xd8 ./src/cr_startup_lpc11exx.o
                0x000060fc                NMI_Handler
                0x00006100                HardFault_Handler
                0x00006104                SVC_Handler
                0x00006108                PendSV_Handler
                0x0000610c                SysTick_Handler
                0x00006110                FLEX_INT7_IRQHandler
                0x00006110                FMC_IRQHandler
                0x00006110                TIMER32_1_IRQHandler
                0x00006110                FLEX_INT1_IRQHandler
                0x00006110                IntDefaultHandler
                0x00006110                SSP0_IRQHandler
                0x00006110                FLEX_INT6_IRQHandler
                0x00006110                FLEX_INT2_IRQHandler
                0x00006110                TIMER16_1_IRQHandler
                0x00006110                FLEX_INT5_IRQHandler
                0x00006110                ADC_IRQHandler
                0x00006110                SSP1_IRQHandler
                0x00006110                FLEX_INT3_IRQHandler
                0x00006110                BOD_IRQHandler
                0x00006110                I2C_IRQHandler
                0x00006110                WDT_IRQHandler
                0x00006110                TIMER16_0_IRQHandler
                0x00006110                GINT0_IRQHandler
                0x00006110                FLEX_INT4_IRQHandler
                0x00006110                GINT1_IRQHandler
                0x00006114                ResetISR
                0x000061ac                data_init
                0x000061c0                bss_init
                0x000002fc                . = 0x2fc
 *fill*         0x000061d4      0x128 ff
                0x000062fc                PROVIDE (__CRP_WORD_START__, .)
 *(.crp)
 .crp           0x000062fc        0x4 ./src/crp.o
                0x000062fc                CRP_WORD
                0x00006300                PROVIDE (__CRP_WORD_END__, .)
                0x00000001                ASSERT (! ((__CRP_WORD_START__ == __CRP_WORD_END__)), Linker CRP Enabled, but no CRP_WORD provided within application)
 *(.text*)
 .text.w5500_dhcp_assign
                0x00006300       0x94 ./src/callback/dhcp_cb.o
                0x00006300                w5500_dhcp_assign
 .text.w5500_dhcp_conflict
                0x00006394        0x4 ./src/callback/dhcp_cb.o
                0x00006394                w5500_dhcp_conflict
 .text.ether_to_uart
                0x00006398       0xe8 ./src/S2E/S2E.o
 .text.uart_to_ether
                0x00006480      0x2d4 ./src/S2E/S2E.o
 .text.s2e_run  0x00006754      0x7b4 ./src/S2E/S2E.o
                0x00006754                s2e_run
 .text.read_eeprom
                0x00006f08       0x44 ./src/PlatformHandler/eepromHandler.o
                0x00006f08                read_eeprom
 .text.write_eeprom
                0x00006f4c       0x44 ./src/PlatformHandler/eepromHandler.o
                0x00006f4c                write_eeprom
 .text.wizchip_select
                0x00006f90        0xc ./src/PlatformHandler/sspHandler.o
 .text.wizchip_deselect
                0x00006f9c        0xc ./src/PlatformHandler/sspHandler.o
 .text.wizchip_readburst
                0x00006fa8       0x14 ./src/PlatformHandler/sspHandler.o
                0x00006fa8                wizchip_readburst
 .text.wizchip_read
                0x00006fbc       0x1c ./src/PlatformHandler/sspHandler.o
 .text.wizchip_writeburst
                0x00006fd8       0x14 ./src/PlatformHandler/sspHandler.o
                0x00006fd8                wizchip_writeburst
 .text.wizchip_write
                0x00006fec       0x1c ./src/PlatformHandler/sspHandler.o
 .text.SPI_Init
                0x00007008       0x88 ./src/PlatformHandler/sspHandler.o
                0x00007008                SPI_Init
 .text.W5500_Init
                0x00007090       0x80 ./src/PlatformHandler/sspHandler.o
                0x00007090                W5500_Init
 .text.TIMER32_0_IRQHandler
                0x00007110      0x260 ./src/PlatformHandler/timerHandler.o
                0x00007110                TIMER32_0_IRQHandler
 .text.timer_Init
                0x00007370       0x54 ./src/PlatformHandler/timerHandler.o
                0x00007370                timer_Init
 .text.delay_cnt
                0x000073c4       0x14 ./src/PlatformHandler/timerHandler.o
                0x000073c4                delay_cnt
 .text.USART_IRQHandler
                0x000073d8       0x1c ./src/PlatformHandler/uartHandler.o
                0x000073d8                USART_IRQHandler
 .text.serial_info_init
                0x000073f4      0x100 ./src/PlatformHandler/uartHandler.o
                0x000073f4                serial_info_init
 .text.UART_buffer_flush
                0x000074f4        0x8 ./src/PlatformHandler/uartHandler.o
                0x000074f4                UART_buffer_flush
 .text.UART_read
                0x000074fc       0x18 ./src/PlatformHandler/uartHandler.o
                0x000074fc                UART_read
 .text.UART_write
                0x00007514       0x18 ./src/PlatformHandler/uartHandler.o
                0x00007514                UART_write
 .text.UART_Init
                0x0000752c      0x170 ./src/PlatformHandler/uartHandler.o
                0x0000752c                UART_Init
 .text.parseDNSMSG
                0x0000769c      0x94c ./src/Internet/DNS/dns.o
                0x0000769c                parseDNSMSG
 .text.DNS_init
                0x00007fe8       0x20 ./src/Internet/DNS/dns.o
                0x00007fe8                DNS_init
 .text.DNS_run  0x00008008      0x208 ./src/Internet/DNS/dns.o
                0x00008008                DNS_run
 .text.DNS_time_handler
                0x00008210       0x10 ./src/Internet/DNS/dns.o
                0x00008210                DNS_time_handler
 .text.default_ip_assign
                0x00008220       0x34 ./src/Internet/DHCP/dhcp.o
                0x00008220                default_ip_assign
 .text.default_ip_conflict
                0x00008254       0x24 ./src/Internet/DHCP/dhcp.o
                0x00008254                default_ip_conflict
 .text.default_ip_update
                0x00008278       0x54 ./src/Internet/DHCP/dhcp.o
                0x00008278                default_ip_update
 .text.reg_dhcp_cbfunc
                0x000082cc       0x40 ./src/Internet/DHCP/dhcp.o
                0x000082cc                reg_dhcp_cbfunc
 .text.makeDHCPMSG
                0x0000830c       0xd4 ./src/Internet/DHCP/dhcp.o
                0x0000830c                makeDHCPMSG
 .text.send_DHCP_DISCOVER
                0x000083e0      0x1c4 ./src/Internet/DHCP/dhcp.o
                0x000083e0                send_DHCP_DISCOVER
 .text.send_DHCP_REQUEST
                0x000085a4      0x3c8 ./src/Internet/DHCP/dhcp.o
                0x000085a4                send_DHCP_REQUEST
 .text.send_DHCP_DECLINE
                0x0000896c      0x108 ./src/Internet/DHCP/dhcp.o
                0x0000896c                send_DHCP_DECLINE
 .text.DHCP_run
                0x00008a74      0x430 ./src/Internet/DHCP/dhcp.o
                0x00008a74                DHCP_run
 .text.DHCP_init
                0x00008ea4       0xd4 ./src/Internet/DHCP/dhcp.o
                0x00008ea4                DHCP_init
 .text.DHCP_time_handler
                0x00008f78       0x10 ./src/Internet/DHCP/dhcp.o
                0x00008f78                DHCP_time_handler
 .text.getIPfromDHCP
                0x00008f88       0x18 ./src/Internet/DHCP/dhcp.o
                0x00008f88                getIPfromDHCP
 .text.getGWfromDHCP
                0x00008fa0       0x18 ./src/Internet/DHCP/dhcp.o
                0x00008fa0                getGWfromDHCP
 .text.getSNfromDHCP
                0x00008fb8       0x18 ./src/Internet/DHCP/dhcp.o
                0x00008fb8                getSNfromDHCP
 .text.getDNSfromDHCP
                0x00008fd0       0x18 ./src/Internet/DHCP/dhcp.o
                0x00008fd0                getDNSfromDHCP
 .text.WIZCHIP_READ
                0x00008fe8       0x5c ./src/Ethernet/W5500/w5500.o
                0x00008fe8                WIZCHIP_READ
 .text.WIZCHIP_WRITE
                0x00009044       0x60 ./src/Ethernet/W5500/w5500.o
                0x00009044                WIZCHIP_WRITE
 .text.WIZCHIP_READ_BUF
                0x000090a4       0x78 ./src/Ethernet/W5500/w5500.o
                0x000090a4                WIZCHIP_READ_BUF
 .text.WIZCHIP_WRITE_BUF
                0x0000911c       0x88 ./src/Ethernet/W5500/w5500.o
                0x0000911c                WIZCHIP_WRITE_BUF
 .text.getSn_TX_FSR
                0x000091a4       0x50 ./src/Ethernet/W5500/w5500.o
                0x000091a4                getSn_TX_FSR
 .text.getSn_RX_RSR
                0x000091f4       0x50 ./src/Ethernet/W5500/w5500.o
                0x000091f4                getSn_RX_RSR
 .text.wiz_send_data
                0x00009244       0x6c ./src/Ethernet/W5500/w5500.o
                0x00009244                wiz_send_data
 .text.wiz_recv_data
                0x000092b0       0x6c ./src/Ethernet/W5500/w5500.o
                0x000092b0                wiz_recv_data
 .text.wiz_recv_ignore
                0x0000931c       0x40 ./src/Ethernet/W5500/w5500.o
                0x0000931c                wiz_recv_ignore
 .text.socket   0x0000935c      0x1ac ./src/Ethernet/socket.o
                0x0000935c                socket
 .text.close    0x00009508       0x70 ./src/Ethernet/socket.o
                0x00009508                close
 .text.listen   0x00009578       0xd0 ./src/Ethernet/socket.o
                0x00009578                listen
 .text.connect  0x00009648       0xec ./src/Ethernet/socket.o
                0x00009648                connect
 .text.disconnect
                0x00009734       0xf0 ./src/Ethernet/socket.o
                0x00009734                disconnect
 .text.send     0x00009824      0x1c8 ./src/Ethernet/socket.o
                0x00009824                send
 .text.recv     0x000099ec      0x194 ./src/Ethernet/socket.o
                0x000099ec                recv
 .text.sendto   0x00009b80      0x16c ./src/Ethernet/socket.o
                0x00009b80                sendto
 .text.recvfrom
                0x00009cec      0x1f4 ./src/Ethernet/socket.o
                0x00009cec                recvfrom
 .text.ctlsocket
                0x00009ee0       0xe8 ./src/Ethernet/socket.o
                0x00009ee0                ctlsocket
 .text.getsockopt
                0x00009fc8      0x130 ./src/Ethernet/socket.o
                0x00009fc8                getsockopt
 .text.wizchip_cris_enter
                0x0000a0f8        0x4 ./src/Ethernet/wizchip_conf.o
                0x0000a0f8                wizchip_cris_enter
 .text.wizchip_cris_exit
                0x0000a0fc        0x4 ./src/Ethernet/wizchip_conf.o
                0x0000a0fc                wizchip_cris_exit
 .text.wizchip_cs_select
                0x0000a100        0x4 ./src/Ethernet/wizchip_conf.o
                0x0000a100                wizchip_cs_select
 .text.wizchip_cs_deselect
                0x0000a104        0x4 ./src/Ethernet/wizchip_conf.o
                0x0000a104                wizchip_cs_deselect
 .text.wizchip_bus_readbyte
                0x0000a108        0x8 ./src/Ethernet/wizchip_conf.o
                0x0000a108                wizchip_bus_readbyte
 .text.wizchip_bus_writebyte
                0x0000a110        0x4 ./src/Ethernet/wizchip_conf.o
                0x0000a110                wizchip_bus_writebyte
 .text.wizchip_spi_readbyte
                0x0000a114        0x4 ./src/Ethernet/wizchip_conf.o
                0x0000a114                wizchip_spi_readbyte
 .text.wizchip_spi_writebyte
                0x0000a118        0x4 ./src/Ethernet/wizchip_conf.o
                0x0000a118                wizchip_spi_writebyte
 .text.wizchip_spi_readburst
                0x0000a11c        0x4 ./src/Ethernet/wizchip_conf.o
                0x0000a11c                wizchip_spi_readburst
 .text.wizchip_spi_writeburst
                0x0000a120        0x4 ./src/Ethernet/wizchip_conf.o
                0x0000a120                wizchip_spi_writeburst
 .text.reg_wizchip_cs_cbfunc
                0x0000a124       0x24 ./src/Ethernet/wizchip_conf.o
                0x0000a124                reg_wizchip_cs_cbfunc
 .text.reg_wizchip_spi_cbfunc
                0x0000a148       0x2c ./src/Ethernet/wizchip_conf.o
                0x0000a148                reg_wizchip_spi_cbfunc
 .text.reg_wizchip_spiburst_cbfunc
                0x0000a174       0x2c ./src/Ethernet/wizchip_conf.o
                0x0000a174                reg_wizchip_spiburst_cbfunc
 .text.ctlnetwork
                0x0000a1a0      0x134 ./src/Ethernet/wizchip_conf.o
                0x0000a1a0                ctlnetwork
 .text.wizchip_init
                0x0000a2d4      0x110 ./src/Ethernet/wizchip_conf.o
                0x0000a2d4                wizchip_init
 .text.ctlwizchip
                0x0000a3e4      0x324 ./src/Ethernet/wizchip_conf.o
                0x0000a3e4                ctlwizchip
 .text.get_S2E_Packet_pointer
                0x0000a708        0x8 ./src/Configuration/ConfigData.o
                0x0000a708                get_S2E_Packet_pointer
 .text.set_S2E_Packet_to_factory_value
                0x0000a710      0x180 ./src/Configuration/ConfigData.o
                0x0000a710                set_S2E_Packet_to_factory_value
 .text.load_S2E_Packet_from_eeprom
                0x0000a890       0x34 ./src/Configuration/ConfigData.o
                0x0000a890                load_S2E_Packet_from_eeprom
 .text.save_S2E_Packet_to_eeprom
                0x0000a8c4       0x20 ./src/Configuration/ConfigData.o
                0x0000a8c4                save_S2E_Packet_to_eeprom
 .text.get_S2E_Packet_value
                0x0000a8e4        0x8 ./src/Configuration/ConfigData.o
                0x0000a8e4                get_S2E_Packet_value
 .text.set_S2E_Packet_value
                0x0000a8ec        0x8 ./src/Configuration/ConfigData.o
                0x0000a8ec                set_S2E_Packet_value
 .text.set_S2E_Packet
                0x0000a8f4       0x5c ./src/Configuration/ConfigData.o
                0x0000a8f4                set_S2E_Packet
 .text.get_S2E_Packet
                0x0000a950       0x58 ./src/Configuration/ConfigData.o
                0x0000a950                get_S2E_Packet
 .text.Mac_Conf
                0x0000a9a8       0x18 ./src/Configuration/ConfigData.o
                0x0000a9a8                Mac_Conf
 .text.Net_Conf
                0x0000a9c0       0x68 ./src/Configuration/ConfigData.o
                0x0000a9c0                Net_Conf
 .text.set_mac  0x0000aa28       0x14 ./src/Configuration/ConfigData.o
                0x0000aa28                set_mac
 .text.unlikely.NVIC_SystemReset
                0x0000aa3c       0x18 ./src/Configuration/ConfigMessage.o
 .text.process_get_info
                0x0000aa54      0x198 ./src/Configuration/ConfigMessage.o
 .text.process_set_info
                0x0000abec      0x1e4 ./src/Configuration/ConfigMessage.o
 .text.do_udp_config
                0x0000add0      0x7a8 ./src/Configuration/ConfigMessage.o
                0x0000add0                do_udp_config
 .text.sockwatch_open
                0x0000b578       0x20 ./src/ATcmd/library/sockutil.o
                0x0000b578                sockwatch_open
 .text.sockwatch_set
                0x0000b598       0x1c ./src/ATcmd/library/sockutil.o
                0x0000b598                sockwatch_set
 .text.sockwatch_clr
                0x0000b5b4       0x1c ./src/ATcmd/library/sockutil.o
                0x0000b5b4                sockwatch_clr
 .text.sockwatch_run
                0x0000b5d0      0x210 ./src/ATcmd/library/sockutil.o
                0x0000b5d0                sockwatch_run
 .text.ip_check
                0x0000b7e0       0xb8 ./src/ATcmd/library/sockutil.o
                0x0000b7e0                ip_check
 .text.port_check
                0x0000b898       0x34 ./src/ATcmd/library/sockutil.o
                0x0000b898                port_check
 .text.mac_check
                0x0000b8cc       0xb0 ./src/ATcmd/library/sockutil.o
                0x0000b8cc                mac_check
 .text.digit_length
                0x0000b97c       0x3c ./src/ATcmd/library/util.o
                0x0000b97c                digit_length
 .text.str_check
                0x0000b9b8       0x2c ./src/ATcmd/library/util.o
                0x0000b9b8                str_check
 .text.strsep   0x0000b9e4       0x3c ./src/ATcmd/library/util.o
                0x0000b9e4                strsep
 .text.cmd_resp.constprop.5
                0x0000ba20      0x3a8 ./src/ATcmd/atcmd.o
 .text.hdl_fdns
                0x0000bdc8       0xac ./src/ATcmd/atcmd.o
 .text.hdl_msave
                0x0000be74       0x58 ./src/ATcmd/atcmd.o
 .text.cmd_resp.constprop.6
                0x0000becc      0x3a8 ./src/ATcmd/atcmd.o
 .text.hdl_nauto
                0x0000c274       0x2c ./src/ATcmd/atcmd.o
 .text.hdl_estat
                0x0000c2a0       0x2c ./src/ATcmd/atcmd.o
 .text.atc_init
                0x0000c2cc       0x54 ./src/ATcmd/atcmd.o
                0x0000c2cc                atc_init
 .text.cmd_resp_dump
                0x0000c320       0x60 ./src/ATcmd/atcmd.o
                0x0000c320                cmd_resp_dump
 .text.cmd_resp
                0x0000c380      0x574 ./src/ATcmd/atcmd.o
                0x0000c380                cmd_resp
 .text.hdl_mrst
                0x0000c8f4       0x64 ./src/ATcmd/atcmd.o
 .text.hdl_mdata
                0x0000c958      0x114 ./src/ATcmd/atcmd.o
 .text.hdl_musart
                0x0000ca6c      0x574 ./src/ATcmd/atcmd.o
 .text.hdl_mstat
                0x0000cfe0      0x114 ./src/ATcmd/atcmd.o
 .text.hdl_mset
                0x0000d0f4      0x2c0 ./src/ATcmd/atcmd.o
 .text.hdl_nsock
                0x0000d3b4      0x140 ./src/ATcmd/atcmd.o
 .text.hdl_nsend
                0x0000d4f4      0x294 ./src/ATcmd/atcmd.o
 .text.hdl_nclose
                0x0000d788      0x12c ./src/ATcmd/atcmd.o
 .text.hdl_nopen
                0x0000d8b4      0x60c ./src/ATcmd/atcmd.o
 .text.hdl_nmac
                0x0000dec0      0x150 ./src/ATcmd/atcmd.o
 .text.hdl_nstat
                0x0000e010      0x11c ./src/ATcmd/atcmd.o
 .text.hdl_nset
                0x0000e12c      0x45c ./src/ATcmd/atcmd.o
 .text.atc_run  0x0000e588      0x6c8 ./src/ATcmd/atcmd.o
                0x0000e588                atc_run
 .text.sock_put
                0x0000ec50       0x3c ./src/ATcmd/cmdrun.o
 .text.act_nset_q
                0x0000ec8c      0x178 ./src/ATcmd/cmdrun.o
                0x0000ec8c                act_nset_q
 .text.act_nset_a
                0x0000ee04       0xc8 ./src/ATcmd/cmdrun.o
                0x0000ee04                act_nset_a
 .text.act_nstat
                0x0000eecc      0x178 ./src/ATcmd/cmdrun.o
                0x0000eecc                act_nstat
 .text.act_nmac_q
                0x0000f044       0x50 ./src/ATcmd/cmdrun.o
                0x0000f044                act_nmac_q
 .text.act_nmac_a
                0x0000f094       0x48 ./src/ATcmd/cmdrun.o
                0x0000f094                act_nmac_a
 .text.act_nopen_q
                0x0000f0dc       0x10 ./src/ATcmd/cmdrun.o
                0x0000f0dc                act_nopen_q
 .text.act_nopen_a
                0x0000f0ec      0x2bc ./src/ATcmd/cmdrun.o
                0x0000f0ec                act_nopen_a
 .text.act_nclose
                0x0000f3a8       0xb8 ./src/ATcmd/cmdrun.o
                0x0000f3a8                act_nclose
 .text.act_nsend_chk
                0x0000f460      0x158 ./src/ATcmd/cmdrun.o
                0x0000f460                act_nsend_chk
 .text.act_nsend
                0x0000f5b8       0xf0 ./src/ATcmd/cmdrun.o
                0x0000f5b8                act_nsend
 .text.act_nrecv
                0x0000f6a8      0x1c8 ./src/ATcmd/cmdrun.o
                0x0000f6a8                act_nrecv
 .text.atc_async_cb
                0x0000f870      0x178 ./src/ATcmd/cmdrun.o
                0x0000f870                atc_async_cb
 .text.act_nsock
                0x0000f9e8      0x2d8 ./src/ATcmd/cmdrun.o
                0x0000f9e8                act_nsock
 .text.act_mset_q
                0x0000fcc0        0x4 ./src/ATcmd/cmdrun.o
                0x0000fcc0                act_mset_q
 .text.act_mset_a
                0x0000fcc4        0x4 ./src/ATcmd/cmdrun.o
                0x0000fcc4                act_mset_a
 .text.act_mstat
                0x0000fcc8       0x34 ./src/ATcmd/cmdrun.o
                0x0000fcc8                act_mstat
 .text.act_uart_q
                0x0000fcfc      0x138 ./src/ATcmd/cmdrun.o
                0x0000fcfc                act_uart_q
 .text.act_uart_a
                0x0000fe34       0x30 ./src/ATcmd/cmdrun.o
                0x0000fe34                act_uart_a
 .text.act_mdata
                0x0000fe64       0x7c ./src/ATcmd/cmdrun.o
                0x0000fe64                act_mdata
 .text.act_msave
                0x0000fee0       0x14 ./src/ATcmd/cmdrun.o
                0x0000fee0                act_msave
 .text.act_fdns
                0x0000fef4       0xc0 ./src/ATcmd/cmdrun.o
                0x0000fef4                act_fdns
 .text.__aeabi_idiv
                0x0000ffb4       0x10 ./src/aeabi_romdiv_patch.o
                0x0000ffb4                __aeabi_idivmod
                0x0000ffb4                __aeabi_idiv
 .text.__aeabi_uidiv
                0x0000ffc4       0x10 ./src/aeabi_romdiv_patch.o
                0x0000ffc4                __aeabi_uidivmod
                0x0000ffc4                __aeabi_uidiv
 .text.startup.main
                0x0000ffd4      0x1cc ./src/main.o
                0x0000ffd4                main
 .text.SystemInit
                0x000101a0        0x8 ./src/sysinit.o
                0x000101a0                SystemInit
 .text.Board_UARTPutChar
                0x000101a8       0x18 D:\_GitHub\WIZ550S2E\wiznet_s2e_wiz550s2e_board\Release\libwiznet_s2e_wiz550s2e_board.a(board.o)
                0x000101a8                Board_UARTPutChar
 .text.__sys_write
                0x000101c0       0x1a D:\_GitHub\WIZ550S2E\wiznet_s2e_wiz550s2e_board\Release\libwiznet_s2e_wiz550s2e_board.a(board.o)
                0x000101c0                __sys_write
 *fill*         0x000101da        0x2 
 .text.Board_Debug_Init
                0x000101dc       0x44 D:\_GitHub\WIZ550S2E\wiznet_s2e_wiz550s2e_board\Release\libwiznet_s2e_wiz550s2e_board.a(board.o)
                0x000101dc                Board_Debug_Init
 .text.Board_LED_Set
                0x00010220       0x24 D:\_GitHub\WIZ550S2E\wiznet_s2e_wiz550s2e_board\Release\libwiznet_s2e_wiz550s2e_board.a(board.o)
                0x00010220                Board_LED_Set
 .text.Board_LED_Toggle
                0x00010244       0x28 D:\_GitHub\WIZ550S2E\wiznet_s2e_wiz550s2e_board\Release\libwiznet_s2e_wiz550s2e_board.a(board.o)
                0x00010244                Board_LED_Toggle
 .text.FLEX_INT0_IRQHandler
                0x0001026c       0x1c D:\_GitHub\WIZ550S2E\wiznet_s2e_wiz550s2e_board\Release\libwiznet_s2e_wiz550s2e_board.a(board.o)
                0x0001026c                FLEX_INT0_IRQHandler
 .text.Board_factory_get
                0x00010288        0xe D:\_GitHub\WIZ550S2E\wiznet_s2e_wiz550s2e_board\Release\libwiznet_s2e_wiz550s2e_board.a(board.o)
                0x00010288                Board_factory_get
 *fill*         0x00010296        0x2 
 .text.Board_factory_Init
                0x00010298       0x60 D:\_GitHub\WIZ550S2E\wiznet_s2e_wiz550s2e_board\Release\libwiznet_s2e_wiz550s2e_board.a(board.o)
                0x00010298                Board_factory_Init
 .text.Board_Init
                0x000102f8       0x3c D:\_GitHub\WIZ550S2E\wiznet_s2e_wiz550s2e_board\Release\libwiznet_s2e_wiz550s2e_board.a(board.o)
                0x000102f8                Board_Init
 .text.Board_SystemInit
                0x00010334       0x9c D:\_GitHub\WIZ550S2E\wiznet_s2e_wiz550s2e_board\Release\libwiznet_s2e_wiz550s2e_board.a(board_sysinit.o)
                0x00010334                Board_SystemInit
 .text.SystemCoreClockUpdate
                0x000103d0       0x10 D:\_GitHub\WIZ550S2E\lpc_chip_11exx\Release\liblpc_chip_11exx.a(chip_11xx.o)
                0x000103d0                SystemCoreClockUpdate
 .text.Chip_Clock_SetSystemPLLSource
                0x000103e0       0x14 D:\_GitHub\WIZ550S2E\lpc_chip_11exx\Release\liblpc_chip_11exx.a(clock_11xx.o)
                0x000103e0                Chip_Clock_SetSystemPLLSource
 .text.Chip_Clock_SetMainClockSource
                0x000103f4       0x14 D:\_GitHub\WIZ550S2E\lpc_chip_11exx\Release\liblpc_chip_11exx.a(clock_11xx.o)
                0x000103f4                Chip_Clock_SetMainClockSource
 .text.Chip_Clock_GetWDTOSCRate
                0x00010408       0x28 D:\_GitHub\WIZ550S2E\lpc_chip_11exx\Release\liblpc_chip_11exx.a(clock_11xx.o)
                0x00010408                Chip_Clock_GetWDTOSCRate
 .text.Chip_Clock_GetSystemPLLInClockRate
                0x00010430       0x28 D:\_GitHub\WIZ550S2E\lpc_chip_11exx\Release\liblpc_chip_11exx.a(clock_11xx.o)
                0x00010430                Chip_Clock_GetSystemPLLInClockRate
 .text.Chip_Clock_GetSystemPLLOutClockRate
                0x00010458       0x18 D:\_GitHub\WIZ550S2E\lpc_chip_11exx\Release\liblpc_chip_11exx.a(clock_11xx.o)
                0x00010458                Chip_Clock_GetSystemPLLOutClockRate
 .text.Chip_Clock_GetMainClockRate
                0x00010470       0x34 D:\_GitHub\WIZ550S2E\lpc_chip_11exx\Release\liblpc_chip_11exx.a(clock_11xx.o)
                0x00010470                Chip_Clock_GetMainClockRate
 .text.Chip_Clock_GetSystemClockRate
                0x000104a4       0x14 D:\_GitHub\WIZ550S2E\lpc_chip_11exx\Release\liblpc_chip_11exx.a(clock_11xx.o)
                0x000104a4                Chip_Clock_GetSystemClockRate
 .text.Chip_GPIO_Init
                0x000104b8       0x10 D:\_GitHub\WIZ550S2E\lpc_chip_11exx\Release\liblpc_chip_11exx.a(gpio_11xx_1.o)
                0x000104b8                Chip_GPIO_Init
 .text.Chip_IOCON_PinMuxSet
                0x000104c8        0xc D:\_GitHub\WIZ550S2E\lpc_chip_11exx\Release\liblpc_chip_11exx.a(iocon_11xx.o)
                0x000104c8                Chip_IOCON_PinMuxSet
 .text.RingBuffer_Init
                0x000104d4       0x10 D:\_GitHub\WIZ550S2E\lpc_chip_11exx\Release\liblpc_chip_11exx.a(ring_buffer.o)
                0x000104d4                RingBuffer_Init
 .text.RingBuffer_Insert
                0x000104e4       0x30 D:\_GitHub\WIZ550S2E\lpc_chip_11exx\Release\liblpc_chip_11exx.a(ring_buffer.o)
                0x000104e4                RingBuffer_Insert
 .text.RingBuffer_InsertMult
                0x00010514       0x7a D:\_GitHub\WIZ550S2E\lpc_chip_11exx\Release\liblpc_chip_11exx.a(ring_buffer.o)
                0x00010514                RingBuffer_InsertMult
 .text.RingBuffer_Pop
                0x0001058e       0x30 D:\_GitHub\WIZ550S2E\lpc_chip_11exx\Release\liblpc_chip_11exx.a(ring_buffer.o)
                0x0001058e                RingBuffer_Pop
 .text.RingBuffer_PopMult
                0x000105be       0x78 D:\_GitHub\WIZ550S2E\lpc_chip_11exx\Release\liblpc_chip_11exx.a(ring_buffer.o)
                0x000105be                RingBuffer_PopMult
 *fill*         0x00010636        0x2 
 .text.Chip_SSP_SetClockRate
                0x00010638       0x18 D:\_GitHub\WIZ550S2E\lpc_chip_11exx\Release\liblpc_chip_11exx.a(ssp_11xx.o)
                0x00010638                Chip_SSP_SetClockRate
 .text.Chip_SSP_WriteFrames_Blocking
                0x00010650       0x8c D:\_GitHub\WIZ550S2E\lpc_chip_11exx\Release\liblpc_chip_11exx.a(ssp_11xx.o)
                0x00010650                Chip_SSP_WriteFrames_Blocking
 .text.Chip_SSP_ReadFrames_Blocking
                0x000106dc       0xc0 D:\_GitHub\WIZ550S2E\lpc_chip_11exx\Release\liblpc_chip_11exx.a(ssp_11xx.o)
                0x000106dc                Chip_SSP_ReadFrames_Blocking
 .text.Chip_SSP_SetMaster
                0x0001079c       0x10 D:\_GitHub\WIZ550S2E\lpc_chip_11exx\Release\liblpc_chip_11exx.a(ssp_11xx.o)
                0x0001079c                Chip_SSP_SetMaster
 .text.Chip_SSP_SetBitRate
                0x000107ac       0x64 D:\_GitHub\WIZ550S2E\lpc_chip_11exx\Release\liblpc_chip_11exx.a(ssp_11xx.o)
                0x000107ac                Chip_SSP_SetBitRate
 .text.Chip_SSP_Init
                0x00010810       0x74 D:\_GitHub\WIZ550S2E\lpc_chip_11exx\Release\liblpc_chip_11exx.a(ssp_11xx.o)
                0x00010810                Chip_SSP_Init
 .text.Chip_SYSCTL_PowerDown
                0x00010884       0x1c D:\_GitHub\WIZ550S2E\lpc_chip_11exx\Release\liblpc_chip_11exx.a(sysctl_11xx.o)
                0x00010884                Chip_SYSCTL_PowerDown
 .text.Chip_SYSCTL_PowerUp
                0x000108a0       0x20 D:\_GitHub\WIZ550S2E\lpc_chip_11exx\Release\liblpc_chip_11exx.a(sysctl_11xx.o)
                0x000108a0                Chip_SYSCTL_PowerUp
 .text.Chip_TIMER_Init
                0x000108c0       0x3c D:\_GitHub\WIZ550S2E\lpc_chip_11exx\Release\liblpc_chip_11exx.a(timer_11xx.o)
                0x000108c0                Chip_TIMER_Init
 .text.Chip_TIMER_Reset
                0x000108fc       0x18 D:\_GitHub\WIZ550S2E\lpc_chip_11exx\Release\liblpc_chip_11exx.a(timer_11xx.o)
                0x000108fc                Chip_TIMER_Reset
 .text.Chip_UART_Init
                0x00010914       0x28 D:\_GitHub\WIZ550S2E\lpc_chip_11exx\Release\liblpc_chip_11exx.a(uart_11xx.o)
                0x00010914                Chip_UART_Init
 .text.Chip_UART_Send
                0x0001093c       0x1a D:\_GitHub\WIZ550S2E\lpc_chip_11exx\Release\liblpc_chip_11exx.a(uart_11xx.o)
                0x0001093c                Chip_UART_Send
 .text.Chip_UART_SendBlocking
                0x00010956       0x24 D:\_GitHub\WIZ550S2E\lpc_chip_11exx\Release\liblpc_chip_11exx.a(uart_11xx.o)
                0x00010956                Chip_UART_SendBlocking
 .text.Chip_UART_SetBaud
                0x0001097a       0x38 D:\_GitHub\WIZ550S2E\lpc_chip_11exx\Release\liblpc_chip_11exx.a(uart_11xx.o)
                0x0001097a                Chip_UART_SetBaud
 .text.Chip_UART_RXIntHandlerRB
                0x000109b2       0x1e D:\_GitHub\WIZ550S2E\lpc_chip_11exx\Release\liblpc_chip_11exx.a(uart_11xx.o)
                0x000109b2                Chip_UART_RXIntHandlerRB
 .text.Chip_UART_TXIntHandlerRB
                0x000109d0       0x24 D:\_GitHub\WIZ550S2E\lpc_chip_11exx\Release\liblpc_chip_11exx.a(uart_11xx.o)
                0x000109d0                Chip_UART_TXIntHandlerRB
 .text.Chip_UART_SendRB
                0x000109f4       0x3e D:\_GitHub\WIZ550S2E\lpc_chip_11exx\Release\liblpc_chip_11exx.a(uart_11xx.o)
                0x000109f4                Chip_UART_SendRB
 .text.Chip_UART_ReadRB
                0x00010a32        0xe D:\_GitHub\WIZ550S2E\lpc_chip_11exx\Release\liblpc_chip_11exx.a(uart_11xx.o)
                0x00010a32                Chip_UART_ReadRB
 .text.Chip_UART_IRQRBHandler
                0x00010a40       0x2e D:\_GitHub\WIZ550S2E\lpc_chip_11exx\Release\liblpc_chip_11exx.a(uart_11xx.o)
                0x00010a40                Chip_UART_IRQRBHandler
 .text.__main   0x00010a6e       0x12 c:/nxp/lpcxpresso_7.6.0_321/lpcxpresso/tools/bin/../lib/gcc/arm-none-eabi/4.9.3/../../../../arm-none-eabi/lib/armv6-m\libcr_nohost.a(_cr__main.o)
                0x00010a6e                __main
 .text.memcpy   0x00010a80        0x8 c:/nxp/lpcxpresso_7.6.0_321/lpcxpresso/tools/bin/../lib/gcc/arm-none-eabi/4.9.3/../../../../arm-none-eabi/lib/armv6-m\libcr_c.a(memcpy.o)
                0x00010a80                memcpy
 .text.memset   0x00010a88        0x8 c:/nxp/lpcxpresso_7.6.0_321/lpcxpresso/tools/bin/../lib/gcc/arm-none-eabi/4.9.3/../../../../arm-none-eabi/lib/armv6-m\libcr_c.a(memset.o)
                0x00010a88                memset
 .text.malloc   0x00010a90       0xc4 c:/nxp/lpcxpresso_7.6.0_321/lpcxpresso/tools/bin/../lib/gcc/arm-none-eabi/4.9.3/../../../../arm-none-eabi/lib/armv6-m\libcr_c.a(alloc.o)
                0x00010a90                malloc
 .text.free     0x00010b54       0x30 c:/nxp/lpcxpresso_7.6.0_321/lpcxpresso/tools/bin/../lib/gcc/arm-none-eabi/4.9.3/../../../../arm-none-eabi/lib/armv6-m\libcr_c.a(alloc.o)
                0x00010b54                free
 .text._Csys_alloc
                0x00010b84       0x20 c:/nxp/lpcxpresso_7.6.0_321/lpcxpresso/tools/bin/../lib/gcc/arm-none-eabi/4.9.3/../../../../arm-none-eabi/lib/armv6-m\libcr_c.a(alloc.o)
                0x00010b84                _Csys_alloc
 .text.isalpha  0x00010ba4       0x14 c:/nxp/lpcxpresso_7.6.0_321/lpcxpresso/tools/bin/../lib/gcc/arm-none-eabi/4.9.3/../../../../arm-none-eabi/lib/armv6-m\libcr_c.a(ctype.o)
                0x00010ba4                isalpha
 .text.isdigit  0x00010bb8       0x14 c:/nxp/lpcxpresso_7.6.0_321/lpcxpresso/tools/bin/../lib/gcc/arm-none-eabi/4.9.3/../../../../arm-none-eabi/lib/armv6-m\libcr_c.a(ctype.o)
                0x00010bb8                isdigit
 .text.isxdigit
                0x00010bcc       0x14 c:/nxp/lpcxpresso_7.6.0_321/lpcxpresso/tools/bin/../lib/gcc/arm-none-eabi/4.9.3/../../../../arm-none-eabi/lib/armv6-m\libcr_c.a(ctype.o)
                0x00010bcc                isxdigit
 .text.toupper  0x00010be0       0x14 c:/nxp/lpcxpresso_7.6.0_321/lpcxpresso/tools/bin/../lib/gcc/arm-none-eabi/4.9.3/../../../../arm-none-eabi/lib/armv6-m\libcr_c.a(ctype.o)
                0x00010be0                toupper
 .text.fp_round
                0x00010bf4       0x48 c:/nxp/lpcxpresso_7.6.0_321/lpcxpresso/tools/bin/../lib/gcc/arm-none-eabi/4.9.3/../../../../arm-none-eabi/lib/armv6-m\libcr_c.a(fpprintf.o)
 .text.pr_dec.constprop.1
                0x00010c3c       0x28 c:/nxp/lpcxpresso_7.6.0_321/lpcxpresso/tools/bin/../lib/gcc/arm-none-eabi/4.9.3/../../../../arm-none-eabi/lib/armv6-m\libcr_c.a(fpprintf.o)
 *fill*         0x00010c64        0x4 
 .text.sprintf  0x00010c68       0x70 c:/nxp/lpcxpresso_7.6.0_321/lpcxpresso/tools/bin/../lib/gcc/arm-none-eabi/4.9.3/../../../../arm-none-eabi/lib/armv6-m\libcr_c.a(fpprintf.o)
                0x00010c68                sprintf
 .text.fp_display
                0x00010cd8      0x980 c:/nxp/lpcxpresso_7.6.0_321/lpcxpresso/tools/bin/../lib/gcc/arm-none-eabi/4.9.3/../../../../arm-none-eabi/lib/armv6-m\libcr_c.a(fpprintf.o)
 .text.vsnprintf
                0x00011658       0x5c c:/nxp/lpcxpresso_7.6.0_321/lpcxpresso/tools/bin/../lib/gcc/arm-none-eabi/4.9.3/../../../../arm-none-eabi/lib/armv6-m\libcr_c.a(fpprintf.o)
                0x00011658                vsnprintf
 .text.printf   0x000116b4       0x50 c:/nxp/lpcxpresso_7.6.0_321/lpcxpresso/tools/bin/../lib/gcc/arm-none-eabi/4.9.3/../../../../arm-none-eabi/lib/armv6-m\libcr_c.a(fpprintf.o)
                0x000116b4                printf
 .text._initio  0x00011704       0xa4 c:/nxp/lpcxpresso_7.6.0_321/lpcxpresso/tools/bin/../lib/gcc/arm-none-eabi/4.9.3/../../../../arm-none-eabi/lib/armv6-m\libcr_c.a(initio.o)
                0x00011704                _initio
 .text.memcmp   0x000117a8       0x3a c:/nxp/lpcxpresso_7.6.0_321/lpcxpresso/tools/bin/../lib/gcc/arm-none-eabi/4.9.3/../../../../arm-none-eabi/lib/armv6-m\libcr_c.a(memcmp.o)
                0x000117a8                memcmp
 *fill*         0x000117e2        0x2 
 .text.__vfprintf
                0x000117e4      0xd4c c:/nxp/lpcxpresso_7.6.0_321/lpcxpresso/tools/bin/../lib/gcc/arm-none-eabi/4.9.3/../../../../arm-none-eabi/lib/armv6-m\libcr_c.a(printf.o)
                0x000117e4                __vfprintf
 .text.ch_val   0x00012530       0x30 c:/nxp/lpcxpresso_7.6.0_321/lpcxpresso/tools/bin/../lib/gcc/arm-none-eabi/4.9.3/../../../../arm-none-eabi/lib/armv6-m\libcr_c.a(scanf.o)
 .text._strtoul
                0x00012560       0xcc c:/nxp/lpcxpresso_7.6.0_321/lpcxpresso/tools/bin/../lib/gcc/arm-none-eabi/4.9.3/../../../../arm-none-eabi/lib/armv6-m\libcr_c.a(scanf.o)
 .text.strtol   0x0001262c       0x80 c:/nxp/lpcxpresso_7.6.0_321/lpcxpresso/tools/bin/../lib/gcc/arm-none-eabi/4.9.3/../../../../arm-none-eabi/lib/armv6-m\libcr_c.a(scanf.o)
                0x0001262c                strtol
 .text.atoi     0x000126ac       0x18 c:/nxp/lpcxpresso_7.6.0_321/lpcxpresso/tools/bin/../lib/gcc/arm-none-eabi/4.9.3/../../../../arm-none-eabi/lib/armv6-m\libcr_c.a(scanf.o)
                0x000126ac                atoi
 .text.setvbuf  0x000126c4       0x48 c:/nxp/lpcxpresso_7.6.0_321/lpcxpresso/tools/bin/../lib/gcc/arm-none-eabi/4.9.3/../../../../arm-none-eabi/lib/armv6-m\libcr_c.a(setvbuf.o)
                0x000126c4                setvbuf
 .text.strchr   0x0001270c       0x14 c:/nxp/lpcxpresso_7.6.0_321/lpcxpresso/tools/bin/../lib/gcc/arm-none-eabi/4.9.3/../../../../arm-none-eabi/lib/armv6-m\libcr_c.a(strchr.o)
                0x0001270c                strchr
 .text.strcmp   0x00012720       0x44 c:/nxp/lpcxpresso_7.6.0_321/lpcxpresso/tools/bin/../lib/gcc/arm-none-eabi/4.9.3/../../../../arm-none-eabi/lib/armv6-m\libcr_c.a(strcmp.o)
                0x00012720                strcmp
 .text.strcpy   0x00012764       0x44 c:/nxp/lpcxpresso_7.6.0_321/lpcxpresso/tools/bin/../lib/gcc/arm-none-eabi/4.9.3/../../../../arm-none-eabi/lib/armv6-m\libcr_c.a(strcpy.o)
                0x00012764                strcpy
 .text.strlen   0x000127a8       0x54 c:/nxp/lpcxpresso_7.6.0_321/lpcxpresso/tools/bin/../lib/gcc/arm-none-eabi/4.9.3/../../../../arm-none-eabi/lib/armv6-m\libcr_c.a(strlen.o)
                0x000127a8                strlen
 .text.strncpy  0x000127fc       0x58 c:/nxp/lpcxpresso_7.6.0_321/lpcxpresso/tools/bin/../lib/gcc/arm-none-eabi/4.9.3/../../../../arm-none-eabi/lib/armv6-m\libcr_c.a(strncpy.o)
                0x000127fc                strncpy
 .text.strtok   0x00012854       0x44 c:/nxp/lpcxpresso_7.6.0_321/lpcxpresso/tools/bin/../lib/gcc/arm-none-eabi/4.9.3/../../../../arm-none-eabi/lib/armv6-m\libcr_c.a(strtok.o)
                0x00012854                strtok
 .text._sbrk    0x00012898       0x40 c:/nxp/lpcxpresso_7.6.0_321/lpcxpresso/tools/bin/../lib/gcc/arm-none-eabi/4.9.3/../../../../arm-none-eabi/lib/armv6-m\libcr_c.a(_cr_sbrk.o)
                0x00012898                _sbrk
 .text._deferredlazyseek
                0x000128d8       0x44 c:/nxp/lpcxpresso_7.6.0_321/lpcxpresso/tools/bin/../lib/gcc/arm-none-eabi/4.9.3/../../../../arm-none-eabi/lib/armv6-m\libcr_c.a(_deferredlazyseek.o)
                0x000128d8                _deferredlazyseek
 .text.__flsbuf
                0x0001291c      0x154 c:/nxp/lpcxpresso_7.6.0_321/lpcxpresso/tools/bin/../lib/gcc/arm-none-eabi/4.9.3/../../../../arm-none-eabi/lib/armv6-m\libcr_c.a(_deferredlazyseek.o)
                0x0001291c                __flsbuf
 .text._fdopen  0x00012a70       0x68 c:/nxp/lpcxpresso_7.6.0_321/lpcxpresso/tools/bin/../lib/gcc/arm-none-eabi/4.9.3/../../../../arm-none-eabi/lib/armv6-m\libcr_c.a(_fdopen.o)
                0x00012a70                _fdopen
 .text._fflush  0x00012ad8       0x64 c:/nxp/lpcxpresso_7.6.0_321/lpcxpresso/tools/bin/../lib/gcc/arm-none-eabi/4.9.3/../../../../arm-none-eabi/lib/armv6-m\libcr_c.a(_fflush.o)
                0x00012ad8                _fflush
 *fill*         0x00012b3c        0x4 
 .text._frexpl  0x00012b40       0x80 c:/nxp/lpcxpresso_7.6.0_321/lpcxpresso/tools/bin/../lib/gcc/arm-none-eabi/4.9.3/../../../../arm-none-eabi/lib/armv6-m\libcr_c.a(_frexpl.o)
                0x00012b40                _frexpl
 .text._ldexpl  0x00012bc0       0x60 c:/nxp/lpcxpresso_7.6.0_321/lpcxpresso/tools/bin/../lib/gcc/arm-none-eabi/4.9.3/../../../../arm-none-eabi/lib/armv6-m\libcr_c.a(_ldexpl.o)
                0x00012bc0                _ldexpl
 .text._Cwritebuf
                0x00012c20       0x6c c:/nxp/lpcxpresso_7.6.0_321/lpcxpresso/tools/bin/../lib/gcc/arm-none-eabi/4.9.3/../../../../arm-none-eabi/lib/armv6-m\libcr_c.a(_writebuf.o)
                0x00012c20                _Cwritebuf
 .text.fclose   0x00012c8c       0x70 c:/nxp/lpcxpresso_7.6.0_321/lpcxpresso/tools/bin/../lib/gcc/arm-none-eabi/4.9.3/../../../../arm-none-eabi/lib/armv6-m\libcr_c.a(fclose.o)
                0x00012c8c                fclose
 .text.fflush   0x00012cfc       0x34 c:/nxp/lpcxpresso_7.6.0_321/lpcxpresso/tools/bin/../lib/gcc/arm-none-eabi/4.9.3/../../../../arm-none-eabi/lib/armv6-m\libcr_c.a(fflush.o)
                0x00012cfc                fflush
 .text.fseek    0x00012d30       0xf8 c:/nxp/lpcxpresso_7.6.0_321/lpcxpresso/tools/bin/../lib/gcc/arm-none-eabi/4.9.3/../../../../arm-none-eabi/lib/armv6-m\libcr_c.a(fseek.o)
                0x00012d30                fseek
 .text.ftell    0x00012e28       0x4c c:/nxp/lpcxpresso_7.6.0_321/lpcxpresso/tools/bin/../lib/gcc/arm-none-eabi/4.9.3/../../../../arm-none-eabi/lib/armv6-m\libcr_c.a(ftell.o)
                0x00012e28                ftell
 .text.remove   0x00012e74       0x12 c:/nxp/lpcxpresso_7.6.0_321/lpcxpresso/tools/bin/../lib/gcc/arm-none-eabi/4.9.3/../../../../arm-none-eabi/lib/armv6-m\libcr_c.a(remove.o)
                0x00012e74                remove
 .text.strcspn  0x00012e86       0x22 c:/nxp/lpcxpresso_7.6.0_321/lpcxpresso/tools/bin/../lib/gcc/arm-none-eabi/4.9.3/../../../../arm-none-eabi/lib/armv6-m\libcr_c.a(strcspn.o)
                0x00012e86                strcspn
 .text.strspn   0x00012ea8       0x22 c:/nxp/lpcxpresso_7.6.0_321/lpcxpresso/tools/bin/../lib/gcc/arm-none-eabi/4.9.3/../../../../arm-none-eabi/lib/armv6-m\libcr_c.a(strspn.o)
                0x00012ea8                strspn
 *fill*         0x00012eca        0x2 
 .text.__check_heap_overflow
                0x00012ecc       0x18 c:/nxp/lpcxpresso_7.6.0_321/lpcxpresso/tools/bin/../lib/gcc/arm-none-eabi/4.9.3/../../../../arm-none-eabi/lib/armv6-m\libcr_c.a(_cr_check_heap.o)
                0x00012ecc                __check_heap_overflow
 .text._do_fflush
                0x00012ee4       0x48 c:/nxp/lpcxpresso_7.6.0_321/lpcxpresso/tools/bin/../lib/gcc/arm-none-eabi/4.9.3/../../../../arm-none-eabi/lib/armv6-m\libcr_c.a(_do_fflush.o)
                0x00012ee4                _do_fflush
 *fill*         0x00012f2c        0x4 
 .text.__aeabi_dmul
                0x00012f30      0x188 c:/nxp/lpcxpresso_7.6.0_321/lpcxpresso/tools/bin/../lib/gcc/arm-none-eabi/4.9.3/armv6-m\libcr_eabihelpers.a(double.o)
                0x00012f30                __aeabi_dmul
 .text.__aeabi_ddiv
                0x000130b8      0x160 c:/nxp/lpcxpresso_7.6.0_321/lpcxpresso/tools/bin/../lib/gcc/arm-none-eabi/4.9.3/armv6-m\libcr_eabihelpers.a(double.o)
                0x000130b8                __aeabi_ddiv
 .text.__aeabi_dsub
                0x00013218      0x1e8 c:/nxp/lpcxpresso_7.6.0_321/lpcxpresso/tools/bin/../lib/gcc/arm-none-eabi/4.9.3/armv6-m\libcr_eabihelpers.a(double.o)
                0x00013218                __aeabi_dsub
 .text.__aeabi_dadd
                0x00013400      0x148 c:/nxp/lpcxpresso_7.6.0_321/lpcxpresso/tools/bin/../lib/gcc/arm-none-eabi/4.9.3/armv6-m\libcr_eabihelpers.a(double.o)
                0x00013400                __aeabi_dadd
 .text.__aeabi_d2iz
                0x00013548       0x48 c:/nxp/lpcxpresso_7.6.0_321/lpcxpresso/tools/bin/../lib/gcc/arm-none-eabi/4.9.3/armv6-m\libcr_eabihelpers.a(double.o)
                0x00013548                __aeabi_d2iz
 .text.__bhs_ui2d
                0x00013590       0x5e c:/nxp/lpcxpresso_7.6.0_321/lpcxpresso/tools/bin/../lib/gcc/arm-none-eabi/4.9.3/armv6-m\libcr_eabihelpers.a(double.o)
                0x00013590                __bhs_ui2d
 .text.__aeabi_i2d
                0x000135ee       0x16 c:/nxp/lpcxpresso_7.6.0_321/lpcxpresso/tools/bin/../lib/gcc/arm-none-eabi/4.9.3/armv6-m\libcr_eabihelpers.a(double.o)
                0x000135ee                __aeabi_i2d
 .text.__aeabi_dcmpeq
                0x00013604       0x38 c:/nxp/lpcxpresso_7.6.0_321/lpcxpresso/tools/bin/../lib/gcc/arm-none-eabi/4.9.3/armv6-m\libcr_eabihelpers.a(double.o)
                0x00013604                __aeabi_dcmpeq
 .text.__aeabi_dcmplt
                0x0001363c       0x78 c:/nxp/lpcxpresso_7.6.0_321/lpcxpresso/tools/bin/../lib/gcc/arm-none-eabi/4.9.3/armv6-m\libcr_eabihelpers.a(double.o)
                0x0001363c                __aeabi_dcmplt
 .text.__aeabi_dcmple
                0x000136b4       0x78 c:/nxp/lpcxpresso_7.6.0_321/lpcxpresso/tools/bin/../lib/gcc/arm-none-eabi/4.9.3/armv6-m\libcr_eabihelpers.a(double.o)
                0x000136b4                __aeabi_dcmple
 .text.__aeabi_dcmpge
                0x0001372c       0x70 c:/nxp/lpcxpresso_7.6.0_321/lpcxpresso/tools/bin/../lib/gcc/arm-none-eabi/4.9.3/armv6-m\libcr_eabihelpers.a(double.o)
                0x0001372c                __aeabi_dcmpge
 .text.__aeabi_llong_lmul
                0x0001379c       0x2e c:/nxp/lpcxpresso_7.6.0_321/lpcxpresso/tools/bin/../lib/gcc/arm-none-eabi/4.9.3/armv6-m\libcr_eabihelpers.a(llong.o)
                0x0001379c                __aeabi_lmul
 .text.__aeabi_memcpy
                0x000137ca       0x2c c:/nxp/lpcxpresso_7.6.0_321/lpcxpresso/tools/bin/../lib/gcc/arm-none-eabi/4.9.3/armv6-m\libcr_eabihelpers.a(memcpy.o)
                0x000137ca                __aeabi_memcpy4
                0x000137ca                __aeabi_memcpy8
                0x000137ca                __aeabi_memcpy
 .text.__aeabi_memset_lowlevel
                0x000137f6       0x2a c:/nxp/lpcxpresso_7.6.0_321/lpcxpresso/tools/bin/../lib/gcc/arm-none-eabi/4.9.3/armv6-m\libcr_eabihelpers.a(memcpy.o)
                0x000137f6                __aeabi_lowlevel_memset
 .text.__sys_appexit
                0x00013820        0x2 c:/nxp/lpcxpresso_7.6.0_321/lpcxpresso/tools/bin/../lib/gcc/arm-none-eabi/4.9.3/../../../../arm-none-eabi/lib/armv6-m\libcr_nohost.a(__sys_appexit.o)
                0x00013820                __sys_appexit
                0x00013820                __exit
 .text.__sys_close
                0x00013822        0x6 c:/nxp/lpcxpresso_7.6.0_321/lpcxpresso/tools/bin/../lib/gcc/arm-none-eabi/4.9.3/../../../../arm-none-eabi/lib/armv6-m\libcr_nohost.a(__sys_close.o)
                0x00013822                __sys_close
 .text.__sys_flen
                0x00013828        0x6 c:/nxp/lpcxpresso_7.6.0_321/lpcxpresso/tools/bin/../lib/gcc/arm-none-eabi/4.9.3/../../../../arm-none-eabi/lib/armv6-m\libcr_nohost.a(__sys_flen.o)
                0x00013828                __sys_flen
 .text.__sys_istty
                0x0001382e        0x6 c:/nxp/lpcxpresso_7.6.0_321/lpcxpresso/tools/bin/../lib/gcc/arm-none-eabi/4.9.3/../../../../arm-none-eabi/lib/armv6-m\libcr_nohost.a(__sys_istty.o)
                0x0001382e                __sys_istty
 .text.__sys_remove
                0x00013834        0x6 c:/nxp/lpcxpresso_7.6.0_321/lpcxpresso/tools/bin/../lib/gcc/arm-none-eabi/4.9.3/../../../../arm-none-eabi/lib/armv6-m\libcr_nohost.a(__sys_remove.o)
                0x00013834                __sys_remove
 .text.__sys_seek
                0x0001383a        0x6 c:/nxp/lpcxpresso_7.6.0_321/lpcxpresso/tools/bin/../lib/gcc/arm-none-eabi/4.9.3/../../../../arm-none-eabi/lib/armv6-m\libcr_nohost.a(__sys_seek.o)
                0x0001383a                __sys_seek
 .text.__sys_tmpnam
                0x00013840        0x6 c:/nxp/lpcxpresso_7.6.0_321/lpcxpresso/tools/bin/../lib/gcc/arm-none-eabi/4.9.3/../../../../arm-none-eabi/lib/armv6-m\libcr_nohost.a(__sys_tmpnam.o)
                0x00013840                __sys_tmpnam
 *(.rodata .rodata.* .constdata .constdata.*)
 *fill*         0x00013846        0x2 
 .rodata.s2e_run
                0x00013848       0xa0 ./src/S2E/S2E.o
 .rodata.str1.4
                0x000138e8       0x18 ./src/S2E/S2E.o
 .rodata        0x00013900       0x10 ./src/PlatformHandler/sspHandler.o
 .rodata.parseDNSMSG
                0x00013910       0x40 ./src/Internet/DNS/dns.o
 .rodata.DHCP_run
                0x00013950       0x3c ./src/Internet/DHCP/dhcp.o
 .rodata.str1.4
                0x0001398c       0x22 ./src/Internet/DHCP/dhcp.o
                                 0x24 (size before relaxing)
 *fill*         0x000139ae        0x2 
 .rodata.ctlsocket
                0x000139b0       0x20 ./src/Ethernet/socket.o
 .rodata.getsockopt
                0x000139d0       0x34 ./src/Ethernet/socket.o
 .rodata.ctlnetwork
                0x00013a04       0x18 ./src/Ethernet/wizchip_conf.o
 .rodata.ctlwizchip
                0x00013a1c       0x40 ./src/Ethernet/wizchip_conf.o
 .rodata        0x00013a5c       0x28 ./src/Configuration/ConfigData.o
 .rodata.do_udp_config
                0x00013a84       0x14 ./src/Configuration/ConfigMessage.o
 .rodata.str1.4
                0x00013a98        0x6 ./src/ATcmd/library/sockutil.o
                                  0x8 (size before relaxing)
 *fill*         0x00013a9e        0x2 
 .rodata.cmd_resp
                0x00013aa0       0x74 ./src/ATcmd/atcmd.o
 .rodata.__FUNCTION__.6960
                0x00013b14        0xc ./src/ATcmd/atcmd.o
 .rodata.__FUNCTION__.6904
                0x00013b20        0xc ./src/ATcmd/atcmd.o
 .rodata.__FUNCTION__.6877
                0x00013b2c        0xc ./src/ATcmd/atcmd.o
 .rodata.g_cmd_table
                0x00013b38      0x110 ./src/ATcmd/atcmd.o
                0x00013b38                g_cmd_table
 .rodata.__FUNCTION__.6865
                0x00013c48        0xc ./src/ATcmd/atcmd.o
 .rodata.__FUNCTION__.6974
                0x00013c54        0xc ./src/ATcmd/atcmd.o
 .rodata.__FUNCTION__.6919
                0x00013c60        0xc ./src/ATcmd/atcmd.o
 .rodata.__FUNCTION__.6913
                0x00013c6c        0xc ./src/ATcmd/atcmd.o
 .rodata.str1.4
                0x00013c78      0x1f5 ./src/ATcmd/atcmd.o
                                0x1fc (size before relaxing)
 *fill*         0x00013e6d        0x3 
 .rodata.__FUNCTION__.6927
                0x00013e70        0xc ./src/ATcmd/atcmd.o
 .rodata.__FUNCTION__.6933
                0x00013e7c        0xc ./src/ATcmd/atcmd.o
 .rodata.__FUNCTION__.6884
                0x00013e88        0xc ./src/ATcmd/atcmd.o
 .rodata.__FUNCTION__.6826
                0x00013e94        0xc ./src/ATcmd/atcmd.o
 .rodata.__FUNCTION__.6782
                0x00013ea0       0x10 ./src/ATcmd/atcmd.o
 .rodata.__FUNCTION__.6895
                0x00013eb0        0xc ./src/ATcmd/atcmd.o
 .rodata.__FUNCTION__.6954
                0x00013ebc        0xc ./src/ATcmd/atcmd.o
 .rodata.act_nset_q
                0x00013ec8       0x1c ./src/ATcmd/cmdrun.o
 .rodata.act_nstat
                0x00013ee4       0x1c ./src/ATcmd/cmdrun.o
 .rodata.atc_async_cb
                0x00013f00      0x104 ./src/ATcmd/cmdrun.o
 .rodata.act_uart_q
                0x00014004       0x18 ./src/ATcmd/cmdrun.o
 .rodata.__FUNCTION__.6881
                0x0001401c        0xc ./src/ATcmd/cmdrun.o
 .rodata.__FUNCTION__.6902
                0x00014028        0xc ./src/ATcmd/cmdrun.o
 .rodata.__FUNCTION__.6861
                0x00014034        0xc ./src/ATcmd/cmdrun.o
 .rodata.str1.4
                0x00014040      0x214 ./src/ATcmd/cmdrun.o
                                0x220 (size before relaxing)
 .rodata.__FUNCTION__.6772
                0x00014254       0x10 ./src/ATcmd/cmdrun.o
 .rodata.ledports
                0x00014264        0x2 D:\_GitHub\WIZ550S2E\wiznet_s2e_wiz550s2e_board\Release\libwiznet_s2e_wiz550s2e_board.a(board.o)
 *fill*         0x00014266        0x2 
 .rodata.OscRateIn
                0x00014268        0x4 D:\_GitHub\WIZ550S2E\wiznet_s2e_wiz550s2e_board\Release\libwiznet_s2e_wiz550s2e_board.a(board.o)
                0x00014268                OscRateIn
 .rodata.ledpins
                0x0001426c        0x2 D:\_GitHub\WIZ550S2E\wiznet_s2e_wiz550s2e_board\Release\libwiznet_s2e_wiz550s2e_board.a(board.o)
 *fill*         0x0001426e        0x2 
 .rodata.pinmuxing
                0x00014270       0x50 D:\_GitHub\WIZ550S2E\wiznet_s2e_wiz550s2e_board\Release\libwiznet_s2e_wiz550s2e_board.a(board_sysinit.o)
 .rodata.wdtOSCRate
                0x000142c0       0x40 D:\_GitHub\WIZ550S2E\lpc_chip_11exx\Release\liblpc_chip_11exx.a(clock_11xx.o)
 .rodata.str1.1
                0x00014300       0x18 c:/nxp/lpcxpresso_7.6.0_321/lpcxpresso/tools/bin/../lib/gcc/arm-none-eabi/4.9.3/../../../../arm-none-eabi/lib/armv6-m\libcr_c.a(alloc.o)
 .rodata.__ctype
                0x00014318      0x180 c:/nxp/lpcxpresso_7.6.0_321/lpcxpresso/tools/bin/../lib/gcc/arm-none-eabi/4.9.3/../../../../arm-none-eabi/lib/armv6-m\libcr_c.a(ctype.o)
                0x00014318                __ctype
 .rodata.str1.1
                0x00014498       0x34 c:/nxp/lpcxpresso_7.6.0_321/lpcxpresso/tools/bin/../lib/gcc/arm-none-eabi/4.9.3/../../../../arm-none-eabi/lib/armv6-m\libcr_c.a(fpprintf.o)
                                 0x35 (size before relaxing)
 .rodata.str1.1
                0x000144cc        0x4 c:/nxp/lpcxpresso_7.6.0_321/lpcxpresso/tools/bin/../lib/gcc/arm-none-eabi/4.9.3/../../../../arm-none-eabi/lib/armv6-m\libcr_c.a(initio.o)
 .rodata.str1.1
                0x000144d0       0x31 c:/nxp/lpcxpresso_7.6.0_321/lpcxpresso/tools/bin/../lib/gcc/arm-none-eabi/4.9.3/../../../../arm-none-eabi/lib/armv6-m\libcr_c.a(printf.o)
                                 0x38 (size before relaxing)
 .rodata.str1.1
                0x00000000        0x1 c:/nxp/lpcxpresso_7.6.0_321/lpcxpresso/tools/bin/../lib/gcc/arm-none-eabi/4.9.3/../../../../arm-none-eabi/lib/armv6-m\libcr_c.a(strtok.o)
 *fill*         0x00014501        0x7 
 .rodata.__huge_vall
                0x00014508        0x8 c:/nxp/lpcxpresso_7.6.0_321/lpcxpresso/tools/bin/../lib/gcc/arm-none-eabi/4.9.3/../../../../arm-none-eabi/lib/armv6-m\libcr_c.a(_hugeval.o)
                0x00014508                __huge_vall
                0x00014510                . = ALIGN (0x4)

.glue_7         0x00014510        0x0
 .glue_7        0x00000000        0x0 linker stubs

.glue_7t        0x00014510        0x0
 .glue_7t       0x00000000        0x0 linker stubs

.vfp11_veneer   0x00014510        0x0
 .vfp11_veneer  0x00000000        0x0 linker stubs

.v4_bx          0x00014510        0x0
 .v4_bx         0x00000000        0x0 linker stubs

.iplt           0x00014510        0x0
 .iplt          0x00000000        0x0 ./src/netutil/netutil.o

.rel.dyn        0x00014510        0x0
 .rel.iplt      0x00000000        0x0 ./src/netutil/netutil.o

.ARM.extab
 *(.ARM.extab* .gnu.linkonce.armextab.*)
                0x00014510                __exidx_start = .

.ARM.exidx
 *(.ARM.exidx* .gnu.linkonce.armexidx.*)
                0x00014510                __exidx_end = .
                0x00014510                _etext = .

.data_RAM2      0x20000000        0x0 load address 0x00014510
 FILL mask 0xff
 *(.data.$RAM2*)
 *(.data.$RamPeriph2*)
                0x20000000                . = ALIGN (0x4)

.data_RAM3      0x20004000        0x0 load address 0x00014510
 FILL mask 0xff
 *(.data.$RAM3*)
 *(.data.$SRAM1_2*)
                0x20004000                . = ALIGN (0x4)

.uninit_RESERVED
                0x10000000        0x0
 *(.bss.$RESERVED*)
                0x10000000                . = ALIGN (0x4)
                0x10000000                _end_uninit_RESERVED = .

.data           0x10000000      0x154 load address 0x00014510
 FILL mask 0xff
                0x10000000                _data = .
 *(vtable)
 vtable         0x10000000       0xd0 ./src/main.o
 *(.data*)
 .data.baud_table
                0x100000d0       0x2c ./src/PlatformHandler/uartHandler.o
                0x100000d0                baud_table
 .data.dhcp_tick_next
                0x100000fc        0x4 ./src/Internet/DHCP/dhcp.o
                0x100000fc                dhcp_tick_next
 .data.dhcp_ip_update
                0x10000100        0x4 ./src/Internet/DHCP/dhcp.o
                0x10000100                dhcp_ip_update
 .data.dhcp_ip_assign
                0x10000104        0x4 ./src/Internet/DHCP/dhcp.o
                0x10000104                dhcp_ip_assign
 .data.dhcp_ip_conflict
                0x10000108        0x4 ./src/Internet/DHCP/dhcp.o
                0x10000108                dhcp_ip_conflict
 .data.dhcp_lease_time
                0x1000010c        0x4 ./src/Internet/DHCP/dhcp.o
                0x1000010c                dhcp_lease_time
 .data.HOST_NAME
                0x10000110        0x8 ./src/Internet/DHCP/dhcp.o
                0x10000110                HOST_NAME
 .data.sock_any_port
                0x10000118        0x2 ./src/Ethernet/socket.o
 *fill*         0x1000011a        0x2 
 .data.WIZCHIP  0x1000011c       0x28 ./src/Ethernet/wizchip_conf.o
                0x1000011c                WIZCHIP
 .data.client_port
                0x10000144        0x2 ./src/ATcmd/atcmd.o
 *fill*         0x10000146        0x2 
 .data.parity_char
                0x10000148        0x4 ./src/ATcmd/cmdrun.o
                0x10000148                parity_char
 .data.run_dns  0x1000014c        0x1 ./src/main.o
                0x1000014c                run_dns
 *fill*         0x1000014d        0x3 
 .data.saves1.3850
                0x10000150        0x4 c:/nxp/lpcxpresso_7.6.0_321/lpcxpresso/tools/bin/../lib/gcc/arm-none-eabi/4.9.3/../../../../arm-none-eabi/lib/armv6-m\libcr_c.a(strtok.o)
                0x10000154                . = ALIGN (0x4)
                0x10000154                _edata = .

.igot.plt       0x10000154        0x0 load address 0x00014664
 .igot.plt      0x00000000        0x0 ./src/netutil/netutil.o

.bss_RAM2       0x20000000        0x0
 *(.bss.$RAM2*)
 *(.bss.$RamPeriph2*)
                0x20000000                . = ALIGN (0x4)

.bss_RAM3       0x20004000        0x0
 *(.bss.$RAM3*)
 *(.bss.$SRAM1_2*)
                0x20004000                . = ALIGN (0x4)

.bss            0x10000154     0x146c
                0x10000154                _bss = .
 *(.bss*)
 .bss.ether_send_cnt
                0x10000154        0x4 ./src/S2E/S2E.o
                0x10000154                ether_send_cnt
 .bss.ether_recv_cnt
                0x10000158        0x4 ./src/S2E/S2E.o
                0x10000158                ether_recv_cnt
 .bss.pattern_cnt
                0x1000015c        0x4 ./src/S2E/S2E.o
 .bss.mixed_state
                0x10000160        0x4 ./src/S2E/S2E.o
 .bss.uart_send_cnt
                0x10000164        0x4 ./src/S2E/S2E.o
                0x10000164                uart_send_cnt
 .bss.uart_size_prev
                0x10000168        0x4 ./src/S2E/S2E.o
 .bss.prev_len.6502
                0x1000016c        0x2 ./src/S2E/S2E.o
 *fill*         0x1000016e        0x2 
 .bss.ready_cnt
                0x10000170        0x4 ./src/S2E/S2E.o
 .bss.pattern_offset
                0x10000174        0x4 ./src/S2E/S2E.o
 .bss.trigger_state
                0x10000178        0x4 ./src/S2E/S2E.o
 .bss.uart_recv_cnt
                0x1000017c        0x4 ./src/S2E/S2E.o
                0x1000017c                uart_recv_cnt
 .bss.trigger_time
                0x10000180        0x4 ./src/PlatformHandler/timerHandler.o
                0x10000180                trigger_time
 .bss.inactive_time
                0x10000184        0x4 ./src/PlatformHandler/timerHandler.o
                0x10000184                inactive_time
 .bss.nagle_time
                0x10000188        0x4 ./src/PlatformHandler/timerHandler.o
                0x10000188                nagle_time
 .bss.sec_cnt   0x1000018c        0x4 ./src/PlatformHandler/timerHandler.o
 .bss.factory_time
                0x10000190        0x4 ./src/PlatformHandler/timerHandler.o
                0x10000190                factory_time
 .bss.nagle_flag
                0x10000194        0x1 ./src/PlatformHandler/timerHandler.o
                0x10000194                nagle_flag
 *fill*         0x10000195        0x3 
 .bss.uart_recv_count
                0x10000198        0x4 ./src/PlatformHandler/timerHandler.o
                0x10000198                uart_recv_count
 .bss.inactive_flag
                0x1000019c        0x1 ./src/PlatformHandler/timerHandler.o
                0x1000019c                inactive_flag
 .bss.trigger_flag
                0x1000019d        0x1 ./src/PlatformHandler/timerHandler.o
                0x1000019d                trigger_flag
 *fill*         0x1000019e        0x2 
 .bss.reconn_time
                0x100001a0        0x4 ./src/PlatformHandler/timerHandler.o
                0x100001a0                reconn_time
 .bss.reconn_flag
                0x100001a4        0x1 ./src/PlatformHandler/timerHandler.o
                0x100001a4                reconn_flag
 *fill*         0x100001a5        0x3 
 .bss.mill_cnt  0x100001a8        0x4 ./src/PlatformHandler/timerHandler.o
 .bss.auth_time
                0x100001ac        0x4 ./src/PlatformHandler/timerHandler.o
                0x100001ac                auth_time
 .bss.factory_flag
                0x100001b0        0x1 ./src/PlatformHandler/timerHandler.o
                0x100001b0                factory_flag
 .bss.auth_flag
                0x100001b1        0x1 ./src/PlatformHandler/timerHandler.o
                0x100001b1                auth_flag
 *fill*         0x100001b2        0x2 
 .bss.txbuff    0x100001b4      0x400 ./src/PlatformHandler/uartHandler.o
 .bss.rxbuff    0x100005b4      0x400 ./src/PlatformHandler/uartHandler.o
 .bss.retry_count.6541
                0x100009b4        0x1 ./src/Internet/DNS/dns.o
 .bss.dhcp_state
                0x100009b5        0x1 ./src/Internet/DHCP/dhcp.o
                0x100009b5                dhcp_state
 *fill*         0x100009b6        0x2 
 .bss.DHCP_allocated_sn
                0x100009b8        0x4 ./src/Internet/DHCP/dhcp.o
                0x100009b8                DHCP_allocated_sn
 .bss.dhcp_tick_1s
                0x100009bc        0x4 ./src/Internet/DHCP/dhcp.o
                0x100009bc                dhcp_tick_1s
 .bss.OLD_allocated_ip
                0x100009c0        0x4 ./src/Internet/DHCP/dhcp.o
                0x100009c0                OLD_allocated_ip
 .bss.DHCP_allocated_gw
                0x100009c4        0x4 ./src/Internet/DHCP/dhcp.o
                0x100009c4                DHCP_allocated_gw
 .bss.DHCP_allocated_ip
                0x100009c8        0x4 ./src/Internet/DHCP/dhcp.o
                0x100009c8                DHCP_allocated_ip
 .bss.DHCP_allocated_dns
                0x100009cc        0x4 ./src/Internet/DHCP/dhcp.o
                0x100009cc                DHCP_allocated_dns
 .bss.dhcp_retry_count
                0x100009d0        0x1 ./src/Internet/DHCP/dhcp.o
                0x100009d0                dhcp_retry_count
 *fill*         0x100009d1        0x1 
 .bss.sock_io_mode
                0x100009d2        0x2 ./src/Ethernet/socket.o
 .bss.sock_is_sending
                0x100009d4        0x2 ./src/Ethernet/socket.o
 *fill*         0x100009d6        0x2 
 .bss.sock_pack_info
                0x100009d8        0x8 ./src/Ethernet/socket.o
 .bss.sock_remained_size
                0x100009e0       0x10 ./src/Ethernet/socket.o
 .bss._DHCP_    0x100009f0        0x1 ./src/Ethernet/wizchip_conf.o
 *fill*         0x100009f1        0x3 
 .bss._DNS_     0x100009f4        0x4 ./src/Ethernet/wizchip_conf.o
 .bss.s2e_packet
                0x100009f8       0xa4 ./src/Configuration/ConfigData.o
 .bss.watch_cb  0x10000a9c        0x4 ./src/ATcmd/library/sockutil.o
 .bss.watch_sock
                0x10000aa0        0x4 ./src/ATcmd/library/sockutil.o
 .bss.prevlen   0x10000aa4        0x2 ./src/ATcmd/atcmd.o
 .bss.buflen.6772
                0x10000aa6        0x1 ./src/ATcmd/atcmd.o
 .bss.previdx   0x10000aa7        0x1 ./src/ATcmd/atcmd.o
 .bss.prevbuf   0x10000aa8        0x8 ./src/ATcmd/atcmd.o
 .bss.termbuf   0x10000ab0       0x64 ./src/ATcmd/atcmd.o
 .bss.prevcnt   0x10000b14        0x1 ./src/ATcmd/atcmd.o
 *fill*         0x10000b15        0x3 
 .bss.sockstat  0x10000b18        0x4 ./src/ATcmd/cmdrun.o
 .bss.sockbusy  0x10000b1c        0x4 ./src/ATcmd/cmdrun.o
 .bss.recvflag  0x10000b20        0x4 ./src/ATcmd/cmdrun.o
 .bss.udpport   0x10000b24        0x4 ./src/ATcmd/cmdrun.o
 .bss.udpip     0x10000b28        0x8 ./src/ATcmd/cmdrun.o
 .bss.sockport  0x10000b30        0x4 ./src/ATcmd/cmdrun.o
 .bss.errno     0x10000b34        0x4 c:/nxp/lpcxpresso_7.6.0_321/lpcxpresso/tools/bin/../lib/gcc/arm-none-eabi/4.9.3/../../../../arm-none-eabi/lib/armv6-m\libcr_c.a(errno.o)
                0x10000b34                errno
 *(COMMON)
 COMMON         0x10000b38        0x8 ./src/PlatformHandler/timerHandler.o
                0x10000b38                ether_send_prev
                0x10000b3c                ether_recv_prev
 COMMON         0x10000b40       0x28 ./src/PlatformHandler/uartHandler.o
                0x10000b40                txring
                0x10000b54                rxring
 COMMON         0x10000b68        0xe ./src/Internet/DNS/dns.o
                0x10000b68                DNS_SOCKET
                0x10000b6c                dns_1s_tick
                0x10000b70                pDNSMSG
                0x10000b74                DNS_MSGID
 *fill*         0x10000b76        0x2 
 COMMON         0x10000b78       0x15 ./src/Internet/DHCP/dhcp.o
                0x10000b78                DHCP_CHADDR
                0x10000b80                DHCP_XID
                0x10000b84                DHCP_SIP
                0x10000b88                pDHCPMSG
                0x10000b8c                DHCP_SOCKET
 *fill*         0x10000b8d        0x3 
 COMMON         0x10000b90       0xd4 ./src/ATcmd/atcmd.o
                0x10000b90                atci
 COMMON         0x10000c64        0x8 ./src/cr_startup_lpc11exx.o
                0x10000c64                pDivRom_uidiv
                0x10000c68                pDivRom_idiv
 COMMON         0x10000c6c      0x804 ./src/main.o
                0x10000c6c                op_mode
                0x10000c70                g_send_buf
                0x10001070                g_recv_buf
 COMMON         0x10001470        0x4 D:\_GitHub\WIZ550S2E\lpc_chip_11exx\Release\liblpc_chip_11exx.a(chip_11xx.o)
                0x10001470                SystemCoreClock
 COMMON         0x10001474        0x4 c:/nxp/lpcxpresso_7.6.0_321/lpcxpresso/tools/bin/../lib/gcc/arm-none-eabi/4.9.3/../../../../arm-none-eabi/lib/armv6-m\libcr_c.a(initio.o)
                0x10001474                _extra
 COMMON         0x10001478      0x140 c:/nxp/lpcxpresso_7.6.0_321/lpcxpresso/tools/bin/../lib/gcc/arm-none-eabi/4.9.3/../../../../arm-none-eabi/lib/armv6-m\libcr_c.a(stdio.o)
                0x10001478                __Ciob
 COMMON         0x100015b8        0x8 c:/nxp/lpcxpresso_7.6.0_321/lpcxpresso/tools/bin/../lib/gcc/arm-none-eabi/4.9.3/../../../../arm-none-eabi/lib/armv6-m\libcr_c.a(__init_alloc.o)
                0x100015b8                __heaps
                0x100015bc                __end_of_heap
                0x100015c0                . = ALIGN (0x4)
                0x100015c0                _ebss = .
                0x100015c0                PROVIDE (end, .)

.noinit_RAM2    0x20000000        0x0
 *(.noinit.$RAM2*)
 *(.noinit.$RamPeriph2*)
                0x20000000                . = ALIGN (0x4)

.noinit_RAM3    0x20004000        0x0
 *(.noinit.$RAM3*)
 *(.noinit.$SRAM1_2*)
                0x20004000                . = ALIGN (0x4)

.noinit         0x100015c0        0x0
                0x100015c0                _noinit = .
 *(.noinit*)
                0x100015c0                . = ALIGN (0x4)
                0x100015c0                _end_noinit = .
                0x100015c0                PROVIDE (_pvHeapStart, .)
                0x10002000                PROVIDE (_vStackTop, (__top_RamLoc8 - 0x0))
OUTPUT(WIZ550S2E_App.axf elf32-littlearm)

.debug_info     0x00000000    0x1d5a5
 .debug_info    0x00000000      0x615 ./src/callback/dhcp_cb.o
 .debug_info    0x00000615     0x19e8 ./src/S2E/S2E.o
 .debug_info    0x00001ffd      0x289 ./src/PlatformHandler/eepromHandler.o
 .debug_info    0x00002286      0xaf2 ./src/PlatformHandler/sspHandler.o
 .debug_info    0x00002d78      0xccf ./src/PlatformHandler/timerHandler.o
 .debug_info    0x00003a47     0x13a0 ./src/PlatformHandler/uartHandler.o
 .debug_info    0x00004de7     0x1453 ./src/Internet/DNS/dns.o
 .debug_info    0x0000623a     0x13c0 ./src/Internet/DHCP/dhcp.o
 .debug_info    0x000075fa      0x88f ./src/Ethernet/W5500/w5500.o
 .debug_info    0x00007e89     0x138b ./src/Ethernet/socket.o
 .debug_info    0x00009214     0x1d7b ./src/Ethernet/wizchip_conf.o
 .debug_info    0x0000af8f      0xda2 ./src/Configuration/ConfigData.o
 .debug_info    0x0000bd31     0x2272 ./src/Configuration/ConfigMessage.o
 .debug_info    0x0000dfa3      0xa9c ./src/ATcmd/library/sockutil.o
 .debug_info    0x0000ea3f      0x28d ./src/ATcmd/library/util.o
 .debug_info    0x0000eccc     0x37a7 ./src/ATcmd/atcmd.o
 .debug_info    0x00012473     0x2adf ./src/ATcmd/cmdrun.o
 .debug_info    0x00014f52      0x346 ./src/cr_startup_lpc11exx.o
 .debug_info    0x00015298       0x3b ./src/crp.o
 .debug_info    0x000152d3      0xdb0 ./src/main.o
 .debug_info    0x00016083       0xc9 ./src/sysinit.o
 .debug_info    0x0001614c     0x144e D:\_GitHub\WIZ550S2E\wiznet_s2e_wiz550s2e_board\Release\libwiznet_s2e_wiz550s2e_board.a(board.o)
 .debug_info    0x0001759a      0xabc D:\_GitHub\WIZ550S2E\wiznet_s2e_wiz550s2e_board\Release\libwiznet_s2e_wiz550s2e_board.a(board_sysinit.o)
 .debug_info    0x00018056       0xd8 D:\_GitHub\WIZ550S2E\lpc_chip_11exx\Release\liblpc_chip_11exx.a(chip_11xx.o)
 .debug_info    0x0001812e      0x8eb D:\_GitHub\WIZ550S2E\lpc_chip_11exx\Release\liblpc_chip_11exx.a(clock_11xx.o)
 .debug_info    0x00018a19      0x9d5 D:\_GitHub\WIZ550S2E\lpc_chip_11exx\Release\liblpc_chip_11exx.a(gpio_11xx_1.o)
 .debug_info    0x000193ee      0x14f D:\_GitHub\WIZ550S2E\lpc_chip_11exx\Release\liblpc_chip_11exx.a(iocon_11xx.o)
 .debug_info    0x0001953d      0x4a1 D:\_GitHub\WIZ550S2E\lpc_chip_11exx\Release\liblpc_chip_11exx.a(ring_buffer.o)
 .debug_info    0x000199de     0x1b41 D:\_GitHub\WIZ550S2E\lpc_chip_11exx\Release\liblpc_chip_11exx.a(ssp_11xx.o)
 .debug_info    0x0001b51f      0x583 D:\_GitHub\WIZ550S2E\lpc_chip_11exx\Release\liblpc_chip_11exx.a(sysctl_11xx.o)
 .debug_info    0x0001baa2      0x880 D:\_GitHub\WIZ550S2E\lpc_chip_11exx\Release\liblpc_chip_11exx.a(timer_11xx.o)
 .debug_info    0x0001c322     0x1283 D:\_GitHub\WIZ550S2E\lpc_chip_11exx\Release\liblpc_chip_11exx.a(uart_11xx.o)

.debug_abbrev   0x00000000     0x4bea
 .debug_abbrev  0x00000000      0x1c0 ./src/callback/dhcp_cb.o
 .debug_abbrev  0x000001c0      0x3cd ./src/S2E/S2E.o
 .debug_abbrev  0x0000058d      0x129 ./src/PlatformHandler/eepromHandler.o
 .debug_abbrev  0x000006b6      0x2d4 ./src/PlatformHandler/sspHandler.o
 .debug_abbrev  0x0000098a      0x331 ./src/PlatformHandler/timerHandler.o
 .debug_abbrev  0x00000cbb      0x3a2 ./src/PlatformHandler/uartHandler.o
 .debug_abbrev  0x0000105d      0x30e ./src/Internet/DNS/dns.o
 .debug_abbrev  0x0000136b      0x31b ./src/Internet/DHCP/dhcp.o
 .debug_abbrev  0x00001686      0x1e9 ./src/Ethernet/W5500/w5500.o
 .debug_abbrev  0x0000186f      0x248 ./src/Ethernet/socket.o
 .debug_abbrev  0x00001ab7      0x3f2 ./src/Ethernet/wizchip_conf.o
 .debug_abbrev  0x00001ea9      0x28e ./src/Configuration/ConfigData.o
 .debug_abbrev  0x00002137      0x3aa ./src/Configuration/ConfigMessage.o
 .debug_abbrev  0x000024e1      0x26e ./src/ATcmd/library/sockutil.o
 .debug_abbrev  0x0000274f      0x109 ./src/ATcmd/library/util.o
 .debug_abbrev  0x00002858      0x461 ./src/ATcmd/atcmd.o
 .debug_abbrev  0x00002cb9      0x3d2 ./src/ATcmd/cmdrun.o
 .debug_abbrev  0x0000308b      0x185 ./src/cr_startup_lpc11exx.o
 .debug_abbrev  0x00003210       0x33 ./src/crp.o
 .debug_abbrev  0x00003243      0x2d0 ./src/main.o
 .debug_abbrev  0x00003513       0x85 ./src/sysinit.o
 .debug_abbrev  0x00003598      0x377 D:\_GitHub\WIZ550S2E\wiznet_s2e_wiz550s2e_board\Release\libwiznet_s2e_wiz550s2e_board.a(board.o)
 .debug_abbrev  0x0000390f      0x240 D:\_GitHub\WIZ550S2E\wiznet_s2e_wiz550s2e_board\Release\libwiznet_s2e_wiz550s2e_board.a(board_sysinit.o)
 .debug_abbrev  0x00003b4f       0x98 D:\_GitHub\WIZ550S2E\lpc_chip_11exx\Release\liblpc_chip_11exx.a(chip_11xx.o)
 .debug_abbrev  0x00003be7      0x23c D:\_GitHub\WIZ550S2E\lpc_chip_11exx\Release\liblpc_chip_11exx.a(clock_11xx.o)
 .debug_abbrev  0x00003e23      0x1b7 D:\_GitHub\WIZ550S2E\lpc_chip_11exx\Release\liblpc_chip_11exx.a(gpio_11xx_1.o)
 .debug_abbrev  0x00003fda       0xc5 D:\_GitHub\WIZ550S2E\lpc_chip_11exx\Release\liblpc_chip_11exx.a(iocon_11xx.o)
 .debug_abbrev  0x0000409f      0x181 D:\_GitHub\WIZ550S2E\lpc_chip_11exx\Release\liblpc_chip_11exx.a(ring_buffer.o)
 .debug_abbrev  0x00004220      0x3ed D:\_GitHub\WIZ550S2E\lpc_chip_11exx\Release\liblpc_chip_11exx.a(ssp_11xx.o)
 .debug_abbrev  0x0000460d       0xda D:\_GitHub\WIZ550S2E\lpc_chip_11exx\Release\liblpc_chip_11exx.a(sysctl_11xx.o)
 .debug_abbrev  0x000046e7      0x1e9 D:\_GitHub\WIZ550S2E\lpc_chip_11exx\Release\liblpc_chip_11exx.a(timer_11xx.o)
 .debug_abbrev  0x000048d0      0x31a D:\_GitHub\WIZ550S2E\lpc_chip_11exx\Release\liblpc_chip_11exx.a(uart_11xx.o)

.debug_loc      0x00000000    0x107ce
 .debug_loc     0x00000000       0x1e ./src/callback/dhcp_cb.o
 .debug_loc     0x0000001e     0x10d0 ./src/S2E/S2E.o
 .debug_loc     0x000010ee      0x212 ./src/PlatformHandler/eepromHandler.o
 .debug_loc     0x00001300       0xd1 ./src/PlatformHandler/sspHandler.o
 .debug_loc     0x000013d1      0x15f ./src/PlatformHandler/timerHandler.o
 .debug_loc     0x00001530      0x554 ./src/PlatformHandler/uartHandler.o
 .debug_loc     0x00001a84     0x41b8 ./src/Internet/DNS/dns.o
 .debug_loc     0x00005c3c      0xda2 ./src/Internet/DHCP/dhcp.o
 .debug_loc     0x000069de      0x620 ./src/Ethernet/W5500/w5500.o
 .debug_loc     0x00006ffe     0x10b5 ./src/Ethernet/socket.o
 .debug_loc     0x000080b3     0x100e ./src/Ethernet/wizchip_conf.o
 .debug_loc     0x000090c1      0x3a0 ./src/Configuration/ConfigData.o
 .debug_loc     0x00009461      0xeb1 ./src/Configuration/ConfigMessage.o
 .debug_loc     0x0000a312      0x4f8 ./src/ATcmd/library/sockutil.o
 .debug_loc     0x0000a80a      0x3c4 ./src/ATcmd/library/util.o
 .debug_loc     0x0000abce     0x1ebc ./src/ATcmd/atcmd.o
 .debug_loc     0x0000ca8a     0x106d ./src/ATcmd/cmdrun.o
 .debug_loc     0x0000daf7      0x2cd ./src/cr_startup_lpc11exx.o
 .debug_loc     0x0000ddc4       0x82 ./src/main.o
 .debug_loc     0x0000de46      0x32e D:\_GitHub\WIZ550S2E\wiznet_s2e_wiz550s2e_board\Release\libwiznet_s2e_wiz550s2e_board.a(board.o)
 .debug_loc     0x0000e174       0x43 D:\_GitHub\WIZ550S2E\wiznet_s2e_wiz550s2e_board\Release\libwiznet_s2e_wiz550s2e_board.a(board_sysinit.o)
 .debug_loc     0x0000e1b7      0x16c D:\_GitHub\WIZ550S2E\lpc_chip_11exx\Release\liblpc_chip_11exx.a(clock_11xx.o)
 .debug_loc     0x0000e323      0x330 D:\_GitHub\WIZ550S2E\lpc_chip_11exx\Release\liblpc_chip_11exx.a(gpio_11xx_1.o)
 .debug_loc     0x0000e653       0x21 D:\_GitHub\WIZ550S2E\lpc_chip_11exx\Release\liblpc_chip_11exx.a(iocon_11xx.o)
 .debug_loc     0x0000e674      0x63e D:\_GitHub\WIZ550S2E\lpc_chip_11exx\Release\liblpc_chip_11exx.a(ring_buffer.o)
 .debug_loc     0x0000ecb2      0xea4 D:\_GitHub\WIZ550S2E\lpc_chip_11exx\Release\liblpc_chip_11exx.a(ssp_11xx.o)
 .debug_loc     0x0000fb56       0xaf D:\_GitHub\WIZ550S2E\lpc_chip_11exx\Release\liblpc_chip_11exx.a(sysctl_11xx.o)
 .debug_loc     0x0000fc05      0x129 D:\_GitHub\WIZ550S2E\lpc_chip_11exx\Release\liblpc_chip_11exx.a(timer_11xx.o)
 .debug_loc     0x0000fd2e      0xaa0 D:\_GitHub\WIZ550S2E\lpc_chip_11exx\Release\liblpc_chip_11exx.a(uart_11xx.o)

.debug_aranges  0x00000000      0xb78
 .debug_aranges
                0x00000000       0x28 ./src/callback/dhcp_cb.o
 .debug_aranges
                0x00000028       0x30 ./src/S2E/S2E.o
 .debug_aranges
                0x00000058       0x28 ./src/PlatformHandler/eepromHandler.o
 .debug_aranges
                0x00000080       0x58 ./src/PlatformHandler/sspHandler.o
 .debug_aranges
                0x000000d8       0x30 ./src/PlatformHandler/timerHandler.o
 .debug_aranges
                0x00000108       0x48 ./src/PlatformHandler/uartHandler.o
 .debug_aranges
                0x00000150       0x70 ./src/Internet/DNS/dns.o
 .debug_aranges
                0x000001c0       0xc0 ./src/Internet/DHCP/dhcp.o
 .debug_aranges
                0x00000280       0x60 ./src/Ethernet/W5500/w5500.o
 .debug_aranges
                0x000002e0       0x78 ./src/Ethernet/socket.o
 .debug_aranges
                0x00000358      0x138 ./src/Ethernet/wizchip_conf.o
 .debug_aranges
                0x00000490       0x88 ./src/Configuration/ConfigData.o
 .debug_aranges
                0x00000518       0x40 ./src/Configuration/ConfigMessage.o
 .debug_aranges
                0x00000558       0x60 ./src/ATcmd/library/sockutil.o
 .debug_aranges
                0x000005b8       0x38 ./src/ATcmd/library/util.o
 .debug_aranges
                0x000005f0       0xc8 ./src/ATcmd/atcmd.o
 .debug_aranges
                0x000006b8       0xc8 ./src/ATcmd/cmdrun.o
 .debug_aranges
                0x00000780       0x60 ./src/cr_startup_lpc11exx.o
 .debug_aranges
                0x000007e0       0x18 ./src/crp.o
 .debug_aranges
                0x000007f8       0x20 ./src/main.o
 .debug_aranges
                0x00000818       0x20 ./src/sysinit.o
 .debug_aranges
                0x00000838       0x80 D:\_GitHub\WIZ550S2E\wiznet_s2e_wiz550s2e_board\Release\libwiznet_s2e_wiz550s2e_board.a(board.o)
 .debug_aranges
                0x000008b8       0x20 D:\_GitHub\WIZ550S2E\wiznet_s2e_wiz550s2e_board\Release\libwiznet_s2e_wiz550s2e_board.a(board_sysinit.o)
 .debug_aranges
                0x000008d8       0x20 D:\_GitHub\WIZ550S2E\lpc_chip_11exx\Release\liblpc_chip_11exx.a(chip_11xx.o)
 .debug_aranges
                0x000008f8       0x68 D:\_GitHub\WIZ550S2E\lpc_chip_11exx\Release\liblpc_chip_11exx.a(clock_11xx.o)
 .debug_aranges
                0x00000960       0x48 D:\_GitHub\WIZ550S2E\lpc_chip_11exx\Release\liblpc_chip_11exx.a(gpio_11xx_1.o)
 .debug_aranges
                0x000009a8       0x20 D:\_GitHub\WIZ550S2E\lpc_chip_11exx\Release\liblpc_chip_11exx.a(iocon_11xx.o)
 .debug_aranges
                0x000009c8       0x40 D:\_GitHub\WIZ550S2E\lpc_chip_11exx\Release\liblpc_chip_11exx.a(ring_buffer.o)
 .debug_aranges
                0x00000a08       0x80 D:\_GitHub\WIZ550S2E\lpc_chip_11exx\Release\liblpc_chip_11exx.a(ssp_11xx.o)
 .debug_aranges
                0x00000a88       0x38 D:\_GitHub\WIZ550S2E\lpc_chip_11exx\Release\liblpc_chip_11exx.a(sysctl_11xx.o)
 .debug_aranges
                0x00000ac0       0x38 D:\_GitHub\WIZ550S2E\lpc_chip_11exx\Release\liblpc_chip_11exx.a(timer_11xx.o)
 .debug_aranges
                0x00000af8       0x80 D:\_GitHub\WIZ550S2E\lpc_chip_11exx\Release\liblpc_chip_11exx.a(uart_11xx.o)

.debug_ranges   0x00000000     0x1f78
 .debug_ranges  0x00000000       0x18 ./src/callback/dhcp_cb.o
 .debug_ranges  0x00000018      0x330 ./src/S2E/S2E.o
 .debug_ranges  0x00000348       0x48 ./src/PlatformHandler/eepromHandler.o
 .debug_ranges  0x00000390      0x100 ./src/PlatformHandler/sspHandler.o
 .debug_ranges  0x00000490       0xd8 ./src/PlatformHandler/timerHandler.o
 .debug_ranges  0x00000568      0x108 ./src/PlatformHandler/uartHandler.o
 .debug_ranges  0x00000670      0x4d0 ./src/Internet/DNS/dns.o
 .debug_ranges  0x00000b40      0x1a0 ./src/Internet/DHCP/dhcp.o
 .debug_ranges  0x00000ce0       0x50 ./src/Ethernet/W5500/w5500.o
 .debug_ranges  0x00000d30       0x80 ./src/Ethernet/socket.o
 .debug_ranges  0x00000db0      0x230 ./src/Ethernet/wizchip_conf.o
 .debug_ranges  0x00000fe0      0x198 ./src/Configuration/ConfigData.o
 .debug_ranges  0x00001178      0x130 ./src/Configuration/ConfigMessage.o
 .debug_ranges  0x000012a8       0x50 ./src/ATcmd/library/sockutil.o
 .debug_ranges  0x000012f8       0x28 ./src/ATcmd/library/util.o
 .debug_ranges  0x00001320      0x1d8 ./src/ATcmd/atcmd.o
 .debug_ranges  0x000014f8      0x1a0 ./src/ATcmd/cmdrun.o
 .debug_ranges  0x00001698       0x68 ./src/cr_startup_lpc11exx.o
 .debug_ranges  0x00001700       0x40 ./src/main.o
 .debug_ranges  0x00001740       0x10 ./src/sysinit.o
 .debug_ranges  0x00001750      0x150 D:\_GitHub\WIZ550S2E\wiznet_s2e_wiz550s2e_board\Release\libwiznet_s2e_wiz550s2e_board.a(board.o)
 .debug_ranges  0x000018a0       0xb8 D:\_GitHub\WIZ550S2E\wiznet_s2e_wiz550s2e_board\Release\libwiznet_s2e_wiz550s2e_board.a(board_sysinit.o)
 .debug_ranges  0x00001958       0x10 D:\_GitHub\WIZ550S2E\lpc_chip_11exx\Release\liblpc_chip_11exx.a(chip_11xx.o)
 .debug_ranges  0x00001968       0x58 D:\_GitHub\WIZ550S2E\lpc_chip_11exx\Release\liblpc_chip_11exx.a(clock_11xx.o)
 .debug_ranges  0x000019c0       0x68 D:\_GitHub\WIZ550S2E\lpc_chip_11exx\Release\liblpc_chip_11exx.a(gpio_11xx_1.o)
 .debug_ranges  0x00001a28       0x10 D:\_GitHub\WIZ550S2E\lpc_chip_11exx\Release\liblpc_chip_11exx.a(iocon_11xx.o)
 .debug_ranges  0x00001a38       0xe8 D:\_GitHub\WIZ550S2E\lpc_chip_11exx\Release\liblpc_chip_11exx.a(ring_buffer.o)
 .debug_ranges  0x00001b20      0x230 D:\_GitHub\WIZ550S2E\lpc_chip_11exx\Release\liblpc_chip_11exx.a(ssp_11xx.o)
 .debug_ranges  0x00001d50       0x28 D:\_GitHub\WIZ550S2E\lpc_chip_11exx\Release\liblpc_chip_11exx.a(sysctl_11xx.o)
 .debug_ranges  0x00001d78       0x58 D:\_GitHub\WIZ550S2E\lpc_chip_11exx\Release\liblpc_chip_11exx.a(timer_11xx.o)
 .debug_ranges  0x00001dd0      0x1a8 D:\_GitHub\WIZ550S2E\lpc_chip_11exx\Release\liblpc_chip_11exx.a(uart_11xx.o)

.debug_line     0x00000000     0x70fb
 .debug_line    0x00000000      0x1a8 ./src/callback/dhcp_cb.o
 .debug_line    0x000001a8      0x658 ./src/S2E/S2E.o
 .debug_line    0x00000800      0x138 ./src/PlatformHandler/eepromHandler.o
 .debug_line    0x00000938      0x2ad ./src/PlatformHandler/sspHandler.o
 .debug_line    0x00000be5      0x3f0 ./src/PlatformHandler/timerHandler.o
 .debug_line    0x00000fd5      0x324 ./src/PlatformHandler/uartHandler.o
 .debug_line    0x000012f9      0x7c7 ./src/Internet/DNS/dns.o
 .debug_line    0x00001ac0      0x762 ./src/Internet/DHCP/dhcp.o
 .debug_line    0x00002222      0x234 ./src/Ethernet/W5500/w5500.o
 .debug_line    0x00002456      0x4d0 ./src/Ethernet/socket.o
 .debug_line    0x00002926      0x5fc ./src/Ethernet/wizchip_conf.o
 .debug_line    0x00002f22      0x3e8 ./src/Configuration/ConfigData.o
 .debug_line    0x0000330a      0x40d ./src/Configuration/ConfigMessage.o
 .debug_line    0x00003717      0x335 ./src/ATcmd/library/sockutil.o
 .debug_line    0x00003a4c      0x157 ./src/ATcmd/library/util.o
 .debug_line    0x00003ba3      0xea6 ./src/ATcmd/atcmd.o
 .debug_line    0x00004a49      0x886 ./src/ATcmd/cmdrun.o
 .debug_line    0x000052cf       0xca ./src/cr_startup_lpc11exx.o
 .debug_line    0x00005399       0x2d ./src/crp.o
 .debug_line    0x000053c6      0x402 ./src/main.o
 .debug_line    0x000057c8       0xff ./src/sysinit.o
 .debug_line    0x000058c7      0x399 D:\_GitHub\WIZ550S2E\wiznet_s2e_wiz550s2e_board\Release\libwiznet_s2e_wiz550s2e_board.a(board.o)
 .debug_line    0x00005c60      0x172 D:\_GitHub\WIZ550S2E\wiznet_s2e_wiz550s2e_board\Release\libwiznet_s2e_wiz550s2e_board.a(board_sysinit.o)
 .debug_line    0x00005dd2       0xd0 D:\_GitHub\WIZ550S2E\lpc_chip_11exx\Release\liblpc_chip_11exx.a(chip_11xx.o)
 .debug_line    0x00005ea2      0x1da D:\_GitHub\WIZ550S2E\lpc_chip_11exx\Release\liblpc_chip_11exx.a(clock_11xx.o)
 .debug_line    0x0000607c      0x196 D:\_GitHub\WIZ550S2E\lpc_chip_11exx\Release\liblpc_chip_11exx.a(gpio_11xx_1.o)
 .debug_line    0x00006212       0xd0 D:\_GitHub\WIZ550S2E\lpc_chip_11exx\Release\liblpc_chip_11exx.a(iocon_11xx.o)
 .debug_line    0x000062e2      0x231 D:\_GitHub\WIZ550S2E\lpc_chip_11exx\Release\liblpc_chip_11exx.a(ring_buffer.o)
 .debug_line    0x00006513      0x5de D:\_GitHub\WIZ550S2E\lpc_chip_11exx\Release\liblpc_chip_11exx.a(ssp_11xx.o)
 .debug_line    0x00006af1      0x113 D:\_GitHub\WIZ550S2E\lpc_chip_11exx\Release\liblpc_chip_11exx.a(sysctl_11xx.o)
 .debug_line    0x00006c04      0x175 D:\_GitHub\WIZ550S2E\lpc_chip_11exx\Release\liblpc_chip_11exx.a(timer_11xx.o)
 .debug_line    0x00006d79      0x382 D:\_GitHub\WIZ550S2E\lpc_chip_11exx\Release\liblpc_chip_11exx.a(uart_11xx.o)

.debug_str      0x00000000     0x4c21
 .debug_str     0x00000000      0x49a ./src/callback/dhcp_cb.o
                                0x530 (size before relaxing)
 .debug_str     0x0000049a      0x4ea ./src/S2E/S2E.o
                                0x91e (size before relaxing)
 .debug_str     0x00000984       0x87 ./src/PlatformHandler/eepromHandler.o
                                0x242 (size before relaxing)
 .debug_str     0x00000a0b      0x50f ./src/PlatformHandler/sspHandler.o
                                0x6ce (size before relaxing)
 .debug_str     0x00000f1a      0x4d4 ./src/PlatformHandler/timerHandler.o
                                0x9b6 (size before relaxing)
 .debug_str     0x000013ee      0x2c8 ./src/PlatformHandler/uartHandler.o
                                0xa74 (size before relaxing)
 .debug_str     0x000016b6      0x16d ./src/Internet/DNS/dns.o
                                0x392 (size before relaxing)
 .debug_str     0x00001823      0x6ca ./src/Internet/DHCP/dhcp.o
                                0xb5f (size before relaxing)
 .debug_str     0x00001eed       0xc5 ./src/Ethernet/W5500/w5500.o
                                0x2e4 (size before relaxing)
 .debug_str     0x00001fb2      0x185 ./src/Ethernet/socket.o
                                0x4ae (size before relaxing)
 .debug_str     0x00002137      0x445 ./src/Ethernet/wizchip_conf.o
                                0x8e8 (size before relaxing)
 .debug_str     0x0000257c       0xb5 ./src/Configuration/ConfigData.o
                                0x5f2 (size before relaxing)
 .debug_str     0x00002631      0x40d ./src/Configuration/ConfigMessage.o
                                0xba6 (size before relaxing)
 .debug_str     0x00002a3e       0xeb ./src/ATcmd/library/sockutil.o
                                0x3fe (size before relaxing)
 .debug_str     0x00002b29       0x63 ./src/ATcmd/library/util.o
                                0x21e (size before relaxing)
 .debug_str     0x00002b8c      0x361 ./src/ATcmd/atcmd.o
                                0x936 (size before relaxing)
 .debug_str     0x00002eed      0x114 ./src/ATcmd/cmdrun.o
                                0xa3d (size before relaxing)
 .debug_str     0x00003001      0x16b ./src/cr_startup_lpc11exx.o
                                0x26e (size before relaxing)
 .debug_str     0x0000316c       0x16 ./src/crp.o
                                 0xfa (size before relaxing)
 .debug_str     0x00003182      0x37b ./src/main.o
                                0x927 (size before relaxing)
 .debug_str     0x000034fd       0x22 ./src/sysinit.o
                                0x1b6 (size before relaxing)
 .debug_str     0x0000351f      0x5b5 D:\_GitHub\WIZ550S2E\wiznet_s2e_wiz550s2e_board\Release\libwiznet_s2e_wiz550s2e_board.a(board.o)
                                0xd36 (size before relaxing)
 .debug_str     0x00003ad4      0x312 D:\_GitHub\WIZ550S2E\wiznet_s2e_wiz550s2e_board\Release\libwiznet_s2e_wiz550s2e_board.a(board_sysinit.o)
                                0xa3c (size before relaxing)
 .debug_str     0x00003de6       0x3f D:\_GitHub\WIZ550S2E\lpc_chip_11exx\Release\liblpc_chip_11exx.a(chip_11xx.o)
                                0x1cf (size before relaxing)
 .debug_str     0x00003e25      0x3b7 D:\_GitHub\WIZ550S2E\lpc_chip_11exx\Release\liblpc_chip_11exx.a(clock_11xx.o)
                                0x975 (size before relaxing)
 .debug_str     0x000041dc       0xf0 D:\_GitHub\WIZ550S2E\lpc_chip_11exx\Release\liblpc_chip_11exx.a(gpio_11xx_1.o)
                                0x825 (size before relaxing)
 .debug_str     0x000042cc       0x1b D:\_GitHub\WIZ550S2E\lpc_chip_11exx\Release\liblpc_chip_11exx.a(iocon_11xx.o)
                                0x1d4 (size before relaxing)
 .debug_str     0x000042e7       0x84 D:\_GitHub\WIZ550S2E\lpc_chip_11exx\Release\liblpc_chip_11exx.a(ring_buffer.o)
                                0x27a (size before relaxing)
 .debug_str     0x0000436b      0x588 D:\_GitHub\WIZ550S2E\lpc_chip_11exx\Release\liblpc_chip_11exx.a(ssp_11xx.o)
                                0xf20 (size before relaxing)
 .debug_str     0x000048f3       0x7b D:\_GitHub\WIZ550S2E\lpc_chip_11exx\Release\liblpc_chip_11exx.a(sysctl_11xx.o)
                                0x4c5 (size before relaxing)
 .debug_str     0x0000496e      0x101 D:\_GitHub\WIZ550S2E\lpc_chip_11exx\Release\liblpc_chip_11exx.a(timer_11xx.o)
                                0x83d (size before relaxing)
 .debug_str     0x00004a6f      0x1b2 D:\_GitHub\WIZ550S2E\lpc_chip_11exx\Release\liblpc_chip_11exx.a(uart_11xx.o)
                                0xa86 (size before relaxing)

.comment        0x00000000       0xe0
 .comment       0x00000000       0x70 ./src/callback/dhcp_cb.o
                                 0x71 (size before relaxing)
 .comment       0x00000000       0x71 ./src/S2E/S2E.o
 .comment       0x00000000       0x71 ./src/PlatformHandler/eepromHandler.o
 .comment       0x00000000       0x71 ./src/PlatformHandler/sspHandler.o
 .comment       0x00000000       0x71 ./src/PlatformHandler/timerHandler.o
 .comment       0x00000000       0x71 ./src/PlatformHandler/uartHandler.o
 .comment       0x00000000       0x71 ./src/Internet/DNS/dns.o
 .comment       0x00000000       0x71 ./src/Internet/DHCP/dhcp.o
 .comment       0x00000000       0x71 ./src/Ethernet/W5500/w5500.o
 .comment       0x00000000       0x71 ./src/Ethernet/socket.o
 .comment       0x00000000       0x71 ./src/Ethernet/wizchip_conf.o
 .comment       0x00000000       0x71 ./src/Configuration/ConfigData.o
 .comment       0x00000000       0x71 ./src/Configuration/ConfigMessage.o
 .comment       0x00000000       0x71 ./src/ATcmd/library/sockutil.o
 .comment       0x00000000       0x71 ./src/ATcmd/library/util.o
 .comment       0x00000000       0x71 ./src/ATcmd/atcmd.o
 .comment       0x00000000       0x71 ./src/ATcmd/cmdrun.o
 .comment       0x00000000       0x71 ./src/cr_startup_lpc11exx.o
 .comment       0x00000000       0x71 ./src/crp.o
 .comment       0x00000000       0x71 ./src/main.o
 .comment       0x00000000       0x71 ./src/sysinit.o
 .comment       0x00000000       0x71 D:\_GitHub\WIZ550S2E\wiznet_s2e_wiz550s2e_board\Release\libwiznet_s2e_wiz550s2e_board.a(board.o)
 .comment       0x00000000       0x71 D:\_GitHub\WIZ550S2E\wiznet_s2e_wiz550s2e_board\Release\libwiznet_s2e_wiz550s2e_board.a(board_sysinit.o)
 .comment       0x00000000       0x71 D:\_GitHub\WIZ550S2E\lpc_chip_11exx\Release\liblpc_chip_11exx.a(chip_11xx.o)
 .comment       0x00000000       0x71 D:\_GitHub\WIZ550S2E\lpc_chip_11exx\Release\liblpc_chip_11exx.a(clock_11xx.o)
 .comment       0x00000000       0x71 D:\_GitHub\WIZ550S2E\lpc_chip_11exx\Release\liblpc_chip_11exx.a(gpio_11xx_1.o)
 .comment       0x00000000       0x71 D:\_GitHub\WIZ550S2E\lpc_chip_11exx\Release\liblpc_chip_11exx.a(iocon_11xx.o)