Archive member included because of file (symbol)

D:\Austin\Workspace\LPCXpresso_7_5_0_254\wiznet_s2e_wiz550s2e_board\Release\libwiznet_s2e_wiz550s2e_board.a(board.o)
                              ./src/main.o (Board_LED_Set)
D:\Austin\Workspace\LPCXpresso_7_5_0_254\wiznet_s2e_wiz550s2e_board\Release\libwiznet_s2e_wiz550s2e_board.a(board_sysinit.o)
                              ./src/sysinit.o (Board_SystemInit)
D:\Austin\Workspace\LPCXpresso_7_5_0_254\lpc_chip_11exx\Release\liblpc_chip_11exx.a(chip_11xx.o)
                              ./src/main.o (SystemCoreClockUpdate)
D:\Austin\Workspace\LPCXpresso_7_5_0_254\lpc_chip_11exx\Release\liblpc_chip_11exx.a(clock_11xx.o)
                              D:\Austin\Workspace\LPCXpresso_7_5_0_254\wiznet_s2e_wiz550s2e_board\Release\libwiznet_s2e_wiz550s2e_board.a(board_sysinit.o) (Chip_Clock_SetSystemPLLSource)
D:\Austin\Workspace\LPCXpresso_7_5_0_254\lpc_chip_11exx\Release\liblpc_chip_11exx.a(gpio_11xx_1.o)
                              D:\Austin\Workspace\LPCXpresso_7_5_0_254\wiznet_s2e_wiz550s2e_board\Release\libwiznet_s2e_wiz550s2e_board.a(board.o) (Chip_GPIO_Init)
D:\Austin\Workspace\LPCXpresso_7_5_0_254\lpc_chip_11exx\Release\liblpc_chip_11exx.a(iocon_11xx.o)
                              ./src/PlatformHandler/sspHandler.o (Chip_IOCON_PinMuxSet)
D:\Austin\Workspace\LPCXpresso_7_5_0_254\lpc_chip_11exx\Release\liblpc_chip_11exx.a(ring_buffer.o)
                              ./src/PlatformHandler/uartHandler.o (RingBuffer_Init)
D:\Austin\Workspace\LPCXpresso_7_5_0_254\lpc_chip_11exx\Release\liblpc_chip_11exx.a(ssp_11xx.o)
                              ./src/PlatformHandler/sspHandler.o (Chip_SSP_WriteFrames_Blocking)
D:\Austin\Workspace\LPCXpresso_7_5_0_254\lpc_chip_11exx\Release\liblpc_chip_11exx.a(sysctl_11xx.o)
                              D:\Austin\Workspace\LPCXpresso_7_5_0_254\wiznet_s2e_wiz550s2e_board\Release\libwiznet_s2e_wiz550s2e_board.a(board_sysinit.o) (Chip_SYSCTL_PowerDown)
D:\Austin\Workspace\LPCXpresso_7_5_0_254\lpc_chip_11exx\Release\liblpc_chip_11exx.a(timer_11xx.o)
                              ./src/PlatformHandler/timerHandler.o (Chip_TIMER_Init)
D:\Austin\Workspace\LPCXpresso_7_5_0_254\lpc_chip_11exx\Release\liblpc_chip_11exx.a(uart_11xx.o)
                              ./src/PlatformHandler/uartHandler.o (Chip_UART_Init)
c:/nxp/lpcxpresso_7.5.0_254/lpcxpresso/tools/bin/../lib/gcc/arm-none-eabi/4.8.4/../../../../arm-none-eabi/lib/armv6-m\libcr_nohost.a(_cr__main.o)
                              ./src/cr_startup_lpc11exx.o (__main)
c:/nxp/lpcxpresso_7.5.0_254/lpcxpresso/tools/bin/../lib/gcc/arm-none-eabi/4.8.4/../../../../arm-none-eabi/lib/armv6-m\libcr_c.a(memcpy.o)
                              ./src/PlatformHandler/sspHandler.o (memcpy)
c:/nxp/lpcxpresso_7.5.0_254/lpcxpresso/tools/bin/../lib/gcc/arm-none-eabi/4.8.4/../../../../arm-none-eabi/lib/armv6-m\libcr_c.a(memset.o)
                              ./src/netutil/netutil.o (memset)
c:/nxp/lpcxpresso_7.5.0_254/lpcxpresso/tools/bin/../lib/gcc/arm-none-eabi/4.8.4/../../../../arm-none-eabi/lib/armv6-m\libcr_c.a(fpprintf.o)
                              ./src/netutil/netutil.o (sprintf)
c:/nxp/lpcxpresso_7.5.0_254/lpcxpresso/tools/bin/../lib/gcc/arm-none-eabi/4.8.4/../../../../arm-none-eabi/lib/armv6-m\libcr_c.a(initio.o)
                              c:/nxp/lpcxpresso_7.5.0_254/lpcxpresso/tools/bin/../lib/gcc/arm-none-eabi/4.8.4/../../../../arm-none-eabi/lib/armv6-m\libcr_nohost.a(_cr__main.o) (_initio)
c:/nxp/lpcxpresso_7.5.0_254/lpcxpresso/tools/bin/../lib/gcc/arm-none-eabi/4.8.4/../../../../arm-none-eabi/lib/armv6-m\libcr_c.a(memcmp.o)
                              ./src/Configuration/ConfigMessage.o (memcmp)
c:/nxp/lpcxpresso_7.5.0_254/lpcxpresso/tools/bin/../lib/gcc/arm-none-eabi/4.8.4/../../../../arm-none-eabi/lib/armv6-m\libcr_c.a(printf.o)
                              c:/nxp/lpcxpresso_7.5.0_254/lpcxpresso/tools/bin/../lib/gcc/arm-none-eabi/4.8.4/../../../../arm-none-eabi/lib/armv6-m\libcr_c.a(fpprintf.o) (__vfprintf)
c:/nxp/lpcxpresso_7.5.0_254/lpcxpresso/tools/bin/../lib/gcc/arm-none-eabi/4.8.4/../../../../arm-none-eabi/lib/armv6-m\libcr_c.a(scanf.o)
                              ./src/netutil/netutil.o (strtol)
c:/nxp/lpcxpresso_7.5.0_254/lpcxpresso/tools/bin/../lib/gcc/arm-none-eabi/4.8.4/../../../../arm-none-eabi/lib/armv6-m\libcr_c.a(setvbuf.o)
                              c:/nxp/lpcxpresso_7.5.0_254/lpcxpresso/tools/bin/../lib/gcc/arm-none-eabi/4.8.4/../../../../arm-none-eabi/lib/armv6-m\libcr_c.a(initio.o) (setvbuf)
c:/nxp/lpcxpresso_7.5.0_254/lpcxpresso/tools/bin/../lib/gcc/arm-none-eabi/4.8.4/../../../../arm-none-eabi/lib/armv6-m\libcr_c.a(stdio.o)
                              c:/nxp/lpcxpresso_7.5.0_254/lpcxpresso/tools/bin/../lib/gcc/arm-none-eabi/4.8.4/../../../../arm-none-eabi/lib/armv6-m\libcr_c.a(fpprintf.o) (__Ciob)
c:/nxp/lpcxpresso_7.5.0_254/lpcxpresso/tools/bin/../lib/gcc/arm-none-eabi/4.8.4/../../../../arm-none-eabi/lib/armv6-m\libcr_c.a(strcmp.o)
[...]
Memory Configuration

Name             Origin             Length             Attributes
MFlash96         0x00000000         0x00006000         xr
RamLoc8          0x10000000         0x00002000         xrw
RamPeriph2       0x20000000         0x00000800         xrw
SRAM1_2          0x20004000         0x00000800         xrw
*default*        0x00000000         0xffffffff

Linker script and memory map

LOAD ./src/netutil/netutil.o
LOAD ./src/PlatformHandler/eepromHandler.o
LOAD ./src/PlatformHandler/flashHandler.o
LOAD ./src/PlatformHandler/sspHandler.o
LOAD ./src/PlatformHandler/timerHandler.o
LOAD ./src/PlatformHandler/uartHandler.o
LOAD ./src/Internet/TFTP/tftp.o
LOAD ./src/Ethernet/W5500/w5500.o
LOAD ./src/Ethernet/socket.o
LOAD ./src/Ethernet/wizchip_conf.o
LOAD ./src/Configuration/ConfigData.o
LOAD ./src/Configuration/ConfigMessage.o
LOAD ./src/aeabi_romdiv_patch.o
LOAD ./src/cr_startup_lpc11exx.o
LOAD ./src/crp.o
LOAD ./src/main.o
LOAD ./src/sysinit.o
LOAD D:\Austin\Workspace\LPCXpresso_7_5_0_254\wiznet_s2e_wiz550s2e_board\Release\libwiznet_s2e_wiz550s2e_board.a
LOAD D:\Austin\Workspace\LPCXpresso_7_5_0_254\lpc_chip_11exx\Release\liblpc_chip_11exx.a
START GROUP
LOAD c:/nxp/lpcxpresso_7.5.0_254/lpcxpresso/tools/bin/../lib/gcc/arm-none-eabi/4.8.4/../../../../arm-none-eabi/lib/armv6-m\libcr_nohost.a
LOAD c:/nxp/lpcxpresso_7.5.0_254/lpcxpresso/tools/bin/../lib/gcc/arm-none-eabi/4.8.4/../../../../arm-none-eabi/lib/armv6-m\libcr_c.a
LOAD c:/nxp/lpcxpresso_7.5.0_254/lpcxpresso/tools/bin/../lib/gcc/arm-none-eabi/4.8.4/armv6-m\libcr_eabihelpers.a
END GROUP
                0x00006000                __top_MFlash96 = 0x6000
                0x10002000                __top_RamLoc8 = 0x10002000
                0x20000800                __top_RamPeriph2 = 0x20000800
                0x20004800                __top_SRAM1_2 = 0x20004800

.text           0x00000000     0x5c80
 FILL mask 0xff
                0x00000000                __vectors_start__ = ABSOLUTE (.)
 *(.isr_vector)
 .isr_vector    0x00000000       0xc0 ./src/cr_startup_lpc11exx.o
                0x00000000                g_pfnVectors
                0x000000c0                . = ALIGN (0x4)
                0x000000c0                __section_table_start = .
                0x000000c0                __data_section_table = .
                0x000000c0        0x4 LONG 0x5c80 LOADADDR (.data)
                0x000000c4        0x4 LONG 0x10000000 ADDR (.data)
                0x000000c8        0x4 LONG 0x3c SIZEOF (.data)
                0x000000cc        0x4 LONG 0x5c80 LOADADDR (.data_RAM2)
                0x000000d0        0x4 LONG 0x20000000 ADDR (.data_RAM2)
                0x000000d4        0x4 LONG 0x0 SIZEOF (.data_RAM2)
                0x000000d8        0x4 LONG 0x5c80 LOADADDR (.data_RAM3)
                0x000000dc        0x4 LONG 0x20004000 ADDR (.data_RAM3)
                0x000000e0        0x4 LONG 0x0 SIZEOF (.data_RAM3)
                0x000000e4                __data_section_table_end = .
                0x000000e4                __bss_section_table = .
                0x000000e4        0x4 LONG 0x1000003c ADDR (.bss)
                0x000000e8        0x4 LONG 0x1074 SIZEOF (.bss)
                0x000000ec        0x4 LONG 0x20000000 ADDR (.bss_RAM2)
                0x000000f0        0x4 LONG 0x0 SIZEOF (.bss_RAM2)
                0x000000f4        0x4 LONG 0x20004000 ADDR (.bss_RAM3)
                0x000000f8        0x4 LONG 0x0 SIZEOF (.bss_RAM3)
                0x000000fc                __bss_section_table_end = .
                0x000000fc                __section_table_end = .
 *(.after_vectors*)
 .after_vectors
                0x000000fc       0xa0 ./src/cr_startup_lpc11exx.o
                0x000000fc                NMI_Handler
                0x000000fe                HardFault_Handler
                0x00000100                SVC_Handler
                0x00000102                PendSV_Handler
                0x00000104                SysTick_Handler
                0x00000106                FLEX_INT7_IRQHandler
                0x00000106                FMC_IRQHandler
                0x00000106                TIMER32_1_IRQHandler
                0x00000106                FLEX_INT1_IRQHandler
                0x00000106                IntDefaultHandler
                0x00000106                SSP0_IRQHandler
                0x00000106                FLEX_INT6_IRQHandler
                0x00000106                FLEX_INT2_IRQHandler
                0x00000106                TIMER16_1_IRQHandler
                0x00000106                FLEX_INT5_IRQHandler
                0x00000106                ADC_IRQHandler
                0x00000106                SSP1_IRQHandler
                0x00000106                FLEX_INT3_IRQHandler
                0x00000106                BOD_IRQHandler
                0x00000106                I2C_IRQHandler
                0x00000106                WDT_IRQHandler
                0x00000106                TIMER16_0_IRQHandler
                0x00000106                GINT0_IRQHandler
                0x00000106                FLEX_INT4_IRQHandler
                0x00000106                GINT1_IRQHandler
                0x00000108                data_init
                0x0000011a                bss_init
                0x0000012a                ResetISR
                0x000002fc                . = 0x2fc
 *fill*         0x0000019c      0x160 ff
                0x000002fc                PROVIDE (__CRP_WORD_START__, .)
 *(.crp)
 .crp           0x000002fc        0x4 ./src/crp.o
                0x000002fc                CRP_WORD
                0x00000300                PROVIDE (__CRP_WORD_END__, .)
                0x00000001                ASSERT (! ((__CRP_WORD_START__ == __CRP_WORD_END__)), Linker CRP Enabled, but no CRP_WORD provided within application)
 *(.text*)
 .text.swapl    0x00000300        0x4 ./src/netutil/netutil.o
                0x00000300                swapl
 .text.htons    0x00000304        0x6 ./src/netutil/netutil.o
                0x00000304                htons
 .text.htonl    0x0000030a        0x8 ./src/netutil/netutil.o
                0x0000030a                htonl
 .text.ntohs    0x00000312        0x6 ./src/netutil/netutil.o
                0x00000312                ntohs
 .text.ntohl    0x00000318        0x8 ./src/netutil/netutil.o
                0x00000318                ntohl
 .text.read_eeprom
                0x00000320       0x44 ./src/PlatformHandler/eepromHandler.o
                0x00000320                read_eeprom
 .text.write_eeprom
                0x00000364       0x44 ./src/PlatformHandler/eepromHandler.o
                0x00000364                write_eeprom
 .text.iap_entry
                0x000003a8        0xc ./src/PlatformHandler/flashHandler.o
 .text.write_flash
                0x000003b4       0x88 ./src/PlatformHandler/flashHandler.o
                0x000003b4                write_flash
 .text.erase_flash_sector
                0x0000043c       0x54 ./src/PlatformHandler/flashHandler.o
                0x0000043c                erase_flash_sector
 .text.save_data
                0x00000490       0x68 ./src/PlatformHandler/flashHandler.o
                0x00000490                save_data
 .text.wizchip_select
                0x000004f8        0xa ./src/PlatformHandler/sspHandler.o
 .text.wizchip_deselect
                0x00000502        0xa ./src/PlatformHandler/sspHandler.o
 .text.wizchip_readburst
                0x0000050c       0x14 ./src/PlatformHandler/sspHandler.o
                0x0000050c                wizchip_readburst
 .text.wizchip_read
                0x00000520       0x18 ./src/PlatformHandler/sspHandler.o
 .text.wizchip_writeburst
                0x00000538       0x14 ./src/PlatformHandler/sspHandler.o
                0x00000538                wizchip_writeburst
 .text.wizchip_write
                0x0000054c       0x18 ./src/PlatformHandler/sspHandler.o
 .text.SPI_Init
                0x00000564       0x88 ./src/PlatformHandler/sspHandler.o
                0x00000564                SPI_Init
 .text.W5500_Init
                0x000005ec       0x88 ./src/PlatformHandler/sspHandler.o
                0x000005ec                W5500_Init
 .text.TIMER32_0_IRQHandler
                0x00000674       0x4c ./src/PlatformHandler/timerHandler.o
                0x00000674                TIMER32_0_IRQHandler
 .text.timer_Init
                0x000006c0       0x54 ./src/PlatformHandler/timerHandler.o
                0x000006c0                timer_Init
 .text.UART_IRQHandler
                0x00000714       0x1c ./src/PlatformHandler/uartHandler.o
                0x00000714                UART_IRQHandler
 .text.serial_info_init
                0x00000730       0xec ./src/PlatformHandler/uartHandler.o
                0x00000730                serial_info_init
 .text.UART_Init
                0x0000081c       0x7c ./src/PlatformHandler/uartHandler.o
                0x0000081c                UART_Init
 .text.init_tftp
                0x00000898       0x54 ./src/Internet/TFTP/tftp.o
 .text.tftp_cancel_timeout
                0x000008ec       0x24 ./src/Internet/TFTP/tftp.o
 .text.tftp_reg_timeout
                0x00000910       0x24 ./src/Internet/TFTP/tftp.o
 .text.send_tftp_rrq.constprop.8
                0x00000934       0xc8 ./src/Internet/TFTP/tftp.o
 .text.send_tftp_ack
                0x000009fc       0x4c ./src/Internet/TFTP/tftp.o
 .text.TFTP_init
                0x00000a48       0x4c ./src/Internet/TFTP/tftp.o
                0x00000a48                TFTP_init
 .text.TFTP_run
                0x00000a94      0x1c4 ./src/Internet/TFTP/tftp.o
                0x00000a94                TFTP_run
 .text.TFTP_read_request
                0x00000c58       0x1c ./src/Internet/TFTP/tftp.o
                0x00000c58                TFTP_read_request
 .text.tftp_timeout_handler
                0x00000c74       0x1c ./src/Internet/TFTP/tftp.o
                0x00000c74                tftp_timeout_handler
 .text.WIZCHIP_READ
                0x00000c90       0x60 ./src/Ethernet/W5500/w5500.o
                0x00000c90                WIZCHIP_READ
 .text.WIZCHIP_WRITE
                0x00000cf0       0x70 ./src/Ethernet/W5500/w5500.o
                0x00000cf0                WIZCHIP_WRITE
 .text.WIZCHIP_READ_BUF
                0x00000d60       0x74 ./src/Ethernet/W5500/w5500.o
                0x00000d60                WIZCHIP_READ_BUF
 .text.WIZCHIP_WRITE_BUF
                0x00000dd4       0x88 ./src/Ethernet/W5500/w5500.o
                0x00000dd4                WIZCHIP_WRITE_BUF
 .text.getSn_TX_FSR
                0x00000e5c       0x48 ./src/Ethernet/W5500/w5500.o
                0x00000e5c                getSn_TX_FSR
 .text.getSn_RX_RSR
                0x00000ea4       0x48 ./src/Ethernet/W5500/w5500.o
                0x00000ea4                getSn_RX_RSR
 .text.wiz_send_data
                0x00000eec       0x5a ./src/Ethernet/W5500/w5500.o
                0x00000eec                wiz_send_data
 .text.wiz_recv_data
                0x00000f46       0x5a ./src/Ethernet/W5500/w5500.o
                0x00000f46                wiz_recv_data
 .text.wiz_recv_ignore
                0x00000fa0       0x3c ./src/Ethernet/W5500/w5500.o
                0x00000fa0                wiz_recv_ignore
 .text.close    0x00000fdc       0x6c ./src/Ethernet/socket.o
                0x00000fdc                close
 .text.socket   0x00001048      0x114 ./src/Ethernet/socket.o
                0x00001048                socket
 .text.sendto   0x0000115c      0x134 ./src/Ethernet/socket.o
                0x0000115c                sendto
 .text.recvfrom
                0x00001290      0x1c8 ./src/Ethernet/socket.o
                0x00001290                recvfrom
 .text.getsockopt
                0x00001458      0x120 ./src/Ethernet/socket.o
                0x00001458                getsockopt
 .text.wizchip_cris_enter
                0x00001578        0x2 ./src/Ethernet/wizchip_conf.o
                0x00001578                wizchip_cris_enter
 .text.wizchip_cris_exit
                0x0000157a        0x2 ./src/Ethernet/wizchip_conf.o
                0x0000157a                wizchip_cris_exit
 .text.wizchip_cs_select
                0x0000157c        0x2 ./src/Ethernet/wizchip_conf.o
                0x0000157c                wizchip_cs_select
 .text.wizchip_cs_deselect
                0x0000157e        0x2 ./src/Ethernet/wizchip_conf.o
                0x0000157e                wizchip_cs_deselect
 .text.wizchip_bus_readbyte
                0x00001580        0x6 ./src/Ethernet/wizchip_conf.o
                0x00001580                wizchip_bus_readbyte
 .text.wizchip_bus_writebyte
                0x00001586        0x4 ./src/Ethernet/wizchip_conf.o
                0x00001586                wizchip_bus_writebyte
 .text.wizchip_spi_readbyte
                0x0000158a        0x4 ./src/Ethernet/wizchip_conf.o
                0x0000158a                wizchip_spi_readbyte
 .text.wizchip_spi_writebyte
                0x0000158e        0x2 ./src/Ethernet/wizchip_conf.o
                0x0000158e                wizchip_spi_writebyte
 .text.wizchip_spi_readburst
                0x00001590        0x2 ./src/Ethernet/wizchip_conf.o
                0x00001590                wizchip_spi_readburst
 .text.wizchip_spi_writeburst
                0x00001592        0x2 ./src/Ethernet/wizchip_conf.o
                0x00001592                wizchip_spi_writeburst
 .text.reg_wizchip_cs_cbfunc
                0x00001594       0x28 ./src/Ethernet/wizchip_conf.o
                0x00001594                reg_wizchip_cs_cbfunc
 .text.reg_wizchip_spi_cbfunc
                0x000015bc       0x34 ./src/Ethernet/wizchip_conf.o
                0x000015bc                reg_wizchip_spi_cbfunc
 .text.reg_wizchip_spiburst_cbfunc
                0x000015f0       0x34 ./src/Ethernet/wizchip_conf.o
                0x000015f0                reg_wizchip_spiburst_cbfunc
 .text.wizchip_sw_reset
                0x00001624       0x76 ./src/Ethernet/wizchip_conf.o
                0x00001624                wizchip_sw_reset
 .text.wizchip_init
                0x0000169a       0x7c ./src/Ethernet/wizchip_conf.o
                0x0000169a                wizchip_init
 .text.wizchip_clrinterrupt
                0x00001716       0x1c ./src/Ethernet/wizchip_conf.o
                0x00001716                wizchip_clrinterrupt
 .text.wizchip_getinterrupt
                0x00001732       0x22 ./src/Ethernet/wizchip_conf.o
                0x00001732                wizchip_getinterrupt
 .text.wizchip_setinterruptmask
                0x00001754       0x1a ./src/Ethernet/wizchip_conf.o
                0x00001754                wizchip_setinterruptmask
 .text.wizchip_getinterruptmask
                0x0000176e       0x1c ./src/Ethernet/wizchip_conf.o
                0x0000176e                wizchip_getinterruptmask
 .text.wizphy_getphylink
                0x0000178a       0x10 ./src/Ethernet/wizchip_conf.o
                0x0000178a                wizphy_getphylink
 .text.wizphy_getphypmode
                0x0000179a       0x16 ./src/Ethernet/wizchip_conf.o
                0x0000179a                wizphy_getphypmode
 .text.wizphy_reset
                0x000017b0       0x2e ./src/Ethernet/wizchip_conf.o
                0x000017b0                wizphy_reset
 .text.wizphy_setphyconf
                0x000017de       0x40 ./src/Ethernet/wizchip_conf.o
                0x000017de                wizphy_setphyconf
 *fill*         0x0000181e        0x2 
 .text.wizphy_getphyconf
                0x00001820       0x64 ./src/Ethernet/wizchip_conf.o
                0x00001820                wizphy_getphyconf
 .text.wizphy_setphypmode
                0x00001884       0x4c ./src/Ethernet/wizchip_conf.o
                0x00001884                wizphy_setphypmode
 .text.ctlwizchip
                0x000018d0       0xe0 ./src/Ethernet/wizchip_conf.o
                0x000018d0                ctlwizchip
 .text.wizchip_setnetinfo
                0x000019b0       0x5c ./src/Ethernet/wizchip_conf.o
                0x000019b0                wizchip_setnetinfo
 .text.wizchip_getnetinfo
                0x00001a0c       0x5c ./src/Ethernet/wizchip_conf.o
                0x00001a0c                wizchip_getnetinfo
 .text.wizchip_setnetmode
                0x00001a68       0x24 ./src/Ethernet/wizchip_conf.o
                0x00001a68                wizchip_setnetmode
 .text.wizchip_getnetmode
                0x00001a8c        0xa ./src/Ethernet/wizchip_conf.o
                0x00001a8c                wizchip_getnetmode
 .text.wizchip_settimeout
                0x00001a96       0x26 ./src/Ethernet/wizchip_conf.o
                0x00001a96                wizchip_settimeout
 .text.wizchip_gettimeout
                0x00001abc       0x28 ./src/Ethernet/wizchip_conf.o
                0x00001abc                wizchip_gettimeout
 .text.ctlnetwork
                0x00001ae4       0x4a ./src/Ethernet/wizchip_conf.o
                0x00001ae4                ctlnetwork
 *fill*         0x00001b2e        0x2 
 .text.get_S2E_Packet_pointer
                0x00001b30        0x8 ./src/Configuration/ConfigData.o
                0x00001b30                get_S2E_Packet_pointer
 .text.set_S2E_Packet_to_factory_value
                0x00001b38      0x1c0 ./src/Configuration/ConfigData.o
                0x00001b38                set_S2E_Packet_to_factory_value
 .text.load_S2E_Packet_from_eeprom
                0x00001cf8       0x3c ./src/Configuration/ConfigData.o
                0x00001cf8                load_S2E_Packet_from_eeprom
 .text.save_S2E_Packet_to_eeprom
                0x00001d34       0x14 ./src/Configuration/ConfigData.o
                0x00001d34                save_S2E_Packet_to_eeprom
 .text.set_S2E_Packet_value
                0x00001d48        0x8 ./src/Configuration/ConfigData.o
                0x00001d48                set_S2E_Packet_value
 .text.Net_Conf
                0x00001d50       0x6c ./src/Configuration/ConfigData.o
                0x00001d50                Net_Conf
 .text.atonum   0x00001dbc       0x1c ./src/Configuration/ConfigData.o
                0x00001dbc                atonum
 .text.get_hex  0x00001dd8       0x18 ./src/Configuration/ConfigData.o
                0x00001dd8                get_hex
 .text.check_mac_address
                0x00001df0       0x9c ./src/Configuration/ConfigData.o
                0x00001df0                check_mac_address
 .text.unlikely.NVIC_SystemReset
                0x00001e8c       0x18 ./src/Configuration/ConfigMessage.o
 .text.encrypt  0x00001ea4       0x18 ./src/Configuration/ConfigMessage.o
 .text.decrypt  0x00001ebc       0x18 ./src/Configuration/ConfigMessage.o
 .text.process_get_info
                0x00001ed4       0xd8 ./src/Configuration/ConfigMessage.o
 .text.process_set_info
                0x00001fac      0x120 ./src/Configuration/ConfigMessage.o
 .text.reply_firmware_upload_done
                0x000020cc       0xb8 ./src/Configuration/ConfigMessage.o
                0x000020cc                reply_firmware_upload_done
 .text.do_udp_config
                0x00002184      0x504 ./src/Configuration/ConfigMessage.o
                0x00002184                do_udp_config
 .text.__aeabi_idiv
                0x00002688       0x10 ./src/aeabi_romdiv_patch.o
                0x00002688                __aeabi_idivmod
                0x00002688                __aeabi_idiv
 .text.__aeabi_uidiv
                0x00002698       0x10 ./src/aeabi_romdiv_patch.o
                0x00002698                __aeabi_uidivmod
                0x00002698                __aeabi_uidiv
 .text.application_jump
                0x000026a8       0x18 ./src/main.o
                0x000026a8                application_jump
 .text.application_update
                0x000026c0       0x66 ./src/main.o
                0x000026c0                application_update
 *fill*         0x00002726        0x2 
 .text.startup.main
                0x00002728       0x84 ./src/main.o
                0x00002728                main
 .text.SystemInit
                0x000027ac        0x8 ./src/sysinit.o
                0x000027ac                SystemInit
 .text.Board_UARTPutChar
                0x000027b4       0x18 D:\Austin\Workspace\LPCXpresso_7_5_0_254\wiznet_s2e_wiz550s2e_board\Release\libwiznet_s2e_wiz550s2e_board.a(board.o)
                0x000027b4                Board_UARTPutChar
 .text.__sys_write
                0x000027cc       0x1a D:\Austin\Workspace\LPCXpresso_7_5_0_254\wiznet_s2e_wiz550s2e_board\Release\libwiznet_s2e_wiz550s2e_board.a(board.o)
                0x000027cc                __sys_write
 *fill*         0x000027e6        0x2 
 .text.Board_Debug_Init
                0x000027e8       0x44 D:\Austin\Workspace\LPCXpresso_7_5_0_254\wiznet_s2e_wiz550s2e_board\Release\libwiznet_s2e_wiz550s2e_board.a(board.o)
                0x000027e8                Board_Debug_Init
 .text.Board_LED_Set
                0x0000282c       0x24 D:\Austin\Workspace\LPCXpresso_7_5_0_254\wiznet_s2e_wiz550s2e_board\Release\libwiznet_s2e_wiz550s2e_board.a(board.o)
                0x0000282c                Board_LED_Set
 .text.Board_LED_Toggle
                0x00002850       0x28 D:\Austin\Workspace\LPCXpresso_7_5_0_254\wiznet_s2e_wiz550s2e_board\Release\libwiznet_s2e_wiz550s2e_board.a(board.o)
                0x00002850                Board_LED_Toggle
 .text.FLEX_INT0_IRQHandler
                0x00002878       0x1c D:\Austin\Workspace\LPCXpresso_7_5_0_254\wiznet_s2e_wiz550s2e_board\Release\libwiznet_s2e_wiz550s2e_board.a(board.o)
                0x00002878                FLEX_INT0_IRQHandler
 .text.Board_factory_Init
                0x00002894       0x60 D:\Austin\Workspace\LPCXpresso_7_5_0_254\wiznet_s2e_wiz550s2e_board\Release\libwiznet_s2e_wiz550s2e_board.a(board.o)
                0x00002894                Board_factory_Init
 .text.Board_hwtrig_get
                0x000028f4       0x10 D:\Austin\Workspace\LPCXpresso_7_5_0_254\wiznet_s2e_wiz550s2e_board\Release\libwiznet_s2e_wiz550s2e_board.a(board.o)
                0x000028f4                Board_hwtrig_get
 .text.Board_Init
                0x00002904       0x5c D:\Austin\Workspace\LPCXpresso_7_5_0_254\wiznet_s2e_wiz550s2e_board\Release\libwiznet_s2e_wiz550s2e_board.a(board.o)
                0x00002904                Board_Init
 .text.Board_SystemInit
                0x00002960       0x9c D:\Austin\Workspace\LPCXpresso_7_5_0_254\wiznet_s2e_wiz550s2e_board\Release\libwiznet_s2e_wiz550s2e_board.a(board_sysinit.o)
                0x00002960                Board_SystemInit
 .text.SystemCoreClockUpdate
                0x000029fc       0x10 D:\Austin\Workspace\LPCXpresso_7_5_0_254\lpc_chip_11exx\Release\liblpc_chip_11exx.a(chip_11xx.o)
                0x000029fc                SystemCoreClockUpdate
 .text.Chip_Clock_SetSystemPLLSource
                0x00002a0c       0x14 D:\Austin\Workspace\LPCXpresso_7_5_0_254\lpc_chip_11exx\Release\liblpc_chip_11exx.a(clock_11xx.o)
                0x00002a0c                Chip_Clock_SetSystemPLLSource
 .text.Chip_Clock_SetMainClockSource
                0x00002a20       0x14 D:\Austin\Workspace\LPCXpresso_7_5_0_254\lpc_chip_11exx\Release\liblpc_chip_11exx.a(clock_11xx.o)
                0x00002a20                Chip_Clock_SetMainClockSource
 .text.Chip_Clock_GetWDTOSCRate
                0x00002a34       0x28 D:\Austin\Workspace\LPCXpresso_7_5_0_254\lpc_chip_11exx\Release\liblpc_chip_11exx.a(clock_11xx.o)
                0x00002a34                Chip_Clock_GetWDTOSCRate
 .text.Chip_Clock_GetSystemPLLInClockRate
                0x00002a5c       0x28 D:\Austin\Workspace\LPCXpresso_7_5_0_254\lpc_chip_11exx\Release\liblpc_chip_11exx.a(clock_11xx.o)
                0x00002a5c                Chip_Clock_GetSystemPLLInClockRate
 .text.Chip_Clock_GetSystemPLLOutClockRate
                0x00002a84       0x18 D:\Austin\Workspace\LPCXpresso_7_5_0_254\lpc_chip_11exx\Release\liblpc_chip_11exx.a(clock_11xx.o)
                0x00002a84                Chip_Clock_GetSystemPLLOutClockRate
 .text.Chip_Clock_GetMainClockRate
                0x00002a9c       0x34 D:\Austin\Workspace\LPCXpresso_7_5_0_254\lpc_chip_11exx\Release\liblpc_chip_11exx.a(clock_11xx.o)
                0x00002a9c                Chip_Clock_GetMainClockRate
 .text.Chip_Clock_GetSystemClockRate
                0x00002ad0       0x14 D:\Austin\Workspace\LPCXpresso_7_5_0_254\lpc_chip_11exx\Release\liblpc_chip_11exx.a(clock_11xx.o)
                0x00002ad0                Chip_Clock_GetSystemClockRate
 .text.Chip_GPIO_Init
                0x00002ae4       0x10 D:\Austin\Workspace\LPCXpresso_7_5_0_254\lpc_chip_11exx\Release\liblpc_chip_11exx.a(gpio_11xx_1.o)
                0x00002ae4                Chip_GPIO_Init
 .text.Chip_IOCON_PinMuxSet
                0x00002af4        0xc D:\Austin\Workspace\LPCXpresso_7_5_0_254\lpc_chip_11exx\Release\liblpc_chip_11exx.a(iocon_11xx.o)
                0x00002af4                Chip_IOCON_PinMuxSet
 .text.RingBuffer_Init
                0x00002b00       0x10 D:\Austin\Workspace\LPCXpresso_7_5_0_254\lpc_chip_11exx\Release\liblpc_chip_11exx.a(ring_buffer.o)
                0x00002b00                RingBuffer_Init
 .text.RingBuffer_Insert
                0x00002b10       0x2e D:\Austin\Workspace\LPCXpresso_7_5_0_254\lpc_chip_11exx\Release\liblpc_chip_11exx.a(ring_buffer.o)
                0x00002b10                RingBuffer_Insert
 .text.RingBuffer_Pop
                0x00002b3e       0x30 D:\Austin\Workspace\LPCXpresso_7_5_0_254\lpc_chip_11exx\Release\liblpc_chip_11exx.a(ring_buffer.o)
                0x00002b3e                RingBuffer_Pop
 *fill*         0x00002b6e        0x2 
 .text.Chip_SSP_SetClockRate
                0x00002b70       0x18 D:\Austin\Workspace\LPCXpresso_7_5_0_254\lpc_chip_11exx\Release\liblpc_chip_11exx.a(ssp_11xx.o)
                0x00002b70                Chip_SSP_SetClockRate
 .text.Chip_SSP_WriteFrames_Blocking
                0x00002b88       0x8c D:\Austin\Workspace\LPCXpresso_7_5_0_254\lpc_chip_11exx\Release\liblpc_chip_11exx.a(ssp_11xx.o)
                0x00002b88                Chip_SSP_WriteFrames_Blocking
 .text.Chip_SSP_ReadFrames_Blocking
                0x00002c14       0xb8 D:\Austin\Workspace\LPCXpresso_7_5_0_254\lpc_chip_11exx\Release\liblpc_chip_11exx.a(ssp_11xx.o)
                0x00002c14                Chip_SSP_ReadFrames_Blocking
 .text.Chip_SSP_SetMaster
                0x00002ccc       0x14 D:\Austin\Workspace\LPCXpresso_7_5_0_254\lpc_chip_11exx\Release\liblpc_chip_11exx.a(ssp_11xx.o)
                0x00002ccc                Chip_SSP_SetMaster
 .text.Chip_SSP_SetBitRate
                0x00002ce0       0x64 D:\Austin\Workspace\LPCXpresso_7_5_0_254\lpc_chip_11exx\Release\liblpc_chip_11exx.a(ssp_11xx.o)
                0x00002ce0                Chip_SSP_SetBitRate
 .text.Chip_SSP_Init
                0x00002d44       0x78 D:\Austin\Workspace\LPCXpresso_7_5_0_254\lpc_chip_11exx\Release\liblpc_chip_11exx.a(ssp_11xx.o)
                0x00002d44                Chip_SSP_Init
 .text.Chip_SYSCTL_PowerDown
                0x00002dbc       0x1c D:\Austin\Workspace\LPCXpresso_7_5_0_254\lpc_chip_11exx\Release\liblpc_chip_11exx.a(sysctl_11xx.o)
                0x00002dbc                Chip_SYSCTL_PowerDown
 .text.Chip_SYSCTL_PowerUp
                0x00002dd8       0x24 D:\Austin\Workspace\LPCXpresso_7_5_0_254\lpc_chip_11exx\Release\liblpc_chip_11exx.a(sysctl_11xx.o)
                0x00002dd8                Chip_SYSCTL_PowerUp
 .text.Chip_TIMER_Init
                0x00002dfc       0x40 D:\Austin\Workspace\LPCXpresso_7_5_0_254\lpc_chip_11exx\Release\liblpc_chip_11exx.a(timer_11xx.o)
                0x00002dfc                Chip_TIMER_Init
 .text.Chip_TIMER_Reset
                0x00002e3c       0x18 D:\Austin\Workspace\LPCXpresso_7_5_0_254\lpc_chip_11exx\Release\liblpc_chip_11exx.a(timer_11xx.o)
                0x00002e3c                Chip_TIMER_Reset
 .text.Chip_UART_Init
                0x00002e54       0x28 D:\Austin\Workspace\LPCXpresso_7_5_0_254\lpc_chip_11exx\Release\liblpc_chip_11exx.a(uart_11xx.o)
                0x00002e54                Chip_UART_Init
 .text.Chip_UART_Send
                0x00002e7c       0x1a D:\Austin\Workspace\LPCXpresso_7_5_0_254\lpc_chip_11exx\Release\liblpc_chip_11exx.a(uart_11xx.o)
                0x00002e7c                Chip_UART_Send
 .text.Chip_UART_SendBlocking
                0x00002e96       0x24 D:\Austin\Workspace\LPCXpresso_7_5_0_254\lpc_chip_11exx\Release\liblpc_chip_11exx.a(uart_11xx.o)
                0x00002e96                Chip_UART_SendBlocking
 .text.Chip_UART_Read
                0x00002eba       0x1a D:\Austin\Workspace\LPCXpresso_7_5_0_254\lpc_chip_11exx\Release\liblpc_chip_11exx.a(uart_11xx.o)
                0x00002eba                Chip_UART_Read
 .text.Chip_UART_ReadBlocking
                0x00002ed4       0x24 D:\Austin\Workspace\LPCXpresso_7_5_0_254\lpc_chip_11exx\Release\liblpc_chip_11exx.a(uart_11xx.o)
                0x00002ed4                Chip_UART_ReadBlocking
 .text.Chip_UART_SetBaud
                0x00002ef8       0x38 D:\Austin\Workspace\LPCXpresso_7_5_0_254\lpc_chip_11exx\Release\liblpc_chip_11exx.a(uart_11xx.o)
                0x00002ef8                Chip_UART_SetBaud
 .text.Chip_UART_RXIntHandlerRB
                0x00002f30       0x1e D:\Austin\Workspace\LPCXpresso_7_5_0_254\lpc_chip_11exx\Release\liblpc_chip_11exx.a(uart_11xx.o)
                0x00002f30                Chip_UART_RXIntHandlerRB
 .text.Chip_UART_TXIntHandlerRB
                0x00002f4e       0x24 D:\Austin\Workspace\LPCXpresso_7_5_0_254\lpc_chip_11exx\Release\liblpc_chip_11exx.a(uart_11xx.o)
                0x00002f4e                Chip_UART_TXIntHandlerRB
 .text.Chip_UART_IRQRBHandler
                0x00002f72       0x2e D:\Austin\Workspace\LPCXpresso_7_5_0_254\lpc_chip_11exx\Release\liblpc_chip_11exx.a(uart_11xx.o)
                0x00002f72                Chip_UART_IRQRBHandler
 .text.__main   0x00002fa0       0x12 c:/nxp/lpcxpresso_7.5.0_254/lpcxpresso/tools/bin/../lib/gcc/arm-none-eabi/4.8.4/../../../../arm-none-eabi/lib/armv6-m\libcr_nohost.a(_cr__main.o)
                0x00002fa0                __main
 .text.memcpy   0x00002fb2        0x8 c:/nxp/lpcxpresso_7.5.0_254/lpcxpresso/tools/bin/../lib/gcc/arm-none-eabi/4.8.4/../../../../arm-none-eabi/lib/armv6-m\libcr_c.a(memcpy.o)
                0x00002fb2                memcpy
 .text.memset   0x00002fba        0x8 c:/nxp/lpcxpresso_7.5.0_254/lpcxpresso/tools/bin/../lib/gcc/arm-none-eabi/4.8.4/../../../../arm-none-eabi/lib/armv6-m\libcr_c.a(memset.o)
                0x00002fba                memset
 .text.fp_round
                0x00002fc2       0x48 c:/nxp/lpcxpresso_7.5.0_254/lpcxpresso/tools/bin/../lib/gcc/arm-none-eabi/4.8.4/../../../../arm-none-eabi/lib/armv6-m\libcr_c.a(fpprintf.o)
 .text.pr_dec.constprop.1
                0x0000300a       0x28 c:/nxp/lpcxpresso_7.5.0_254/lpcxpresso/tools/bin/../lib/gcc/arm-none-eabi/4.8.4/../../../../arm-none-eabi/lib/armv6-m\libcr_c.a(fpprintf.o)
 *fill*         0x00003032        0x6 
 .text.sprintf  0x00003038       0x70 c:/nxp/lpcxpresso_7.5.0_254/lpcxpresso/tools/bin/../lib/gcc/arm-none-eabi/4.8.4/../../../../arm-none-eabi/lib/armv6-m\libcr_c.a(fpprintf.o)
                0x00003038                sprintf
 .text.fp_display
                0x000030a8      0x980 c:/nxp/lpcxpresso_7.5.0_254/lpcxpresso/tools/bin/../lib/gcc/arm-none-eabi/4.8.4/../../../../arm-none-eabi/lib/armv6-m\libcr_c.a(fpprintf.o)
 .text.vsnprintf
                0x00003a28       0x5c c:/nxp/lpcxpresso_7.5.0_254/lpcxpresso/tools/bin/../lib/gcc/arm-none-eabi/4.8.4/../../../../arm-none-eabi/lib/armv6-m\libcr_c.a(fpprintf.o)
                0x00003a28                vsnprintf
 .text.printf   0x00003a84       0x50 c:/nxp/lpcxpresso_7.5.0_254/lpcxpresso/tools/bin/../lib/gcc/arm-none-eabi/4.8.4/../../../../arm-none-eabi/lib/armv6-m\libcr_c.a(fpprintf.o)
                0x00003a84                printf
 .text._initio  0x00003ad4       0xa4 c:/nxp/lpcxpresso_7.5.0_254/lpcxpresso/tools/bin/../lib/gcc/arm-none-eabi/4.8.4/../../../../arm-none-eabi/lib/armv6-m\libcr_c.a(initio.o)
                0x00003ad4                _initio
 .text.memcmp   0x00003b78       0x3a c:/nxp/lpcxpresso_7.5.0_254/lpcxpresso/tools/bin/../lib/gcc/arm-none-eabi/4.8.4/../../../../arm-none-eabi/lib/armv6-m\libcr_c.a(memcmp.o)
                0x00003b78                memcmp
 *fill*         0x00003bb2        0x2 
 .text.__vfprintf
                0x00003bb4      0xd4c c:/nxp/lpcxpresso_7.5.0_254/lpcxpresso/tools/bin/../lib/gcc/arm-none-eabi/4.8.4/../../../../arm-none-eabi/lib/armv6-m\libcr_c.a(printf.o)
                0x00003bb4                __vfprintf
 .text.setvbuf  0x00004900       0x48 c:/nxp/lpcxpresso_7.5.0_254/lpcxpresso/tools/bin/../lib/gcc/arm-none-eabi/4.8.4/../../../../arm-none-eabi/lib/armv6-m\libcr_c.a(setvbuf.o)
                0x00004900                setvbuf
 .text.strcmp   0x00004948       0x44 c:/nxp/lpcxpresso_7.5.0_254/lpcxpresso/tools/bin/../lib/gcc/arm-none-eabi/4.8.4/../../../../arm-none-eabi/lib/armv6-m\libcr_c.a(strcmp.o)
                0x00004948                strcmp
 .text.strcpy   0x0000498c       0x44 c:/nxp/lpcxpresso_7.5.0_254/lpcxpresso/tools/bin/../lib/gcc/arm-none-eabi/4.8.4/../../../../arm-none-eabi/lib/armv6-m\libcr_c.a(strcpy.o)
                0x0000498c                strcpy
 .text.strlen   0x000049d0       0x54 c:/nxp/lpcxpresso_7.5.0_254/lpcxpresso/tools/bin/../lib/gcc/arm-none-eabi/4.8.4/../../../../arm-none-eabi/lib/armv6-m\libcr_c.a(strlen.o)
                0x000049d0                strlen
 .text._deferredlazyseek
                0x00004a24       0x44 c:/nxp/lpcxpresso_7.5.0_254/lpcxpresso/tools/bin/../lib/gcc/arm-none-eabi/4.8.4/../../../../arm-none-eabi/lib/armv6-m\libcr_c.a(_deferredlazyseek.o)
                0x00004a24                _deferredlazyseek
 .text.__flsbuf
                0x00004a68      0x154 c:/nxp/lpcxpresso_7.5.0_254/lpcxpresso/tools/bin/../lib/gcc/arm-none-eabi/4.8.4/../../../../arm-none-eabi/lib/armv6-m\libcr_c.a(_deferredlazyseek.o)
                0x00004a68                __flsbuf
 .text._fdopen  0x00004bbc       0x68 c:/nxp/lpcxpresso_7.5.0_254/lpcxpresso/tools/bin/../lib/gcc/arm-none-eabi/4.8.4/../../../../arm-none-eabi/lib/armv6-m\libcr_c.a(_fdopen.o)
                0x00004bbc                _fdopen
 .text._fflush  0x00004c24       0x64 c:/nxp/lpcxpresso_7.5.0_254/lpcxpresso/tools/bin/../lib/gcc/arm-none-eabi/4.8.4/../../../../arm-none-eabi/lib/armv6-m\libcr_c.a(_fflush.o)
                0x00004c24                _fflush
 .text._frexpl  0x00004c88       0x80 c:/nxp/lpcxpresso_7.5.0_254/lpcxpresso/tools/bin/../lib/gcc/arm-none-eabi/4.8.4/../../../../arm-none-eabi/lib/armv6-m\libcr_c.a(_frexpl.o)
                0x00004c88                _frexpl
 .text._ldexpl  0x00004d08       0x60 c:/nxp/lpcxpresso_7.5.0_254/lpcxpresso/tools/bin/../lib/gcc/arm-none-eabi/4.8.4/../../../../arm-none-eabi/lib/armv6-m\libcr_c.a(_ldexpl.o)
                0x00004d08                _ldexpl
 .text._Cwritebuf
                0x00004d68       0x6c c:/nxp/lpcxpresso_7.5.0_254/lpcxpresso/tools/bin/../lib/gcc/arm-none-eabi/4.8.4/../../../../arm-none-eabi/lib/armv6-m\libcr_c.a(_writebuf.o)
                0x00004d68                _Cwritebuf
 .text.malloc   0x00004dd4       0xc4 c:/nxp/lpcxpresso_7.5.0_254/lpcxpresso/tools/bin/../lib/gcc/arm-none-eabi/4.8.4/../../../../arm-none-eabi/lib/armv6-m\libcr_c.a(alloc.o)
                0x00004dd4                malloc
 .text.free     0x00004e98        0xe c:/nxp/lpcxpresso_7.5.0_254/lpcxpresso/tools/bin/../lib/gcc/arm-none-eabi/4.8.4/../../../../arm-none-eabi/lib/armv6-m\libcr_c.a(alloc.o)
                0x00004e98                free
 *fill*         0x00004ea6        0x2 
 .text._Csys_alloc
                0x00004ea8       0x20 c:/nxp/lpcxpresso_7.5.0_254/lpcxpresso/tools/bin/../lib/gcc/arm-none-eabi/4.8.4/../../../../arm-none-eabi/lib/armv6-m\libcr_c.a(alloc.o)
                0x00004ea8                _Csys_alloc
 .text.fclose   0x00004ec8       0x70 c:/nxp/lpcxpresso_7.5.0_254/lpcxpresso/tools/bin/../lib/gcc/arm-none-eabi/4.8.4/../../../../arm-none-eabi/lib/armv6-m\libcr_c.a(fclose.o)
                0x00004ec8                fclose
 .text.fflush   0x00004f38       0x34 c:/nxp/lpcxpresso_7.5.0_254/lpcxpresso/tools/bin/../lib/gcc/arm-none-eabi/4.8.4/../../../../arm-none-eabi/lib/armv6-m\libcr_c.a(fflush.o)
                0x00004f38                fflush
 .text.fseek    0x00004f6c       0xf8 c:/nxp/lpcxpresso_7.5.0_254/lpcxpresso/tools/bin/../lib/gcc/arm-none-eabi/4.8.4/../../../../arm-none-eabi/lib/armv6-m\libcr_c.a(fseek.o)
                0x00004f6c                fseek
 .text.ftell    0x00005064       0x4c c:/nxp/lpcxpresso_7.5.0_254/lpcxpresso/tools/bin/../lib/gcc/arm-none-eabi/4.8.4/../../../../arm-none-eabi/lib/armv6-m\libcr_c.a(ftell.o)
                0x00005064                ftell
 .text.remove   0x000050b0       0x12 c:/nxp/lpcxpresso_7.5.0_254/lpcxpresso/tools/bin/../lib/gcc/arm-none-eabi/4.8.4/../../../../arm-none-eabi/lib/armv6-m\libcr_c.a(remove.o)
                0x000050b0                remove
 *fill*         0x000050c2        0x2 
 .text._sbrk    0x000050c4       0x40 c:/nxp/lpcxpresso_7.5.0_254/lpcxpresso/tools/bin/../lib/gcc/arm-none-eabi/4.8.4/../../../../arm-none-eabi/lib/armv6-m\libcr_c.a(_cr_sbrk.o)
                0x000050c4                _sbrk
 .text._do_fflush
                0x00005104       0x48 c:/nxp/lpcxpresso_7.5.0_254/lpcxpresso/tools/bin/../lib/gcc/arm-none-eabi/4.8.4/../../../../arm-none-eabi/lib/armv6-m\libcr_c.a(_do_fflush.o)
                0x00005104                _do_fflush
 .text.__check_heap_overflow
                0x0000514c       0x18 c:/nxp/lpcxpresso_7.5.0_254/lpcxpresso/tools/bin/../lib/gcc/arm-none-eabi/4.8.4/../../../../arm-none-eabi/lib/armv6-m\libcr_c.a(_cr_check_heap.o)
                0x0000514c                __check_heap_overflow
 *fill*         0x00005164        0x4 
 .text.__aeabi_dmul
                0x00005168      0x188 c:/nxp/lpcxpresso_7.5.0_254/lpcxpresso/tools/bin/../lib/gcc/arm-none-eabi/4.8.4/armv6-m\libcr_eabihelpers.a(double.o)
                0x00005168                __aeabi_dmul
 .text.__aeabi_ddiv
                0x000052f0      0x160 c:/nxp/lpcxpresso_7.5.0_254/lpcxpresso/tools/bin/../lib/gcc/arm-none-eabi/4.8.4/armv6-m\libcr_eabihelpers.a(double.o)
                0x000052f0                __aeabi_ddiv
 .text.__aeabi_dsub
                0x00005450      0x1e8 c:/nxp/lpcxpresso_7.5.0_254/lpcxpresso/tools/bin/../lib/gcc/arm-none-eabi/4.8.4/armv6-m\libcr_eabihelpers.a(double.o)
                0x00005450                __aeabi_dsub
 .text.__aeabi_dadd
                0x00005638      0x148 c:/nxp/lpcxpresso_7.5.0_254/lpcxpresso/tools/bin/../lib/gcc/arm-none-eabi/4.8.4/armv6-m\libcr_eabihelpers.a(double.o)
                0x00005638                __aeabi_dadd
 .text.__aeabi_d2iz
                0x00005780       0x48 c:/nxp/lpcxpresso_7.5.0_254/lpcxpresso/tools/bin/../lib/gcc/arm-none-eabi/4.8.4/armv6-m\libcr_eabihelpers.a(double.o)
                0x00005780                __aeabi_d2iz
 .text.__bhs_ui2d
                0x000057c8       0x5e c:/nxp/lpcxpresso_7.5.0_254/lpcxpresso/tools/bin/../lib/gcc/arm-none-eabi/4.8.4/armv6-m\libcr_eabihelpers.a(double.o)
                0x000057c8                __bhs_ui2d
 .text.__aeabi_i2d
                0x00005826       0x16 c:/nxp/lpcxpresso_7.5.0_254/lpcxpresso/tools/bin/../lib/gcc/arm-none-eabi/4.8.4/armv6-m\libcr_eabihelpers.a(double.o)
                0x00005826                __aeabi_i2d
 .text.__aeabi_dcmpeq
                0x0000583c       0x38 c:/nxp/lpcxpresso_7.5.0_254/lpcxpresso/tools/bin/../lib/gcc/arm-none-eabi/4.8.4/armv6-m\libcr_eabihelpers.a(double.o)
                0x0000583c                __aeabi_dcmpeq
 .text.__aeabi_dcmplt
                0x00005874       0x78 c:/nxp/lpcxpresso_7.5.0_254/lpcxpresso/tools/bin/../lib/gcc/arm-none-eabi/4.8.4/armv6-m\libcr_eabihelpers.a(double.o)
                0x00005874                __aeabi_dcmplt
 .text.__aeabi_dcmple
                0x000058ec       0x78 c:/nxp/lpcxpresso_7.5.0_254/lpcxpresso/tools/bin/../lib/gcc/arm-none-eabi/4.8.4/armv6-m\libcr_eabihelpers.a(double.o)
                0x000058ec                __aeabi_dcmple
 .text.__aeabi_dcmpge
                0x00005964       0x70 c:/nxp/lpcxpresso_7.5.0_254/lpcxpresso/tools/bin/../lib/gcc/arm-none-eabi/4.8.4/armv6-m\libcr_eabihelpers.a(double.o)
                0x00005964                __aeabi_dcmpge
 .text.__aeabi_llong_lmul
                0x000059d4       0x2e c:/nxp/lpcxpresso_7.5.0_254/lpcxpresso/tools/bin/../lib/gcc/arm-none-eabi/4.8.4/armv6-m\libcr_eabihelpers.a(llong.o)
                0x000059d4                __aeabi_lmul
 .text.__aeabi_memcpy
                0x00005a02       0x2c c:/nxp/lpcxpresso_7.5.0_254/lpcxpresso/tools/bin/../lib/gcc/arm-none-eabi/4.8.4/armv6-m\libcr_eabihelpers.a(memcpy.o)
                0x00005a02                __aeabi_memcpy4
                0x00005a02                __aeabi_memcpy8
                0x00005a02                __aeabi_memcpy
 .text.__aeabi_memset_lowlevel
                0x00005a2e       0x2a c:/nxp/lpcxpresso_7.5.0_254/lpcxpresso/tools/bin/../lib/gcc/arm-none-eabi/4.8.4/armv6-m\libcr_eabihelpers.a(memcpy.o)
                0x00005a2e                __aeabi_lowlevel_memset
 .text.__gnu_thumb1_case_uqi
                0x00005a58       0x10 c:/nxp/lpcxpresso_7.5.0_254/lpcxpresso/tools/bin/../lib/gcc/arm-none-eabi/4.8.4/armv6-m\libcr_eabihelpers.a(thumb1_switch_helpers.o)
                0x00005a58                __gnu_thumb1_case_uqi
 .text.__sys_appexit
                0x00005a68        0x2 c:/nxp/lpcxpresso_7.5.0_254/lpcxpresso/tools/bin/../lib/gcc/arm-none-eabi/4.8.4/../../../../arm-none-eabi/lib/armv6-m\libcr_nohost.a(__sys_appexit.o)
                0x00005a68                __sys_appexit
                0x00005a68                __exit
 .text.__sys_close
                0x00005a6a        0x6 c:/nxp/lpcxpresso_7.5.0_254/lpcxpresso/tools/bin/../lib/gcc/arm-none-eabi/4.8.4/../../../../arm-none-eabi/lib/armv6-m\libcr_nohost.a(__sys_close.o)
                0x00005a6a                __sys_close
 .text.__sys_flen
                0x00005a70        0x6 c:/nxp/lpcxpresso_7.5.0_254/lpcxpresso/tools/bin/../lib/gcc/arm-none-eabi/4.8.4/../../../../arm-none-eabi/lib/armv6-m\libcr_nohost.a(__sys_flen.o)
                0x00005a70                __sys_flen
 .text.__sys_istty
                0x00005a76        0x6 c:/nxp/lpcxpresso_7.5.0_254/lpcxpresso/tools/bin/../lib/gcc/arm-none-eabi/4.8.4/../../../../arm-none-eabi/lib/armv6-m\libcr_nohost.a(__sys_istty.o)
                0x00005a76                __sys_istty
 .text.__sys_remove
                0x00005a7c        0x6 c:/nxp/lpcxpresso_7.5.0_254/lpcxpresso/tools/bin/../lib/gcc/arm-none-eabi/4.8.4/../../../../arm-none-eabi/lib/armv6-m\libcr_nohost.a(__sys_remove.o)
                0x00005a7c                __sys_remove
 .text.__sys_seek
                0x00005a82        0x6 c:/nxp/lpcxpresso_7.5.0_254/lpcxpresso/tools/bin/../lib/gcc/arm-none-eabi/4.8.4/../../../../arm-none-eabi/lib/armv6-m\libcr_nohost.a(__sys_seek.o)
                0x00005a82                __sys_seek
 .text.__sys_tmpnam
                0x00005a88        0x6 c:/nxp/lpcxpresso_7.5.0_254/lpcxpresso/tools/bin/../lib/gcc/arm-none-eabi/4.8.4/../../../../arm-none-eabi/lib/armv6-m\libcr_nohost.a(__sys_tmpnam.o)
                0x00005a88                __sys_tmpnam
 *(.rodata .rodata.* .constdata .constdata.*)
 .rodata        0x00005a8e       0x10 ./src/PlatformHandler/sspHandler.o
 .rodata.str1.1
                0x00005a9e       0x10 ./src/Internet/TFTP/tftp.o
 .rodata        0x00005aae       0x25 ./src/Configuration/ConfigData.o
 .rodata.str1.1
                0x00005ad3       0x87 ./src/Configuration/ConfigData.o
 .rodata.ledports
                0x00005b5a        0x2 D:\Austin\Workspace\LPCXpresso_7_5_0_254\wiznet_s2e_wiz550s2e_board\Release\libwiznet_s2e_wiz550s2e_board.a(board.o)
 .rodata.OscRateIn
                0x00005b5c        0x4 D:\Austin\Workspace\LPCXpresso_7_5_0_254\wiznet_s2e_wiz550s2e_board\Release\libwiznet_s2e_wiz550s2e_board.a(board.o)
                0x00005b5c                OscRateIn
 .rodata.ledpins
                0x00005b60        0x2 D:\Austin\Workspace\LPCXpresso_7_5_0_254\wiznet_s2e_wiz550s2e_board\Release\libwiznet_s2e_wiz550s2e_board.a(board.o)
 *fill*         0x00005b62        0x2 
 .rodata.pinmuxing
                0x00005b64       0x50 D:\Austin\Workspace\LPCXpresso_7_5_0_254\wiznet_s2e_wiz550s2e_board\Release\libwiznet_s2e_wiz550s2e_board.a(board_sysinit.o)
 .rodata.wdtOSCRate
                0x00005bb4       0x40 D:\Austin\Workspace\LPCXpresso_7_5_0_254\lpc_chip_11exx\Release\liblpc_chip_11exx.a(clock_11xx.o)
 .rodata.str1.1
                0x00005bf4       0x32 c:/nxp/lpcxpresso_7.5.0_254/lpcxpresso/tools/bin/../lib/gcc/arm-none-eabi/4.8.4/../../../../arm-none-eabi/lib/armv6-m\libcr_c.a(fpprintf.o)
                                 0x35 (size before relaxing)
 .rodata.str1.1
                0x00005c26        0x4 c:/nxp/lpcxpresso_7.5.0_254/lpcxpresso/tools/bin/../lib/gcc/arm-none-eabi/4.8.4/../../../../arm-none-eabi/lib/armv6-m\libcr_c.a(initio.o)
 .rodata.str1.1
                0x00005c2a       0x31 c:/nxp/lpcxpresso_7.5.0_254/lpcxpresso/tools/bin/../lib/gcc/arm-none-eabi/4.8.4/../../../../arm-none-eabi/lib/armv6-m\libcr_c.a(printf.o)
                                 0x38 (size before relaxing)
 *fill*         0x00005c5b        0x5 
 .rodata.__huge_vall
                0x00005c60        0x8 c:/nxp/lpcxpresso_7.5.0_254/lpcxpresso/tools/bin/../lib/gcc/arm-none-eabi/4.8.4/../../../../arm-none-eabi/lib/armv6-m\libcr_c.a(_hugeval.o)
                0x00005c60                __huge_vall
 .rodata.str1.1
                0x00005c68       0x18 c:/nxp/lpcxpresso_7.5.0_254/lpcxpresso/tools/bin/../lib/gcc/arm-none-eabi/4.8.4/../../../../arm-none-eabi/lib/armv6-m\libcr_c.a(alloc.o)
                0x00005c80                . = ALIGN (0x4)

.glue_7         0x00005c80        0x0
 .glue_7        0x00000000        0x0 linker stubs

.glue_7t        0x00005c80        0x0
 .glue_7t       0x00000000        0x0 linker stubs

.vfp11_veneer   0x00005c80        0x0
 .vfp11_veneer  0x00000000        0x0 linker stubs

.v4_bx          0x00005c80        0x0
 .v4_bx         0x00000000        0x0 linker stubs

.iplt           0x00005c80        0x0
 .iplt          0x00000000        0x0 ./src/netutil/netutil.o

.rel.dyn        0x00005c80        0x0
 .rel.iplt      0x00000000        0x0 ./src/netutil/netutil.o

.ARM.extab
 *(.ARM.extab* .gnu.linkonce.armextab.*)
                0x00005c80                __exidx_start = .

.ARM.exidx
 *(.ARM.exidx* .gnu.linkonce.armexidx.*)
                0x00005c80                __exidx_end = .
                0x00005c80                _etext = .

.data_RAM2      0x20000000        0x0 load address 0x00005c80
 FILL mask 0xff
 *(.data.$RAM2*)
 *(.data.$RamPeriph2*)
                0x20000000                . = ALIGN (0x4)

.data_RAM3      0x20004000        0x0 load address 0x00005c80
 FILL mask 0xff
 *(.data.$RAM3*)
 *(.data.$SRAM1_2*)
                0x20004000                . = ALIGN (0x4)

.uninit_RESERVED
                0x10000000        0x0
 *(.bss.$RESERVED*)
                0x10000000                . = ALIGN (0x4)
                0x10000000                _end_uninit_RESERVED = .

.data           0x10000000       0x3c load address 0x00005c80
 FILL mask 0xff
                0x10000000                _data = .
 *(vtable)
 *(.data*)
 .data.g_write_point
                0x10000000        0x4 ./src/PlatformHandler/flashHandler.o
 .data.g_tftp_socket
                0x10000004        0x4 ./src/Internet/TFTP/tftp.o
 .data.default_tftp_opt
                0x10000008        0x8 ./src/Internet/TFTP/tftp.o
 .data.sock_any_port
                0x10000010        0x2 ./src/Ethernet/socket.o
 *fill*         0x10000012        0x2 
 .data.WIZCHIP  0x10000014       0x28 ./src/Ethernet/wizchip_conf.o
                0x10000014                WIZCHIP
                0x1000003c                . = ALIGN (0x4)
                0x1000003c                _edata = .

.igot.plt       0x1000003c        0x0 load address 0x00005cbc
 .igot.plt      0x00000000        0x0 ./src/netutil/netutil.o

.bss_RAM2       0x20000000        0x0
 *(.bss.$RAM2*)
 *(.bss.$RamPeriph2*)
                0x20000000                . = ALIGN (0x4)

.bss_RAM3       0x20004000        0x0
 *(.bss.$RAM3*)
 *(.bss.$SRAM1_2*)
                0x20004000                . = ALIGN (0x4)

.bss            0x1000003c     0x1074
                0x1000003c                _bss = .
 *(.bss*)
 .bss.cnt.6080  0x1000003c        0x4 ./src/PlatformHandler/flashHandler.o
 .bss.mill_cnt  0x10000040        0x4 ./src/PlatformHandler/timerHandler.o
 .bss.txbuff    0x10000044      0x400 ./src/PlatformHandler/uartHandler.o
 .bss.rxbuff    0x10000444      0x400 ./src/PlatformHandler/uartHandler.o
 .bss.g_server_ip
                0x10000844        0x4 ./src/Internet/TFTP/tftp.o
 .bss.g_filename
                0x10000848       0x14 ./src/Internet/TFTP/tftp.o
 .bss.g_tftp_rcv_buf
                0x1000085c        0x4 ./src/Internet/TFTP/tftp.o
 .bss.g_block_num
                0x10000860        0x2 ./src/Internet/TFTP/tftp.o
 .bss.g_progress_state
                0x10000862        0x1 ./src/Internet/TFTP/tftp.o
                0x10000862                g_progress_state
 *fill*         0x10000863        0x1 
 .bss.tftp_time_cnt
                0x10000864        0x4 ./src/Internet/TFTP/tftp.o
 .bss.g_server_port
                0x10000868        0x2 ./src/Internet/TFTP/tftp.o
 .bss.g_local_port
                0x1000086a        0x2 ./src/Internet/TFTP/tftp.o
 .bss.g_tftp_state
                0x1000086c        0x4 ./src/Internet/TFTP/tftp.o
 .bss.tftp_retry_cnt
                0x10000870        0x4 ./src/Internet/TFTP/tftp.o
 .bss.g_resend_flag
                0x10000874        0x4 ./src/Internet/TFTP/tftp.o
 .bss.sock_io_mode
                0x10000878        0x2 ./src/Ethernet/socket.o
 .bss.sock_is_sending
                0x1000087a        0x2 ./src/Ethernet/socket.o
 .bss.sock_pack_info
                0x1000087c        0x8 ./src/Ethernet/socket.o
 .bss.sock_remained_size
                0x10000884       0x10 ./src/Ethernet/socket.o
 .bss._DHCP_    0x10000894        0x1 ./src/Ethernet/wizchip_conf.o
 .bss._DNS_     0x10000895        0x4 ./src/Ethernet/wizchip_conf.o
 .bss.s2e_packet
                0x10000899       0xa2 ./src/Configuration/ConfigData.o
 .bss.g_op_mode
                0x1000093b        0x1 ./src/main.o
                0x1000093b                g_op_mode
 .bss.factory_flag
                0x1000093c        0x1 D:\Austin\Workspace\LPCXpresso_7_5_0_254\wiznet_s2e_wiz550s2e_board\Release\libwiznet_s2e_wiz550s2e_board.a(board.o)
                0x1000093c                factory_flag
 *fill*         0x1000093d        0x3 
 .bss.errno     0x10000940        0x4 c:/nxp/lpcxpresso_7.5.0_254/lpcxpresso/tools/bin/../lib/gcc/arm-none-eabi/4.8.4/../../../../arm-none-eabi/lib/armv6-m\libcr_c.a(errno.o)
                0x10000940                errno
 *(COMMON)
 COMMON         0x10000944       0x28 ./src/PlatformHandler/uartHandler.o
                0x10000944                txring
                0x10000958                rxring
 COMMON         0x1000096c        0x8 ./src/cr_startup_lpc11exx.o
                0x1000096c                pDivRom_uidiv
                0x10000970                pDivRom_idiv
 COMMON         0x10000974      0x5ea ./src/main.o
                0x10000974                g_socket_rcv_buf
 *fill*         0x10000f5e        0x2 
 COMMON         0x10000f60        0x4 D:\Austin\Workspace\LPCXpresso_7_5_0_254\lpc_chip_11exx\Release\liblpc_chip_11exx.a(chip_11xx.o)
                0x10000f60                SystemCoreClock
 COMMON         0x10000f64        0x4 c:/nxp/lpcxpresso_7.5.0_254/lpcxpresso/tools/bin/../lib/gcc/arm-none-eabi/4.8.4/../../../../arm-none-eabi/lib/armv6-m\libcr_c.a(initio.o)
                0x10000f64                _extra
 COMMON         0x10000f68      0x140 c:/nxp/lpcxpresso_7.5.0_254/lpcxpresso/tools/bin/../lib/gcc/arm-none-eabi/4.8.4/../../../../arm-none-eabi/lib/armv6-m\libcr_c.a(stdio.o)
                0x10000f68                __Ciob
 COMMON         0x100010a8        0x8 c:/nxp/lpcxpresso_7.5.0_254/lpcxpresso/tools/bin/../lib/gcc/arm-none-eabi/4.8.4/../../../../arm-none-eabi/lib/armv6-m\libcr_c.a(__init_alloc.o)
                0x100010a8                __heaps
                0x100010ac                __end_of_heap
                0x100010b0                . = ALIGN (0x4)
                0x100010b0                _ebss = .
                0x100010b0                PROVIDE (end, .)

.noinit_RAM2    0x20000000        0x0
 *(.noinit.$RAM2*)
 *(.noinit.$RamPeriph2*)
                0x20000000                . = ALIGN (0x4)

.noinit_RAM3    0x20004000        0x0
 *(.noinit.$RAM3*)
 *(.noinit.$SRAM1_2*)
                0x20004000                . = ALIGN (0x4)

.noinit         0x100010b0        0x0
                0x100010b0                _noinit = .
 *(.noinit*)
                0x100010b0                . = ALIGN (0x4)
                0x100010b0                _end_noinit = .
                0x100010b0                PROVIDE (_pvHeapStart, .)
                0x10002000                PROVIDE (_vStackTop, (__top_RamLoc8 - 0x0))
OUTPUT(WIZ550S2E_Boot.axf elf32-littlearm)

.debug_info     0x00000000    0x11922
 .debug_info    0x00000000      0x4cc ./src/netutil/netutil.o
 .debug_info    0x000004cc      0x289 ./src/PlatformHandler/eepromHandler.o
 .debug_info    0x00000755      0x47a ./src/PlatformHandler/flashHandler.o
 .debug_info    0x00000bcf      0xa94 ./src/PlatformHandler/sspHandler.o
 .debug_info    0x00001663      0x691 ./src/PlatformHandler/timerHandler.o
 .debug_info    0x00001cf4     0x1155 ./src/PlatformHandler/uartHandler.o
 .debug_info    0x00002e49     0x117d ./src/Internet/TFTP/tftp.o
 .debug_info    0x00003fc6      0x88b ./src/Ethernet/W5500/w5500.o
 .debug_info    0x00004851     0x10bf ./src/Ethernet/socket.o
 .debug_info    0x00005910     0x1233 ./src/Ethernet/wizchip_conf.o
 .debug_info    0x00006b43     0x10c6 ./src/Configuration/ConfigData.o
 .debug_info    0x00007c09     0x1ef9 ./src/Configuration/ConfigMessage.o
 .debug_info    0x00009b02      0x27c ./src/cr_startup_lpc11exx.o
 .debug_info    0x00009d7e       0x3b ./src/crp.o
 .debug_info    0x00009db9      0x57c ./src/main.o
 .debug_info    0x0000a335       0xc9 ./src/sysinit.o
 .debug_info    0x0000a3fe     0x14fd D:\Austin\Workspace\LPCXpresso_7_5_0_254\wiznet_s2e_wiz550s2e_board\Release\libwiznet_s2e_wiz550s2e_board.a(board.o)
 .debug_info    0x0000b8fb      0xaac D:\Austin\Workspace\LPCXpresso_7_5_0_254\wiznet_s2e_wiz550s2e_board\Release\libwiznet_s2e_wiz550s2e_board.a(board_sysinit.o)
 .debug_info    0x0000c3a7       0xd8 D:\Austin\Workspace\LPCXpresso_7_5_0_254\lpc_chip_11exx\Release\liblpc_chip_11exx.a(chip_11xx.o)
 .debug_info    0x0000c47f      0x8e7 D:\Austin\Workspace\LPCXpresso_7_5_0_254\lpc_chip_11exx\Release\liblpc_chip_11exx.a(clock_11xx.o)
 .debug_info    0x0000cd66      0x9e9 D:\Austin\Workspace\LPCXpresso_7_5_0_254\lpc_chip_11exx\Release\liblpc_chip_11exx.a(gpio_11xx_1.o)
 .debug_info    0x0000d74f      0x14f D:\Austin\Workspace\LPCXpresso_7_5_0_254\lpc_chip_11exx\Release\liblpc_chip_11exx.a(iocon_11xx.o)
 .debug_info    0x0000d89e      0x4a1 D:\Austin\Workspace\LPCXpresso_7_5_0_254\lpc_chip_11exx\Release\liblpc_chip_11exx.a(ring_buffer.o)
 .debug_info    0x0000dd3f     0x1b59 D:\Austin\Workspace\LPCXpresso_7_5_0_254\lpc_chip_11exx\Release\liblpc_chip_11exx.a(ssp_11xx.o)
 .debug_info    0x0000f898      0x585 D:\Austin\Workspace\LPCXpresso_7_5_0_254\lpc_chip_11exx\Release\liblpc_chip_11exx.a(sysctl_11xx.o)
 .debug_info    0x0000fe1d      0x882 D:\Austin\Workspace\LPCXpresso_7_5_0_254\lpc_chip_11exx\Release\liblpc_chip_11exx.a(timer_11xx.o)
 .debug_info    0x0001069f     0x1283 D:\Austin\Workspace\LPCXpresso_7_5_0_254\lpc_chip_11exx\Release\liblpc_chip_11exx.a(uart_11xx.o)

.debug_abbrev   0x00000000     0x3803
 .debug_abbrev  0x00000000      0x177 ./src/netutil/netutil.o
 .debug_abbrev  0x00000177      0x129 ./src/PlatformHandler/eepromHandler.o
 .debug_abbrev  0x000002a0      0x1e3 ./src/PlatformHandler/flashHandler.o
 .debug_abbrev  0x00000483      0x2d6 ./src/PlatformHandler/sspHandler.o
 .debug_abbrev  0x00000759      0x246 ./src/PlatformHandler/timerHandler.o
 .debug_abbrev  0x0000099f      0x339 ./src/PlatformHandler/uartHandler.o
 .debug_abbrev  0x00000cd8      0x3d0 ./src/Internet/TFTP/tftp.o
 .debug_abbrev  0x000010a8      0x1e9 ./src/Ethernet/W5500/w5500.o
 .debug_abbrev  0x00001291      0x1e9 ./src/Ethernet/socket.o
 .debug_abbrev  0x0000147a      0x329 ./src/Ethernet/wizchip_conf.o
 .debug_abbrev  0x000017a3      0x2ec ./src/Configuration/ConfigData.o
 .debug_abbrev  0x00001a8f      0x382 ./src/Configuration/ConfigMessage.o
 .debug_abbrev  0x00001e11      0x10a ./src/cr_startup_lpc11exx.o
 .debug_abbrev  0x00001f1b       0x33 ./src/crp.o
 .debug_abbrev  0x00001f4e      0x1fe ./src/main.o
 .debug_abbrev  0x0000214c       0x85 ./src/sysinit.o
 .debug_abbrev  0x000021d1      0x366 D:\Austin\Workspace\LPCXpresso_7_5_0_254\wiznet_s2e_wiz550s2e_board\Release\libwiznet_s2e_wiz550s2e_board.a(board.o)
 .debug_abbrev  0x00002537      0x251 D:\Austin\Workspace\LPCXpresso_7_5_0_254\wiznet_s2e_wiz550s2e_board\Release\libwiznet_s2e_wiz550s2e_board.a(board_sysinit.o)
 .debug_abbrev  0x00002788       0x98 D:\Austin\Workspace\LPCXpresso_7_5_0_254\lpc_chip_11exx\Release\liblpc_chip_11exx.a(chip_11xx.o)
 .debug_abbrev  0x00002820      0x243 D:\Austin\Workspace\LPCXpresso_7_5_0_254\lpc_chip_11exx\Release\liblpc_chip_11exx.a(clock_11xx.o)
 .debug_abbrev  0x00002a63      0x1b7 D:\Austin\Workspace\LPCXpresso_7_5_0_254\lpc_chip_11exx\Release\liblpc_chip_11exx.a(gpio_11xx_1.o)
 .debug_abbrev  0x00002c1a       0xc5 D:\Austin\Workspace\LPCXpresso_7_5_0_254\lpc_chip_11exx\Release\liblpc_chip_11exx.a(iocon_11xx.o)
 .debug_abbrev  0x00002cdf      0x181 D:\Austin\Workspace\LPCXpresso_7_5_0_254\lpc_chip_11exx\Release\liblpc_chip_11exx.a(ring_buffer.o)
 .debug_abbrev  0x00002e60      0x3d5 D:\Austin\Workspace\LPCXpresso_7_5_0_254\lpc_chip_11exx\Release\liblpc_chip_11exx.a(ssp_11xx.o)
 .debug_abbrev  0x00003235       0xcb D:\Austin\Workspace\LPCXpresso_7_5_0_254\lpc_chip_11exx\Release\liblpc_chip_11exx.a(sysctl_11xx.o)
 .debug_abbrev  0x00003300      0x1e9 D:\Austin\Workspace\LPCXpresso_7_5_0_254\lpc_chip_11exx\Release\liblpc_chip_11exx.a(timer_11xx.o)
 .debug_abbrev  0x000034e9      0x31a D:\Austin\Workspace\LPCXpresso_7_5_0_254\lpc_chip_11exx\Release\liblpc_chip_11exx.a(uart_11xx.o)

.debug_loc      0x00000000     0x67da
 .debug_loc     0x00000000      0x281 ./src/netutil/netutil.o
 .debug_loc     0x00000281      0x1d0 ./src/PlatformHandler/eepromHandler.o
 .debug_loc     0x00000451      0x218 ./src/PlatformHandler/flashHandler.o
 .debug_loc     0x00000669       0xc5 ./src/PlatformHandler/sspHandler.o
 .debug_loc     0x0000072e       0x4a ./src/PlatformHandler/timerHandler.o
 .debug_loc     0x00000778      0x2e9 ./src/PlatformHandler/uartHandler.o
 .debug_loc     0x00000a61      0x567 ./src/Internet/TFTP/tftp.o
 .debug_loc     0x00000fc8      0x596 ./src/Ethernet/W5500/w5500.o
 .debug_loc     0x0000155e      0xfcf ./src/Ethernet/socket.o
 .debug_loc     0x0000252d      0x94b ./src/Ethernet/wizchip_conf.o
 .debug_loc     0x00002e78      0x521 ./src/Configuration/ConfigData.o
 .debug_loc     0x00003399      0x61e ./src/Configuration/ConfigMessage.o
 .debug_loc     0x000039b7      0x1ce ./src/cr_startup_lpc11exx.o
 .debug_loc     0x00003b85       0xbf ./src/main.o
 .debug_loc     0x00003c44      0x323 D:\Austin\Workspace\LPCXpresso_7_5_0_254\wiznet_s2e_wiz550s2e_board\Release\libwiznet_s2e_wiz550s2e_board.a(board.o)
 .debug_loc     0x00003f67       0x4f D:\Austin\Workspace\LPCXpresso_7_5_0_254\wiznet_s2e_wiz550s2e_board\Release\libwiznet_s2e_wiz550s2e_board.a(board_sysinit.o)
 .debug_loc     0x00003fb6      0x16c D:\Austin\Workspace\LPCXpresso_7_5_0_254\lpc_chip_11exx\Release\liblpc_chip_11exx.a(clock_11xx.o)
 .debug_loc     0x00004122      0x370 D:\Austin\Workspace\LPCXpresso_7_5_0_254\lpc_chip_11exx\Release\liblpc_chip_11exx.a(gpio_11xx_1.o)
 .debug_loc     0x00004492       0x21 D:\Austin\Workspace\LPCXpresso_7_5_0_254\lpc_chip_11exx\Release\liblpc_chip_11exx.a(iocon_11xx.o)
 .debug_loc     0x000044b3      0x5c9 D:\Austin\Workspace\LPCXpresso_7_5_0_254\lpc_chip_11exx\Release\liblpc_chip_11exx.a(ring_buffer.o)
 .debug_loc     0x00004a7c     0x10f3 D:\Austin\Workspace\LPCXpresso_7_5_0_254\lpc_chip_11exx\Release\liblpc_chip_11exx.a(ssp_11xx.o)
 .debug_loc     0x00005b6f       0xd0 D:\Austin\Workspace\LPCXpresso_7_5_0_254\lpc_chip_11exx\Release\liblpc_chip_11exx.a(sysctl_11xx.o)
 .debug_loc     0x00005c3f      0x184 D:\Austin\Workspace\LPCXpresso_7_5_0_254\lpc_chip_11exx\Release\liblpc_chip_11exx.a(timer_11xx.o)
 .debug_loc     0x00005dc3      0xa17 D:\Austin\Workspace\LPCXpresso_7_5_0_254\lpc_chip_11exx\Release\liblpc_chip_11exx.a(uart_11xx.o)

.debug_aranges  0x00000000      0x900
 .debug_aranges
                0x00000000       0x60 ./src/netutil/netutil.o
 .debug_aranges
                0x00000060       0x28 ./src/PlatformHandler/eepromHandler.o
 .debug_aranges
                0x00000088       0x48 ./src/PlatformHandler/flashHandler.o
 .debug_aranges
                0x000000d0       0x58 ./src/PlatformHandler/sspHandler.o
 .debug_aranges
                0x00000128       0x28 ./src/PlatformHandler/timerHandler.o
 .debug_aranges
                0x00000150       0x40 ./src/PlatformHandler/uartHandler.o
 .debug_aranges
                0x00000190       0x68 ./src/Internet/TFTP/tftp.o
 .debug_aranges
                0x000001f8       0x60 ./src/Ethernet/W5500/w5500.o
 .debug_aranges
                0x00000258       0x78 ./src/Ethernet/socket.o
 .debug_aranges
                0x000002d0      0x138 ./src/Ethernet/wizchip_conf.o
 .debug_aranges
                0x00000408       0x98 ./src/Configuration/ConfigData.o
 .debug_aranges
                0x000004a0       0x50 ./src/Configuration/ConfigMessage.o
 .debug_aranges
                0x000004f0       0x60 ./src/cr_startup_lpc11exx.o
 .debug_aranges
                0x00000550       0x18 ./src/crp.o
 .debug_aranges
                0x00000568       0x30 ./src/main.o
 .debug_aranges
                0x00000598       0x20 ./src/sysinit.o
 .debug_aranges
                0x000005b8       0x88 D:\Austin\Workspace\LPCXpresso_7_5_0_254\wiznet_s2e_wiz550s2e_board\Release\libwiznet_s2e_wiz550s2e_board.a(board.o)
 .debug_aranges
                0x00000640       0x20 D:\Austin\Workspace\LPCXpresso_7_5_0_254\wiznet_s2e_wiz550s2e_board\Release\libwiznet_s2e_wiz550s2e_board.a(board_sysinit.o)
 .debug_aranges
                0x00000660       0x20 D:\Austin\Workspace\LPCXpresso_7_5_0_254\lpc_chip_11exx\Release\liblpc_chip_11exx.a(chip_11xx.o)
 .debug_aranges
                0x00000680       0x68 D:\Austin\Workspace\LPCXpresso_7_5_0_254\lpc_chip_11exx\Release\liblpc_chip_11exx.a(clock_11xx.o)
 .debug_aranges
                0x000006e8       0x48 D:\Austin\Workspace\LPCXpresso_7_5_0_254\lpc_chip_11exx\Release\liblpc_chip_11exx.a(gpio_11xx_1.o)
 .debug_aranges
                0x00000730       0x20 D:\Austin\Workspace\LPCXpresso_7_5_0_254\lpc_chip_11exx\Release\liblpc_chip_11exx.a(iocon_11xx.o)
 .debug_aranges
                0x00000750       0x40 D:\Austin\Workspace\LPCXpresso_7_5_0_254\lpc_chip_11exx\Release\liblpc_chip_11exx.a(ring_buffer.o)
 .debug_aranges
                0x00000790       0x80 D:\Austin\Workspace\LPCXpresso_7_5_0_254\lpc_chip_11exx\Release\liblpc_chip_11exx.a(ssp_11xx.o)
 .debug_aranges
                0x00000810       0x38 D:\Austin\Workspace\LPCXpresso_7_5_0_254\lpc_chip_11exx\Release\liblpc_chip_11exx.a(sysctl_11xx.o)
 .debug_aranges
                0x00000848       0x38 D:\Austin\Workspace\LPCXpresso_7_5_0_254\lpc_chip_11exx\Release\liblpc_chip_11exx.a(timer_11xx.o)
 .debug_aranges
                0x00000880       0x80 D:\Austin\Workspace\LPCXpresso_7_5_0_254\lpc_chip_11exx\Release\liblpc_chip_11exx.a(uart_11xx.o)

.debug_ranges   0x00000000      0xed8
 .debug_ranges  0x00000000       0x50 ./src/netutil/netutil.o
 .debug_ranges  0x00000050       0x48 ./src/PlatformHandler/eepromHandler.o
 .debug_ranges  0x00000098       0x38 ./src/PlatformHandler/flashHandler.o
 .debug_ranges  0x000000d0       0x78 ./src/PlatformHandler/sspHandler.o
 .debug_ranges  0x00000148       0x30 ./src/PlatformHandler/timerHandler.o
 .debug_ranges  0x00000178       0x78 ./src/PlatformHandler/uartHandler.o
 .debug_ranges  0x000001f0      0x128 ./src/Internet/TFTP/tftp.o
 .debug_ranges  0x00000318       0x50 ./src/Ethernet/W5500/w5500.o
 .debug_ranges  0x00000368       0x80 ./src/Ethernet/socket.o
 .debug_ranges  0x000003e8      0x128 ./src/Ethernet/wizchip_conf.o
 .debug_ranges  0x00000510      0x1c8 ./src/Configuration/ConfigData.o
 .debug_ranges  0x000006d8       0x40 ./src/Configuration/ConfigMessage.o
 .debug_ranges  0x00000718       0x50 ./src/cr_startup_lpc11exx.o
 .debug_ranges  0x00000768       0x20 ./src/main.o
 .debug_ranges  0x00000788       0x10 ./src/sysinit.o
 .debug_ranges  0x00000798      0x160 D:\Austin\Workspace\LPCXpresso_7_5_0_254\wiznet_s2e_wiz550s2e_board\Release\libwiznet_s2e_wiz550s2e_board.a(board.o)
 .debug_ranges  0x000008f8       0x90 D:\Austin\Workspace\LPCXpresso_7_5_0_254\wiznet_s2e_wiz550s2e_board\Release\libwiznet_s2e_wiz550s2e_board.a(board_sysinit.o)
 .debug_ranges  0x00000988       0x10 D:\Austin\Workspace\LPCXpresso_7_5_0_254\lpc_chip_11exx\Release\liblpc_chip_11exx.a(chip_11xx.o)
 .debug_ranges  0x00000998       0x70 D:\Austin\Workspace\LPCXpresso_7_5_0_254\lpc_chip_11exx\Release\liblpc_chip_11exx.a(clock_11xx.o)
 .debug_ranges  0x00000a08       0x68 D:\Austin\Workspace\LPCXpresso_7_5_0_254\lpc_chip_11exx\Release\liblpc_chip_11exx.a(gpio_11xx_1.o)
 .debug_ranges  0x00000a70       0x10 D:\Austin\Workspace\LPCXpresso_7_5_0_254\lpc_chip_11exx\Release\liblpc_chip_11exx.a(iocon_11xx.o)
 .debug_ranges  0x00000a80       0xc8 D:\Austin\Workspace\LPCXpresso_7_5_0_254\lpc_chip_11exx\Release\liblpc_chip_11exx.a(ring_buffer.o)
 .debug_ranges  0x00000b48      0x1c0 D:\Austin\Workspace\LPCXpresso_7_5_0_254\lpc_chip_11exx\Release\liblpc_chip_11exx.a(ssp_11xx.o)
 .debug_ranges  0x00000d08       0x28 D:\Austin\Workspace\LPCXpresso_7_5_0_254\lpc_chip_11exx\Release\liblpc_chip_11exx.a(sysctl_11xx.o)
 .debug_ranges  0x00000d30       0x28 D:\Austin\Workspace\LPCXpresso_7_5_0_254\lpc_chip_11exx\Release\liblpc_chip_11exx.a(timer_11xx.o)
 .debug_ranges  0x00000d58      0x180 D:\Austin\Workspace\LPCXpresso_7_5_0_254\lpc_chip_11exx\Release\liblpc_chip_11exx.a(uart_11xx.o)

.debug_line     0x00000000     0x4211
 .debug_line    0x00000000      0x1af ./src/netutil/netutil.o
 .debug_line    0x000001af      0x14e ./src/PlatformHandler/eepromHandler.o
 .debug_line    0x000002fd      0x23c ./src/PlatformHandler/flashHandler.o
 .debug_line    0x00000539      0x24f ./src/PlatformHandler/sspHandler.o
 .debug_line    0x00000788      0x246 ./src/PlatformHandler/timerHandler.o
 .debug_line    0x000009ce      0x293 ./src/PlatformHandler/uartHandler.o
 .debug_line    0x00000c61      0x3ec ./src/Internet/TFTP/tftp.o
 .debug_line    0x0000104d      0x238 ./src/Ethernet/W5500/w5500.o
 .debug_line    0x00001285      0x3ed ./src/Ethernet/socket.o
 .debug_line    0x00001672      0x4c0 ./src/Ethernet/wizchip_conf.o
 .debug_line    0x00001b32      0x43f ./src/Configuration/ConfigData.o
 .debug_line    0x00001f71      0x3bc ./src/Configuration/ConfigMessage.o
 .debug_line    0x0000232d       0xa7 ./src/cr_startup_lpc11exx.o
 .debug_line    0x000023d4       0x2d ./src/crp.o
 .debug_line    0x00002401      0x347 ./src/main.o
 .debug_line    0x00002748      0x127 ./src/sysinit.o
 .debug_line    0x0000286f      0x3f7 D:\Austin\Workspace\LPCXpresso_7_5_0_254\wiznet_s2e_wiz550s2e_board\Release\libwiznet_s2e_wiz550s2e_board.a(board.o)
 .debug_line    0x00002c66      0x17e D:\Austin\Workspace\LPCXpresso_7_5_0_254\wiznet_s2e_wiz550s2e_board\Release\libwiznet_s2e_wiz550s2e_board.a(board_sysinit.o)
 .debug_line    0x00002de4       0xe4 D:\Austin\Workspace\LPCXpresso_7_5_0_254\lpc_chip_11exx\Release\liblpc_chip_11exx.a(chip_11xx.o)
 .debug_line    0x00002ec8      0x1ea D:\Austin\Workspace\LPCXpresso_7_5_0_254\lpc_chip_11exx\Release\liblpc_chip_11exx.a(clock_11xx.o)
 .debug_line    0x000030b2      0x1aa D:\Austin\Workspace\LPCXpresso_7_5_0_254\lpc_chip_11exx\Release\liblpc_chip_11exx.a(gpio_11xx_1.o)
 .debug_line    0x0000325c       0xe4 D:\Austin\Workspace\LPCXpresso_7_5_0_254\lpc_chip_11exx\Release\liblpc_chip_11exx.a(iocon_11xx.o)
 .debug_line    0x00003340      0x24c D:\Austin\Workspace\LPCXpresso_7_5_0_254\lpc_chip_11exx\Release\liblpc_chip_11exx.a(ring_buffer.o)
 .debug_line    0x0000358c      0x63f D:\Austin\Workspace\LPCXpresso_7_5_0_254\lpc_chip_11exx\Release\liblpc_chip_11exx.a(ssp_11xx.o)
 .debug_line    0x00003bcb      0x127 D:\Austin\Workspace\LPCXpresso_7_5_0_254\lpc_chip_11exx\Release\liblpc_chip_11exx.a(sysctl_11xx.o)
 .debug_line    0x00003cf2      0x175 D:\Austin\Workspace\LPCXpresso_7_5_0_254\lpc_chip_11exx\Release\liblpc_chip_11exx.a(timer_11xx.o)
 .debug_line    0x00003e67      0x3aa D:\Austin\Workspace\LPCXpresso_7_5_0_254\lpc_chip_11exx\Release\liblpc_chip_11exx.a(uart_11xx.o)

.debug_str      0x00000000     0x3e84
 .debug_str     0x00000000      0x22e ./src/netutil/netutil.o
                                0x281 (size before relaxing)
 .debug_str     0x0000022e       0x97 ./src/PlatformHandler/eepromHandler.o
                                0x257 (size before relaxing)
 .debug_str     0x000002c5       0xb6 ./src/PlatformHandler/flashHandler.o
                                0x2d7 (size before relaxing)
 .debug_str     0x0000037b      0x4fe ./src/PlatformHandler/sspHandler.o
                                0x6cb (size before relaxing)
 .debug_str     0x00000879      0x3f5 ./src/PlatformHandler/timerHandler.o
                                0x5bb (size before relaxing)
 .debug_str     0x00000c6e      0x560 ./src/PlatformHandler/uartHandler.o
                                0xa70 (size before relaxing)
 .debug_str     0x000011ce      0x413 ./src/Internet/TFTP/tftp.o
                                0x6a0 (size before relaxing)
 .debug_str     0x000015e1      0x110 ./src/Ethernet/W5500/w5500.o
                                0x2f9 (size before relaxing)
 .debug_str     0x000016f1      0x19b ./src/Ethernet/socket.o
                                0x4c3 (size before relaxing)
 .debug_str     0x0000188c      0x4f0 ./src/Ethernet/wizchip_conf.o
                                0x8fd (size before relaxing)
 .debug_str     0x00001d7c      0x154 ./src/Configuration/ConfigData.o
                                0x68d (size before relaxing)
 .debug_str     0x00001ed0      0x416 ./src/Configuration/ConfigMessage.o
                                0xb99 (size before relaxing)
 .debug_str     0x000022e6      0x170 ./src/cr_startup_lpc11exx.o
                                0x283 (size before relaxing)
 .debug_str     0x00002456       0x16 ./src/crp.o
                                0x10f (size before relaxing)
 .debug_str     0x0000246c       0xaf ./src/main.o
                                0x412 (size before relaxing)
 .debug_str     0x0000251b       0x22 ./src/sysinit.o
                                0x1cb (size before relaxing)
 .debug_str     0x0000253d      0x7b5 D:\Austin\Workspace\LPCXpresso_7_5_0_254\wiznet_s2e_wiz550s2e_board\Release\libwiznet_s2e_wiz550s2e_board.a(board.o)
                                0xd6d (size before relaxing)
 .debug_str     0x00002cf2      0x312 D:\Austin\Workspace\LPCXpresso_7_5_0_254\wiznet_s2e_wiz550s2e_board\Release\libwiznet_s2e_wiz550s2e_board.a(board_sysinit.o)
                                0xa50 (size before relaxing)
 .debug_str     0x00003004       0x53 D:\Austin\Workspace\LPCXpresso_7_5_0_254\lpc_chip_11exx\Release\liblpc_chip_11exx.a(chip_11xx.o)
                                0x1e3 (size before relaxing)
 .debug_str     0x00003057      0x3b7 D:\Austin\Workspace\LPCXpresso_7_5_0_254\lpc_chip_11exx\Release\liblpc_chip_11exx.a(clock_11xx.o)
                                0x989 (size before relaxing)
 .debug_str     0x0000340e       0xf0 D:\Austin\Workspace\LPCXpresso_7_5_0_254\lpc_chip_11exx\Release\liblpc_chip_11exx.a(gpio_11xx_1.o)
                                0x839 (size before relaxing)
 .debug_str     0x000034fe       0x1b D:\Austin\Workspace\LPCXpresso_7_5_0_254\lpc_chip_11exx\Release\liblpc_chip_11exx.a(iocon_11xx.o)
                                0x1e8 (size before relaxing)
 .debug_str     0x00003519       0xc7 D:\Austin\Workspace\LPCXpresso_7_5_0_254\lpc_chip_11exx\Release\liblpc_chip_11exx.a(ring_buffer.o)
                                0x28e (size before relaxing)
 .debug_str     0x000035e0      0x588 D:\Austin\Workspace\LPCXpresso_7_5_0_254\lpc_chip_11exx\Release\liblpc_chip_11exx.a(ssp_11xx.o)
                                0xf34 (size before relaxing)
 .debug_str     0x00003b68       0x7b D:\Austin\Workspace\LPCXpresso_7_5_0_254\lpc_chip_11exx\Release\liblpc_chip_11exx.a(sysctl_11xx.o)
                                0x4d9 (size before relaxing)
 .debug_str     0x00003be3      0x101 D:\Austin\Workspace\LPCXpresso_7_5_0_254\lpc_chip_11exx\Release\liblpc_chip_11exx.a(timer_11xx.o)
                                0x851 (size before relaxing)
 .debug_str     0x00003ce4      0x1a0 D:\Austin\Workspace\LPCXpresso_7_5_0_254\lpc_chip_11exx\Release\liblpc_chip_11exx.a(uart_11xx.o)
                                0xa9a (size before relaxing)

.comment        0x00000000       0xe0
 .comment       0x00000000       0x70 ./src/netutil/netutil.o
                                 0x71 (size before relaxing)
 .comment       0x00000000       0x71 ./src/PlatformHandler/eepromHandler.o
 .comment       0x00000000       0x71 ./src/PlatformHandler/flashHandler.o
 .comment       0x00000000       0x71 ./src/PlatformHandler/sspHandler.o
 .comment       0x00000000       0x71 ./src/PlatformHandler/timerHandler.o
 .comment       0x00000000       0x71 ./src/PlatformHandler/uartHandler.o
 .comment       0x00000000       0x71 ./src/Internet/TFTP/tftp.o
 .comment       0x00000000       0x71 ./src/Ethernet/W5500/w5500.o
 .comment       0x00000000       0x71 ./src/Ethernet/socket.o
 .comment       0x00000000       0x71 ./src/Ethernet/wizchip_conf.o
 .comment       0x00000000       0x71 ./src/Configuration/ConfigData.o
 .comment       0x00000000       0x71 ./src/Configuration/ConfigMessage.o
 .comment       0x00000000       0x71 ./src/cr_startup_lpc11exx.o
 .comment       0x00000000       0x71 ./src/crp.o
 .comment       0x00000000       0x71 ./src/main.o
 .comment       0x00000000       0x71 ./src/sysinit.o
 .comment       0x00000000       0x71 D:\Austin\Workspace\LPCXpresso_7_5_0_254\wiznet_s2e_wiz550s2e_board\Release\libwiznet_s2e_wiz550s2e_board.a(board.o)
 .comment       0x00000000       0x71 D:\Austin\Workspace\LPCXpresso_7_5_0_254\wiznet_s2e_wiz550s2e_board\Release\libwiznet_s2e_wiz550s2e_board.a(board_sysinit.o)
 .comment       0x00000000       0x71 D:\Austin\Workspace\LPCXpresso_7_5_0_254\lpc_chip_11exx\Release\liblpc_chip_11exx.a(chip_11xx.o)
 .comment       0x00000000       0x71 D:\Austin\Workspace\LPCXpresso_7_5_0_254\lpc_chip_11exx\Release\liblpc_chip_11exx.a(clock_11xx.o)
 .comment       0x00000000       0x71 D:\Austin\Workspace\LPCXpresso_7_5_0_254\lpc_chip_11exx\Release\liblpc_chip_11exx.a(gpio_11xx_1.o)
 .comment       0x00000000       0x71 D:\Austin\Workspace\LPCXpresso_7_5_0_254\lpc_chip_11exx\Release\liblpc_chip_11exx.a(iocon_11xx.o)
 .comment       0x00000000       0x71 D:\Austin\Workspace\LPCXpresso_7_5_0_254\lpc_chip_11exx\Release\liblpc_chip_11exx.a(ring_buffer.o)
 .comment       0x00000000       0x71 D:\Austin\Workspace\LPCXpresso_7_5_0_254\lpc_chip_11exx\Release\liblpc_chip_11exx.a(ssp_11xx.o)
 .comment       0x00000000       0x71 D:\Austin\Workspace\LPCXpresso_7_5_0_254\lpc_chip_11exx\Release\liblpc_chip_11exx.a(sysctl_11xx.o)
 .comment       0x00000000       0x71 D:\Austin\Workspace\LPCXpresso_7_5_0_254\lpc_chip_11exx\Release\liblpc_chip_11exx.a(timer_11xx.o)
 .comment       0x00000000       0x71 D:\Austin\Workspace\LPCXpresso_7_5_0_254\lpc_chip_11exx\Release\liblpc_chip_11exx.a(uart_11xx.o)
 .comment       0x00000070       0x70 c:/nxp/lpcxpresso_7.5.0_254/lpcxpresso/tools/bin/../lib/gcc/arm-none-eabi/4.8.4/../../../../arm-none-eabi/lib/armv6-m\libcr_nohost.a(_cr__main.o)
                                 0x71 (size before relaxing)
 .comment       0x00000000       0x71 c:/nxp/lpcxpresso_7.5.0_254/lpcxpresso/tools/bin/../lib/gcc/arm-none-eabi/4.8.4/../../../../arm-none-eabi/lib/armv6-m\libcr_c.a(memcpy.o)
 .comment       0x00000000       0x71 c:/nxp/lpcxpresso_7.5.0_254/lpcxpresso/tools/bin/../lib/gcc/arm-none-eabi/4.8.4/../../../../arm-none-eabi/lib/armv6-m\libcr_c.a(memset.o)
 .comment       0x00000000       0x71 c:/nxp/lpcxpresso_7.5.0_254/lpcxpresso/tools/bin/../lib/gcc/arm-none-eabi/4.8.4/../../../../arm-none-eabi/lib/armv6-m\libcr_c.a(fpprintf.o)
 .comment       0x00000000       0x71 c:/nxp/lpcxpresso_7.5.0_254/lpcxpresso/tools/bin/../lib/gcc/arm-none-eabi/4.8.4/../../../../arm-none-eabi/lib/armv6-m\libcr_c.a(initio.o)
 .comment       0x00000000       0x71 c:/nxp/lpcxpresso_7.5.0_254/lpcxpresso/tools/bin/../lib/gcc/arm-none-eabi/4.8.4/../../../../arm-none-eabi/lib/armv6-m\libcr_c.a(memcmp.o)
 .comment       0x00000000       0x71 c:/nxp/lpcxpresso_7.5.0_254/lpcxpresso/tools/bin/../lib/gcc/arm-none-eabi/4.8.4/../../../../arm-none-eabi/lib/armv6-m\libcr_c.a(printf.o)
 .comment       0x00000000       0x71 c:/nxp/lpcxpresso_7.5.0_254/lpcxpresso/tools/bin/../lib/gcc/arm-none-eabi/4.8.4/../../../../arm-none-eabi/lib/armv6-m\libcr_c.a(setvbuf.o)
 .comment       0x00000000       0x71 c:/nxp/lpcxpresso_7.5.0_254/lpcxpresso/tools/bin/../lib/gcc/arm-none-eabi/4.8.4/../../../../arm-none-eabi/lib/armv6-m\libcr_c.a(stdio.o)
 .comment       0x00000000       0x71 c:/nxp/lpcxpresso_7.5.0_254/lpcxpresso/tools/bin/../lib/gcc/arm-none-eabi/4.8.4/../../../../arm-none-eabi/lib/armv6-m\libcr_c.a(strcmp.o)
 .comment       0x00000000       0x71 c:/nxp/lpcxpresso_7.5.0_254/lpcxpresso/tools/bin/../lib/gcc/arm-none-eabi/4.8.4/../../../../arm-none-eabi/lib/armv6-m\libcr_c.a(strcpy.o)
 .comment       0x00000000       0x71 c:/nxp/lpcxpresso_7.5.0_254/lpcxpresso/tools/bin/../lib/gcc/arm-none-eabi/4.8.4/../../../../arm-none-eabi/lib/armv6-m\libcr_c.a(strlen.o)
 .comment       0x00000000       0x71 c:/nxp/lpcxpresso_7.5.0_254/lpcxpresso/tools/bin/../lib/gcc/arm-none-eabi/4.8.4/../../../../arm-none-eabi/lib/armv6-m\libcr_c.a(_deferredlazyseek.o)
 .comment       0x00000000       0x71 c:/nxp/lpcxpresso_7.5.0_254/lpcxpresso/tools/bin/../lib/gcc/arm-none-eabi/4.8.4/../../../../arm-none-eabi/lib/armv6-m\libcr_c.a(_fdopen.o)
 .comment       0x00000000       0x71 c:/nxp/lpcxpresso_7.5.0_254/lpcxpresso/tools/bin/../lib/gcc/arm-none-eabi/4.8.4/../../../../arm-none-eabi/lib/armv6-m\libcr_c.a(_fflush.o)
 .comment       0x00000000       0x71 c:/nxp/lpcxpresso_7.5.0_254/lpcxpresso/tools/bin/../lib/gcc/arm-none-eabi/4.8.4/../../../../arm-none-eabi/lib/armv6-m\libcr_c.a(_frexpl.o)
 .comment       0x00000000       0x71 c:/nxp/lpcxpresso_7.5.0_254/lpcxpresso/tools/bin/../lib/gcc/arm-none-eabi/4.8.4/../../../../arm-none-eabi/lib/armv6-m\libcr_c.a(_hugeval.o)
 .comment       0x00000000       0x71 c:/nxp/lpcxpresso_7.5.0_254/lpcxpresso/tools/bin/../lib/gcc/arm-none-eabi/4.8.4/../../../../arm-none-eabi/lib/armv6-m\libcr_c.a(_ldexpl.o)
 .comment       0x00000000       0x71 c:/nxp/lpcxpresso_7.5.0_254/lpcxpresso/tools/bin/../lib/gcc/arm-none-eabi/4.8.4/../../../../arm-none-eabi/lib/armv6-m\libcr_c.a(_writebuf.o)
 .comment       0x00000000       0x71 c:/nxp/lpcxpresso_7.5.0_254/lpcxpresso/tools/bin/../lib/gcc/arm-none-eabi/4.8.4/../../../../arm-none-eabi/lib/armv6-m\libcr_c.a(alloc.o)
 .comment       0x00000000       0x71 c:/nxp/lpcxpresso_7.5.0_254/lpcxpresso/tools/bin/../lib/gcc/arm-none-eabi/4.8.4/../../../../arm-none-eabi/lib/armv6-m\libcr_c.a(errno.o)
 .comment       0x00000000       0x71 c:/nxp/lpcxpresso_7.5.0_254/lpcxpresso/tools/bin/../lib/gcc/arm-none-eabi/4.8.4/../../../../arm-none-eabi/lib/armv6-m\libcr_c.a(fclose.o)
 .comment       0x00000000       0x71 c:/nxp/lpcxpresso_7.5.0_254/lpcxpresso/tools/bin/../lib/gcc/arm-none-eabi/4.8.4/../../../../arm-none-eabi/lib/armv6-m\libcr_c.a(fflush.o)
 .comment       0x00000000       0x71 c:/nxp/lpcxpresso_7.5.0_254/lpcxpresso/tools/bin/../lib/gcc/arm-none-eabi/4.8.4/../../../../arm-none-eabi/lib/armv6-m\libcr_c.a(fseek.o)
 .comment       0x00000000       0x71 c:/nxp/lpcxpresso_7.5.0_254/lpcxpresso/tools/bin/../lib/gcc/arm-none-eabi/4.8.4/../../../../arm-none-eabi/lib/armv6-m\libcr_c.a(ftell.o)
 .comment       0x00000000       0x71 c:/nxp/lpcxpresso_7.5.0_254/lpcxpresso/tools/bin/../lib/gcc/arm-none-eabi/4.8.4/../../../../arm-none-eabi/lib/armv6-m\libcr_c.a(remove.o)
 .comment       0x00000000       0x71 c:/nxp/lpcxpresso_7.5.0_254/lpcxpresso/tools/bin/../lib/gcc/arm-none-eabi/4.8.4/../../../../arm-none-eabi/lib/armv6-m\libcr_c.a(__init_alloc.o)
 .comment       0x00000000       0x71 c:/nxp/lpcxpresso_7.5.0_254/lpcxpresso/tools/bin/../lib/gcc/arm-none-eabi/4.8.4/../../../../arm-none-eabi/lib/armv6-m\libcr_c.a(_cr_sbrk.o)
 .comment       0x00000000       0x71 c:/nxp/lpcxpresso_7.5.0_254/lpcxpresso/tools/bin/../lib/gcc/arm-none-eabi/4.8.4/../../../../arm-none-eabi/lib/armv6-m\libcr_c.a(_do_fflush.o)
 .comment       0x00000000       0x71 c:/nxp/lpcxpresso_7.5.0_254/lpcxpresso/tools/bin/../lib/gcc/arm-none-eabi/4.8.4/../../../../arm-none-eabi/lib/armv6-m\libcr_c.a(_cr_check_heap.o)
 .comment       0x00000000       0x71 c:/nxp/lpcxpresso_7.5.0_254/lpcxpresso/tools/bin/../lib/gcc/arm-none-eabi/4.8.4/armv6-m\libcr_eabihelpers.a(double.o)
 .comment       0x00000000       0x71 c:/nxp/lpcxpresso_7.5.0_254/lpcxpresso/tools/bin/../lib/gcc/arm-none-eabi/4.8.4/../../../../arm-none-eabi/lib/armv6-m\libcr_nohost.a(__sys_appexit.o)
 .comment       0x00000000       0x71 c:/nxp/lpcxpresso_7.5.0_254/lpcxpresso/tools/bin/../lib/gcc/arm-none-eabi/4.8.4/../../../../arm-none-eabi/lib/armv6-m\libcr_nohost.a(__sys_close.o)
 .comment       0x00000000       0x71 c:/nxp/lpcxpresso_7.5.0_254/lpcxpresso/tools/bin/../lib/gcc/arm-none-eabi/4.8.4/../../../../arm-none-eabi/lib/armv6-m\libcr_nohost.a(__sys_flen.o)
 .comment       0x00000000       0x71 c:/nxp/lpcxpresso_7.5.0_254/lpcxpresso/tools/bin/../lib/gcc/arm-none-eabi/4.8.4/../../../../arm-none-eabi/lib/armv6-m\libcr_nohost.a(__sys_istty.o)
 .comment       0x00000000       0x71 c:/nxp/lpcxpresso_7.5.0_254/lpcxpresso/tools/bin/../lib/gcc/arm-none-eabi/4.8.4/../../../../arm-none-eabi/lib/armv6-m\libcr_nohost.a(__sys_remove.o)
 .comment       0x00000000       0x71 c:/nxp/lpcxpresso_7.5.0_254/lpcxpresso/tools/bin/../lib/gcc/arm-none-eabi/4.8.4/../../../../arm-none-eabi/lib/armv6-m\libcr_nohost.a(__sys_seek.o)
 .comment       0x00000000       0x71 c:/nxp/lpcxpresso_7.5.0_254/lpcxpresso/tools/bin/../lib/gcc/arm-none-eabi/4.8.4/../../../../arm-none-eabi/lib/armv6-m\libcr_nohost.a(__sys_tmpnam.o)

.ARM.attributes
                0x00000000       0x2f
 .ARM.attributes
                0x00000000       0x31 ./src/netutil/netutil.o
 .ARM.attributes
                0x00000031       0x31 ./src/PlatformHandler/eepromHandler.o
 .ARM.attributes
                0x00000062       0x31 ./src/PlatformHandler/flashHandler.o
 .ARM.attributes
                0x00000093       0x31 ./src/PlatformHandler/sspHandler.o
 .ARM.attributes
                0x000000c4       0x31 ./src/PlatformHandler/timerHandler.o
 .ARM.attributes
                0x000000f5       0x31 ./src/PlatformHandler/uartHandler.o
 .ARM.attributes
                0x00000126       0x31 ./src/Internet/TFTP/tftp.o
 .ARM.attributes
                0x00000157       0x31 ./src/Ethernet/W5500/w5500.o
 .ARM.attributes
                0x00000188       0x31 ./src/Ethernet/socket.o
 .ARM.attributes
                0x000001b9       0x31 ./src/Ethernet/wizchip_conf.o
 .ARM.attributes
                0x000001ea       0x31 ./src/Configuration/ConfigData.o
 .ARM.attributes
                0x0000021b       0x31 ./src/Configuration/ConfigMessage.o
 .ARM.attributes
                0x0000024c       0x21 ./src/aeabi_romdiv_patch.o
 .ARM.attributes
                0x0000026d       0x31 ./src/cr_startup_lpc11exx.o
 .ARM.attributes
                0x0000029e       0x31 ./src/crp.o
 .ARM.attributes
                0x000002cf       0x31 ./src/main.o
 .ARM.attributes
                0x00000300       0x31 ./src/sysinit.o
 .ARM.attributes
                0x00000331       0x31 D:\Austin\Workspace\LPCXpresso_7_5_0_254\wiznet_s2e_wiz550s2e_board\Release\libwiznet_s2e_wiz550s2e_board.a(board.o)
 .ARM.attributes
                0x00000362       0x31 D:\Austin\Workspace\LPCXpresso_7_5_0_254\wiznet_s2e_wiz550s2e_board\Release\libwiznet_s2e_wiz550s2e_board.a(board_sysinit.o)
 .ARM.attributes
                0x00000393       0x31 D:\Austin\Workspace\LPCXpresso_7_5_0_254\lpc_chip_11exx\Release\liblpc_chip_11exx.a(chip_11xx.o)
 .ARM.attributes
                0x000003c4       0x31 D:\Austin\Workspace\LPCXpresso_7_5_0_254\lpc_chip_11exx\Release\liblpc_chip_11exx.a(clock_11xx.o)
 .ARM.attributes
                0x000003f5       0x31 D:\Austin\Workspace\LPCXpresso_7_5_0_254\lpc_chip_11exx\Release\liblpc_chip_11exx.a(gpio_11xx_1.o)
 .ARM.attributes
                0x00000426       0x31 D:\Austin\Workspace\LPCXpresso_7_5_0_254\lpc_chip_11exx\Release\liblpc_chip_11exx.a(iocon_11xx.o)
 .ARM.attributes
                0x00000457       0x31 D:\Austin\Workspace\LPCXpresso_7_5_0_254\lpc_chip_11exx\Release\liblpc_chip_11exx.a(ring_buffer.o)
 .ARM.attributes
                0x00000488       0x31 D:\Austin\Workspace\LPCXpresso_7_5_0_254\lpc_chip_11exx\Release\liblpc_chip_11exx.a(ssp_11xx.o)
 .ARM.attributes
                0x000004b9       0x31 D:\Austin\Workspace\LPCXpresso_7_5_0_254\lpc_chip_11exx\Release\liblpc_chip_11exx.a(sysctl_11xx.o)
 .ARM.attributes
                0x000004ea       0x31 D:\Austin\Workspace\LPCXpresso_7_5_0_254\lpc_chip_11exx\Release\liblpc_chip_11exx.a(timer_11xx.o)
 .ARM.attributes
                0x0000051b       0x31 D:\Austin\Workspace\LPCXpresso_7_5_0_254\lpc_chip_11exx\Release\liblpc_chip_11exx.a(uart_11xx.o)
 .ARM.attributes
                0x0000054c       0x31 c:/nxp/lpcxpresso_7.5.0_254/lpcxpresso/tools/bin/../lib/gcc/arm-none-eabi/4.8.4/../../../../arm-none-eabi/lib/armv6-m\libcr_nohost.a(_cr__main.o)
 .ARM.attributes
                0x0000057d       0x31 c:/nxp/lpcxpresso_7.5.0_254/lpcxpresso/tools/bin/../lib/gcc/arm-none-eabi/4.8.4/../../../../arm-none-eabi/lib/armv6-m\libcr_c.a(memcpy.o)
 .ARM.attributes
                0x000005ae       0x31 c:/nxp/lpcxpresso_7.5.0_254/lpcxpresso/tools/bin/../lib/gcc/arm-none-eabi/4.8.4/../../../../arm-none-eabi/lib/armv6-m\libcr_c.a(memset.o)
 .ARM.attributes
                0x000005df       0x31 c:/nxp/lpcxpresso_7.5.0_254/lpcxpresso/tools/bin/../lib/gcc/arm-none-eabi/4.8.4/../../../../arm-none-eabi/lib/armv6-m\libcr_c.a(fpprintf.o)
 .ARM.attributes
                0x00000610       0x31 c:/nxp/lpcxpresso_7.5.0_254/lpcxpresso/tools/bin/../lib/gcc/arm-none-eabi/4.8.4/../../../../arm-none-eabi/lib/armv6-m\libcr_c.a(initio.o)
 .ARM.attributes
                0x00000641       0x31 c:/nxp/lpcxpresso_7.5.0_254/lpcxpresso/tools/bin/../lib/gcc/arm-none-eabi/4.8.4/../../../../arm-none-eabi/lib/armv6-m\libcr_c.a(memcmp.o)
 .ARM.attributes
                0x00000672       0x31 c:/nxp/lpcxpresso_7.5.0_254/lpcxpresso/tools/bin/../lib/gcc/arm-none-eabi/4.8.4/../../../../arm-none-eabi/lib/armv6-m\libcr_c.a(printf.o)
 .ARM.attributes
                0x000006a3       0x31 c:/nxp/lpcxpresso_7.5.0_254/lpcxpresso/tools/bin/../lib/gcc/arm-none-eabi/4.8.4/../../../../arm-none-eabi/lib/armv6-m\libcr_c.a(setvbuf.o)
 .ARM.attributes
                0x000006d4       0x31 c:/nxp/lpcxpresso_7.5.0_254/lpcxpresso/tools/bin/../lib/gcc/arm-none-eabi/4.8.4/../../../../arm-none-eabi/lib/armv6-m\libcr_c.a(stdio.o)
 .ARM.attributes
                0x00000705       0x31 c:/nxp/lpcxpresso_7.5.0_254/lpcxpresso/tools/bin/../lib/gcc/arm-none-eabi/4.8.4/../../../../arm-none-eabi/lib/armv6-m\libcr_c.a(strcmp.o)
 .ARM.attributes
                0x00000736       0x31 c:/nxp/lpcxpresso_7.5.0_254/lpcxpresso/tools/bin/../lib/gcc/arm-none-eabi/4.8.4/../../../../arm-none-eabi/lib/armv6-m\libcr_c.a(strcpy.o)
 .ARM.attributes
                0x00000767       0x31 c:/nxp/lpcxpresso_7.5.0_254/lpcxpresso/tools/bin/../lib/gcc/arm-none-eabi/4.8.4/../../../../arm-none-eabi/lib/armv6-m\libcr_c.a(strlen.o)
 .ARM.attributes
                0x00000798       0x31 c:/nxp/lpcxpresso_7.5.0_254/lpcxpresso/tools/bin/../lib/gcc/arm-none-eabi/4.8.4/../../../../arm-none-eabi/lib/armv6-m\libcr_c.a(_deferredlazyseek.o)
 .ARM.attributes
                0x000007c9       0x31 c:/nxp/lpcxpresso_7.5.0_254/lpcxpresso/tools/bin/../lib/gcc/arm-none-eabi/4.8.4/../../../../arm-none-eabi/lib/armv6-m\libcr_c.a(_fdopen.o)
 .ARM.attributes
                0x000007fa       0x31 c:/nxp/lpcxpresso_7.5.0_254/lpcxpresso/tools/bin/../lib/gcc/arm-none-eabi/4.8.4/../../../../arm-none-eabi/lib/armv6-m\libcr_c.a(_fflush.o)
 .ARM.attributes
                0x0000082b       0x31 c:/nxp/lpcxpresso_7.5.0_254/lpcxpresso/tools/bin/../lib/gcc/arm-none-eabi/4.8.4/../../../../arm-none-eabi/lib/armv6-m\libcr_c.a(_frexpl.o)
 .ARM.attributes
                0x0000085c       0x31 c:/nxp/lpcxpresso_7.5.0_254/lpcxpresso/tools/bin/../lib/gcc/arm-none-eabi/4.8.4/../../../../arm-none-eabi/lib/armv6-m\libcr_c.a(_hugeval.o)
 .ARM.attributes
                0x0000088d       0x31 c:/nxp/lpcxpresso_7.5.0_254/lpcxpresso/tools/bin/../lib/gcc/arm-none-eabi/4.8.4/../../../../arm-none-eabi/lib/armv6-m\libcr_c.a(_ldexpl.o)
 .ARM.attributes
                0x000008be       0x31 c:/nxp/lpcxpresso_7.5.0_254/lpcxpresso/tools/bin/../lib/gcc/arm-none-eabi/4.8.4/../../../../arm-none-eabi/lib/armv6-m\libcr_c.a(_writebuf.o)
 .ARM.attributes
                0x000008ef       0x31 c:/nxp/lpcxpresso_7.5.0_254/lpcxpresso/tools/bin/../lib/gcc/arm-none-eabi/4.8.4/../../../../arm-none-eabi/lib/armv6-m\libcr_c.a(alloc.o)
 .ARM.attributes
                0x00000920       0x31 c:/nxp/lpcxpresso_7.5.0_254/lpcxpresso/tools/bin/../lib/gcc/arm-none-eabi/4.8.4/../../../../arm-none-eabi/lib/armv6-m\libcr_c.a(errno.o)
 .ARM.attributes
                0x00000951       0x31 c:/nxp/lpcxpresso_7.5.0_254/lpcxpresso/tools/bin/../lib/gcc/arm-none-eabi/4.8.4/../../../../arm-none-eabi/lib/armv6-m\libcr_c.a(fclose.o)
 .ARM.attributes
                0x00000982       0x31 c:/nxp/lpcxpresso_7.5.0_254/lpcxpresso/tools/bin/../lib/gcc/arm-none-eabi/4.8.4/../../../../arm-none-eabi/lib/armv6-m\libcr_c.a(fflush.o)
 .ARM.attributes
                0x000009b3       0x31 c:/nxp/lpcxpresso_7.5.0_254/lpcxpresso/tools/bin/../lib/gcc/arm-none-eabi/4.8.4/../../../../arm-none-eabi/lib/armv6-m\libcr_c.a(fseek.o)
 .ARM.attributes
                0x000009e4       0x31 c:/nxp/lpcxpresso_7.5.0_254/lpcxpresso/tools/bin/../lib/gcc/arm-none-eabi/4.8.4/../../../../arm-none-eabi/lib/armv6-m\libcr_c.a(ftell.o)
 .ARM.attributes
                0x00000a15       0x31 c:/nxp/lpcxpresso_7.5.0_254/lpcxpresso/tools/bin/../lib/gcc/arm-none-eabi/4.8.4/../../../../arm-none-eabi/lib/armv6-m\libcr_c.a(remove.o)
 .ARM.attributes
                0x00000a46       0x31 c:/nxp/lpcxpresso_7.5.0_254/lpcxpresso/tools/bin/../lib/gcc/arm-none-eabi/4.8.4/../../../../arm-none-eabi/lib/armv6-m\libcr_c.a(__init_alloc.o)
 .ARM.attributes
                0x00000a77       0x31 c:/nxp/lpcxpresso_7.5.0_254/lpcxpresso/tools/bin/../lib/gcc/arm-none-eabi/4.8.4/../../../../arm-none-eabi/lib/armv6-m\libcr_c.a(_cr_sbrk.o)
 .ARM.attributes
                0x00000aa8       0x31 c:/nxp/lpcxpresso_7.5.0_254/lpcxpresso/tools/bin/../lib/gcc/arm-none-eabi/4.8.4/../../../../arm-none-eabi/lib/armv6-m\libcr_c.a(_do_fflush.o)
 .ARM.attributes
                0x00000ad9       0x31 c:/nxp/lpcxpresso_7.5.0_254/lpcxpresso/tools/bin/../lib/gcc/arm-none-eabi/4.8.4/../../../../arm-none-eabi/lib/armv6-m\libcr_c.a(_cr_check_heap.o)
 .ARM.attributes
                0x00000b0a       0x31 c:/nxp/lpcxpresso_7.5.0_254/lpcxpresso/tools/bin/../lib/gcc/arm-none-eabi/4.8.4/armv6-m\libcr_eabihelpers.a(double.o)
 .ARM.attributes
                0x00000b3b       0x21 c:/nxp/lpcxpresso_7.5.0_254/lpcxpresso/tools/bin/../lib/gcc/arm-none-eabi/4.8.4/armv6-m\libcr_eabihelpers.a(llong.o)
 .ARM.attributes
                0x00000b5c       0x21 c:/nxp/lpcxpresso_7.5.0_254/lpcxpresso/tools/bin/../lib/gcc/arm-none-eabi/4.8.4/armv6-m\libcr_eabihelpers.a(memcpy.o)
 .ARM.attributes
                0x00000b7d       0x21 c:/nxp/lpcxpresso_7.5.0_254/lpcxpresso/tools/bin/../lib/gcc/arm-none-eabi/4.8.4/armv6-m\libcr_eabihelpers.a(thumb1_switch_helpers.o)
 .ARM.attributes
                0x00000b9e       0x31 c:/nxp/lpcxpresso_7.5.0_254/lpcxpresso/tools/bin/../lib/gcc/arm-none-eabi/4.8.4/../../../../arm-none-eabi/lib/armv6-m\libcr_nohost.a(__sys_appexit.o)
 .ARM.attributes
                0x00000bcf       0x31 c:/nxp/lpcxpresso_7.5.0_254/lpcxpresso/tools/bin/../lib/gcc/arm-none-eabi/4.8.4/../../../../arm-none-eabi/lib/armv6-m\libcr_nohost.a(__sys_close.o)
 .ARM.attributes
                0x00000c00       0x31 c:/nxp/lpcxpresso_7.5.0_254/lpcxpresso/tools/bin/../lib/gcc/arm-none-eabi/4.8.4/../../../../arm-none-eabi/lib/armv6-m\libcr_nohost.a(__sys_flen.o)
 .ARM.attributes
                0x00000c31       0x31 c:/nxp/lpcxpresso_7.5.0_254/lpcxpresso/tools/bin/../lib/gcc/arm-none-eabi/4.8.4/../../../../arm-none-eabi/lib/armv6-m\libcr_nohost.a(__sys_istty.o)
 .ARM.attributes
                0x00000c62       0x31 c:/nxp/lpcxpresso_7.5.0_254/lpcxpresso/tools/bin/../lib/gcc/arm-none-eabi/4.8.4/../../../../arm-none-eabi/lib/armv6-m\libcr_nohost.a(__sys_remove.o)
 .ARM.attributes
                0x00000c93       0x31 c:/nxp/lpcxpresso_7.5.0_254/lpcxpresso/tools/bin/../lib/gcc/arm-none-eabi/4.8.4/../../../../arm-none-eabi/lib/armv6-m\libcr_nohost.a(__sys_seek.o)
 .ARM.attributes
                0x00000cc4       0x31 c:/nxp/lpcxpresso_7.5.0_254/lpcxpresso/tools/bin/../lib/gcc/arm-none-eabi/4.8.4/../../../../arm-none-eabi/lib/armv6-m\libcr_nohost.a(__sys_tmpnam.o)

.debug_frame    0x00000000     0x1560
 .debug_frame   0x00000000       0xdc ./src/netutil/netutil.o
 .debug_frame   0x000000dc       0x40 ./src/PlatformHandler/eepromHandler.o
 .debug_frame   0x0000011c       0xac ./src/PlatformHandler/flashHandler.o
 .debug_frame   0x000001c8       0xcc ./src/PlatformHandler/sspHandler.o