Archive member included because of file (symbol)

D:\_GitHub\WIZ550S2E\wiznet_s2e_wiz550s2e_board\Release\libwiznet_s2e_wiz550s2e_board.a(board.o)
                              ./src/main.o (Board_LED_Set)
D:\_GitHub\WIZ550S2E\wiznet_s2e_wiz550s2e_board\Release\libwiznet_s2e_wiz550s2e_board.a(board_sysinit.o)
                              ./src/sysinit.o (Board_SystemInit)
D:\_GitHub\WIZ550S2E\lpc_chip_11exx\Release\liblpc_chip_11exx.a(chip_11xx.o)
                              ./src/main.o (SystemCoreClockUpdate)
D:\_GitHub\WIZ550S2E\lpc_chip_11exx\Release\liblpc_chip_11exx.a(clock_11xx.o)
                              D:\_GitHub\WIZ550S2E\wiznet_s2e_wiz550s2e_board\Release\libwiznet_s2e_wiz550s2e_board.a(board_sysinit.o) (Chip_Clock_SetSystemPLLSource)
D:\_GitHub\WIZ550S2E\lpc_chip_11exx\Release\liblpc_chip_11exx.a(gpio_11xx_1.o)
                              D:\_GitHub\WIZ550S2E\wiznet_s2e_wiz550s2e_board\Release\libwiznet_s2e_wiz550s2e_board.a(board.o) (Chip_GPIO_Init)
D:\_GitHub\WIZ550S2E\lpc_chip_11exx\Release\liblpc_chip_11exx.a(iocon_11xx.o)
                              ./src/PlatformHandler/sspHandler.o (Chip_IOCON_PinMuxSet)
D:\_GitHub\WIZ550S2E\lpc_chip_11exx\Release\liblpc_chip_11exx.a(ring_buffer.o)
                              ./src/PlatformHandler/uartHandler.o (RingBuffer_Init)
D:\_GitHub\WIZ550S2E\lpc_chip_11exx\Release\liblpc_chip_11exx.a(ssp_11xx.o)
                              ./src/PlatformHandler/sspHandler.o (Chip_SSP_WriteFrames_Blocking)
D:\_GitHub\WIZ550S2E\lpc_chip_11exx\Release\liblpc_chip_11exx.a(sysctl_11xx.o)
                              D:\_GitHub\WIZ550S2E\wiznet_s2e_wiz550s2e_board\Release\libwiznet_s2e_wiz550s2e_board.a(board_sysinit.o) (Chip_SYSCTL_PowerDown)
D:\_GitHub\WIZ550S2E\lpc_chip_11exx\Release\liblpc_chip_11exx.a(timer_11xx.o)
                              ./src/PlatformHandler/timerHandler.o (Chip_TIMER_Init)
D:\_GitHub\WIZ550S2E\lpc_chip_11exx\Release\liblpc_chip_11exx.a(uart_11xx.o)
                              ./src/PlatformHandler/uartHandler.o (Chip_UART_Init)
c:/nxp/lpcxpresso_7.6.0_321/lpcxpresso/tools/bin/../lib/gcc/arm-none-eabi/4.9.3/../../../../arm-none-eabi/lib/armv6-m\libcr_nohost.a(_cr__main.o)
                              ./src/cr_startup_lpc11exx.o (__main)
c:/nxp/lpcxpresso_7.6.0_321/lpcxpresso/tools/bin/../lib/gcc/arm-none-eabi/4.9.3/../../../../arm-none-eabi/lib/armv6-m\libcr_c.a(memcpy.o)
                              ./src/PlatformHandler/sspHandler.o (memcpy)
c:/nxp/lpcxpresso_7.6.0_321/lpcxpresso/tools/bin/../lib/gcc/arm-none-eabi/4.9.3/../../../../arm-none-eabi/lib/armv6-m\libcr_c.a(memset.o)
                              ./src/netutil/netutil.o (memset)
c:/nxp/lpcxpresso_7.6.0_321/lpcxpresso/tools/bin/../lib/gcc/arm-none-eabi/4.9.3/../../../../arm-none-eabi/lib/armv6-m\libcr_c.a(fpprintf.o)
                              ./src/netutil/netutil.o (sprintf)
c:/nxp/lpcxpresso_7.6.0_321/lpcxpresso/tools/bin/../lib/gcc/arm-none-eabi/4.9.3/../../../../arm-none-eabi/lib/armv6-m\libcr_c.a(initio.o)
                              c:/nxp/lpcxpresso_7.6.0_321/lpcxpresso/tools/bin/../lib/gcc/arm-none-eabi/4.9.3/../../../../arm-none-eabi/lib/armv6-m\libcr_nohost.a(_cr__main.o) (_initio)
c:/nxp/lpcxpresso_7.6.0_321/lpcxpresso/tools/bin/../lib/gcc/arm-none-eabi/4.9.3/../../../../arm-none-eabi/lib/armv6-m\libcr_c.a(memcmp.o)
                              ./src/Configuration/ConfigMessage.o (memcmp)
c:/nxp/lpcxpresso_7.6.0_321/lpcxpresso/tools/bin/../lib/gcc/arm-none-eabi/4.9.3/../../../../arm-none-eabi/lib/armv6-m\libcr_c.a(printf.o)
                              c:/nxp/lpcxpresso_7.6.0_321/lpcxpresso/tools/bin/../lib/gcc/arm-none-eabi/4.9.3/../../../../arm-none-eabi/lib/armv6-m\libcr_c.a(fpprintf.o) (__vfprintf)
c:/nxp/lpcxpresso_7.6.0_321/lpcxpresso/tools/bin/../lib/gcc/arm-none-eabi/4.9.3/../../../../arm-none-eabi/lib/armv6-m\libcr_c.a(scanf.o)
                              ./src/netutil/netutil.o (strtol)
c:/nxp/lpcxpresso_7.6.0_321/lpcxpresso/tools/bin/../lib/gcc/arm-none-eabi/4.9.3/../../../../arm-none-eabi/lib/armv6-m\libcr_c.a(setvbuf.o)
                              c:/nxp/lpcxpresso_7.6.0_321/lpcxpresso/tools/bin/../lib/gcc/arm-none-eabi/4.9.3/../../../../arm-none-eabi/lib/armv6-m\libcr_c.a(initio.o) (setvbuf)
c:/nxp/lpcxpresso_7.6.0_321/lpcxpresso/tools/bin/../lib/gcc/arm-none-eabi/4.9.3/../../../../arm-none-eabi/lib/armv6-m\libcr_c.a(stdio.o)
                              c:/nxp/lpcxpresso_7.6.0_321/lpcxpresso/tools/bin/../lib/gcc/arm-none-eabi/4.9.3/../../../../arm-none-eabi/lib/armv6-m\libcr_c.a(fpprintf.o) (__Ciob)
c:/nxp/lpcxpresso_7.6.0_321/lpcxpresso/tools/bin/../lib/gcc/arm-none-eabi/4.9.3/../../../../arm-none-eabi/lib/armv6-m\libcr_c.a(strcmp.o)
                              ./src/Configuration/ConfigMessage.o (strcmp)
c:/nxp/lpcxpresso_7.6.0_321/lpcxpresso/tools/bin/../lib/gcc/arm-none-eabi/4.9.3/../../../../arm-none-eabi/lib/armv6-m\libcr_c.a(strcpy.o)
                              ./src/netutil/netutil.o (strcpy)
[...]
Memory Configuration

Name             Origin             Length             Attributes
MFlash96         0x00000000         0x00006000         xr
RamLoc8          0x10000000         0x00002000         xrw
RamPeriph2       0x20000000         0x00000800         xrw
SRAM1_2          0x20004000         0x00000800         xrw
*default*        0x00000000         0xffffffff

Linker script and memory map

LOAD ./src/netutil/netutil.o
LOAD ./src/PlatformHandler/eepromHandler.o
LOAD ./src/PlatformHandler/flashHandler.o
LOAD ./src/PlatformHandler/sspHandler.o
LOAD ./src/PlatformHandler/timerHandler.o
LOAD ./src/PlatformHandler/uartHandler.o
LOAD ./src/Internet/TFTP/tftp.o
LOAD ./src/Ethernet/W5500/w5500.o
LOAD ./src/Ethernet/socket.o
LOAD ./src/Ethernet/wizchip_conf.o
LOAD ./src/Configuration/ConfigData.o
LOAD ./src/Configuration/ConfigMessage.o
LOAD ./src/aeabi_romdiv_patch.o
LOAD ./src/cr_startup_lpc11exx.o
LOAD ./src/crp.o
LOAD ./src/main.o
LOAD ./src/sysinit.o
LOAD D:\_GitHub\WIZ550S2E\wiznet_s2e_wiz550s2e_board\Release\libwiznet_s2e_wiz550s2e_board.a
LOAD D:\_GitHub\WIZ550S2E\lpc_chip_11exx\Release\liblpc_chip_11exx.a
START GROUP
LOAD c:/nxp/lpcxpresso_7.6.0_321/lpcxpresso/tools/bin/../lib/gcc/arm-none-eabi/4.9.3/../../../../arm-none-eabi/lib/armv6-m\libcr_nohost.a
LOAD c:/nxp/lpcxpresso_7.6.0_321/lpcxpresso/tools/bin/../lib/gcc/arm-none-eabi/4.9.3/../../../../arm-none-eabi/lib/armv6-m\libcr_c.a
LOAD c:/nxp/lpcxpresso_7.6.0_321/lpcxpresso/tools/bin/../lib/gcc/arm-none-eabi/4.9.3/armv6-m\libcr_eabihelpers.a
END GROUP
                0x00006000                __top_MFlash96 = 0x6000
                0x10002000                __top_RamLoc8 = 0x10002000
                0x20000800                __top_RamPeriph2 = 0x20000800
                0x20004800                __top_SRAM1_2 = 0x20004800

.text           0x00000000     0x5c50
 FILL mask 0xff
                0x00000000                __vectors_start__ = ABSOLUTE (.)
 *(.isr_vector)
 .isr_vector    0x00000000       0xc0 ./src/cr_startup_lpc11exx.o
                0x00000000                g_pfnVectors
                0x000000c0                . = ALIGN (0x4)
                0x000000c0                __section_table_start = .
                0x000000c0                __data_section_table = .
                0x000000c0        0x4 LONG 0x5c50 LOADADDR (.data)
                0x000000c4        0x4 LONG 0x10000000 ADDR (.data)
                0x000000c8        0x4 LONG 0x3c SIZEOF (.data)
                0x000000cc        0x4 LONG 0x5c50 LOADADDR (.data_RAM2)
                0x000000d0        0x4 LONG 0x20000000 ADDR (.data_RAM2)
                0x000000d4        0x4 LONG 0x0 SIZEOF (.data_RAM2)
                0x000000d8        0x4 LONG 0x5c50 LOADADDR (.data_RAM3)
                0x000000dc        0x4 LONG 0x20004000 ADDR (.data_RAM3)
                0x000000e0        0x4 LONG 0x0 SIZEOF (.data_RAM3)
                0x000000e4                __data_section_table_end = .
                0x000000e4                __bss_section_table = .
                0x000000e4        0x4 LONG 0x1000003c ADDR (.bss)
                0x000000e8        0x4 LONG 0x1070 SIZEOF (.bss)
                0x000000ec        0x4 LONG 0x20000000 ADDR (.bss_RAM2)
                0x000000f0        0x4 LONG 0x0 SIZEOF (.bss_RAM2)
                0x000000f4        0x4 LONG 0x20004000 ADDR (.bss_RAM3)
                0x000000f8        0x4 LONG 0x0 SIZEOF (.bss_RAM3)
                0x000000fc                __bss_section_table_end = .
                0x000000fc                __section_table_end = .
 *(.after_vectors*)
 .after_vectors
                0x000000fc       0x9c ./src/cr_startup_lpc11exx.o
                0x000000fc                NMI_Handler
                0x000000fe                HardFault_Handler
                0x00000100                SVC_Handler
                0x00000102                PendSV_Handler
                0x00000104                SysTick_Handler
                0x00000106                FLEX_INT7_IRQHandler
                0x00000106                FMC_IRQHandler
                0x00000106                TIMER32_1_IRQHandler
                0x00000106                FLEX_INT1_IRQHandler
                0x00000106                IntDefaultHandler
                0x00000106                SSP0_IRQHandler
                0x00000106                FLEX_INT6_IRQHandler
                0x00000106                FLEX_INT0_IRQHandler
                0x00000106                FLEX_INT2_IRQHandler
                0x00000106                TIMER16_1_IRQHandler
                0x00000106                FLEX_INT5_IRQHandler
                0x00000106                ADC_IRQHandler
                0x00000106                SSP1_IRQHandler
                0x00000106                FLEX_INT3_IRQHandler
                0x00000106                BOD_IRQHandler
                0x00000106                I2C_IRQHandler
                0x00000106                WDT_IRQHandler
                0x00000106                TIMER16_0_IRQHandler
                0x00000106                GINT0_IRQHandler
                0x00000106                FLEX_INT4_IRQHandler
                0x00000106                GINT1_IRQHandler
                0x00000108                data_init
                0x0000011a                bss_init
                0x0000012a                ResetISR
                0x000002fc                . = 0x2fc
 *fill*         0x00000198      0x164 ff
                0x000002fc                PROVIDE (__CRP_WORD_START__, .)
 *(.crp)
 .crp           0x000002fc        0x4 ./src/crp.o
                0x000002fc                CRP_WORD
                0x00000300                PROVIDE (__CRP_WORD_END__, .)
                0x00000001                ASSERT (! ((__CRP_WORD_START__ == __CRP_WORD_END__)), Linker CRP Enabled, but no CRP_WORD provided within application)
 *(.text*)
 .text.swapl    0x00000300        0x4 ./src/netutil/netutil.o
                0x00000300                swapl
 .text.htons    0x00000304        0x6 ./src/netutil/netutil.o
                0x00000304                htons
 .text.htonl    0x0000030a        0x8 ./src/netutil/netutil.o
                0x0000030a                htonl
 .text.ntohs    0x00000312        0x6 ./src/netutil/netutil.o
                0x00000312                ntohs
 .text.ntohl    0x00000318        0x8 ./src/netutil/netutil.o
                0x00000318                ntohl
 .text.read_eeprom
                0x00000320       0x44 ./src/PlatformHandler/eepromHandler.o
                0x00000320                read_eeprom
 .text.write_eeprom
                0x00000364       0x44 ./src/PlatformHandler/eepromHandler.o
                0x00000364                write_eeprom
 .text.iap_entry
                0x000003a8        0xc ./src/PlatformHandler/flashHandler.o
 .text.write_flash
                0x000003b4       0x88 ./src/PlatformHandler/flashHandler.o
                0x000003b4                write_flash
 .text.erase_flash_sector
                0x0000043c       0x54 ./src/PlatformHandler/flashHandler.o
                0x0000043c                erase_flash_sector
 .text.save_data
                0x00000490       0x64 ./src/PlatformHandler/flashHandler.o
                0x00000490                save_data
 .text.wizchip_select
                0x000004f4        0xa ./src/PlatformHandler/sspHandler.o
 .text.wizchip_deselect
                0x000004fe        0xa ./src/PlatformHandler/sspHandler.o
 .text.wizchip_readburst
                0x00000508       0x14 ./src/PlatformHandler/sspHandler.o
                0x00000508                wizchip_readburst
 .text.wizchip_read
                0x0000051c       0x18 ./src/PlatformHandler/sspHandler.o
 .text.wizchip_writeburst
                0x00000534       0x14 ./src/PlatformHandler/sspHandler.o
                0x00000534                wizchip_writeburst
 .text.wizchip_write
                0x00000548       0x18 ./src/PlatformHandler/sspHandler.o
 .text.SPI_Init
                0x00000560       0x88 ./src/PlatformHandler/sspHandler.o
                0x00000560                SPI_Init
 .text.W5500_Init
                0x000005e8       0x88 ./src/PlatformHandler/sspHandler.o
                0x000005e8                W5500_Init
 .text.TIMER32_0_IRQHandler
                0x00000670       0x4c ./src/PlatformHandler/timerHandler.o
                0x00000670                TIMER32_0_IRQHandler
 .text.timer_Init
                0x000006bc       0x54 ./src/PlatformHandler/timerHandler.o
                0x000006bc                timer_Init
 .text.UART_IRQHandler
                0x00000710       0x1c ./src/PlatformHandler/uartHandler.o
                0x00000710                UART_IRQHandler
 .text.serial_info_init
                0x0000072c       0xf0 ./src/PlatformHandler/uartHandler.o
                0x0000072c                serial_info_init
 .text.UART_Init
                0x0000081c       0x7c ./src/PlatformHandler/uartHandler.o
                0x0000081c                UART_Init
 .text.init_tftp
                0x00000898       0x54 ./src/Internet/TFTP/tftp.o
 .text.tftp_cancel_timeout
                0x000008ec       0x24 ./src/Internet/TFTP/tftp.o
 .text.tftp_reg_timeout
                0x00000910       0x24 ./src/Internet/TFTP/tftp.o
 .text.send_tftp_rrq.constprop.8
                0x00000934       0xc8 ./src/Internet/TFTP/tftp.o
 .text.send_tftp_ack
                0x000009fc       0x4c ./src/Internet/TFTP/tftp.o
 .text.TFTP_init
                0x00000a48       0x4c ./src/Internet/TFTP/tftp.o
                0x00000a48                TFTP_init
 .text.TFTP_run
                0x00000a94      0x1cc ./src/Internet/TFTP/tftp.o
                0x00000a94                TFTP_run
 .text.TFTP_read_request
                0x00000c60       0x1c ./src/Internet/TFTP/tftp.o
                0x00000c60                TFTP_read_request
 .text.tftp_timeout_handler
                0x00000c7c       0x1c ./src/Internet/TFTP/tftp.o
                0x00000c7c                tftp_timeout_handler
 .text.WIZCHIP_READ
                0x00000c98       0x60 ./src/Ethernet/W5500/w5500.o
                0x00000c98                WIZCHIP_READ
 .text.WIZCHIP_WRITE
                0x00000cf8       0x70 ./src/Ethernet/W5500/w5500.o
                0x00000cf8                WIZCHIP_WRITE
 .text.WIZCHIP_READ_BUF
                0x00000d68       0x70 ./src/Ethernet/W5500/w5500.o
                0x00000d68                WIZCHIP_READ_BUF
 .text.WIZCHIP_WRITE_BUF
                0x00000dd8       0x84 ./src/Ethernet/W5500/w5500.o
                0x00000dd8                WIZCHIP_WRITE_BUF
 .text.getSn_TX_FSR
                0x00000e5c       0x48 ./src/Ethernet/W5500/w5500.o
                0x00000e5c                getSn_TX_FSR
 .text.getSn_RX_RSR
                0x00000ea4       0x48 ./src/Ethernet/W5500/w5500.o
                0x00000ea4                getSn_RX_RSR
 .text.wiz_send_data
                0x00000eec       0x58 ./src/Ethernet/W5500/w5500.o
                0x00000eec                wiz_send_data
 .text.wiz_recv_data
                0x00000f44       0x58 ./src/Ethernet/W5500/w5500.o
                0x00000f44                wiz_recv_data
 .text.wiz_recv_ignore
                0x00000f9c       0x3c ./src/Ethernet/W5500/w5500.o
                0x00000f9c                wiz_recv_ignore
 .text.close    0x00000fd8       0x68 ./src/Ethernet/socket.o
                0x00000fd8                close
 .text.socket   0x00001040      0x110 ./src/Ethernet/socket.o
                0x00001040                socket
 .text.sendto   0x00001150      0x134 ./src/Ethernet/socket.o
                0x00001150                sendto
 .text.recvfrom
                0x00001284      0x1d4 ./src/Ethernet/socket.o
                0x00001284                recvfrom
 .text.getsockopt
                0x00001458      0x118 ./src/Ethernet/socket.o
                0x00001458                getsockopt
 .text.wizchip_cris_enter
                0x00001570        0x2 ./src/Ethernet/wizchip_conf.o
                0x00001570                wizchip_cris_enter
 .text.wizchip_cris_exit
                0x00001572        0x2 ./src/Ethernet/wizchip_conf.o
                0x00001572                wizchip_cris_exit
 .text.wizchip_cs_select
                0x00001574        0x2 ./src/Ethernet/wizchip_conf.o
                0x00001574                wizchip_cs_select
 .text.wizchip_cs_deselect
                0x00001576        0x2 ./src/Ethernet/wizchip_conf.o
                0x00001576                wizchip_cs_deselect
 .text.wizchip_bus_readbyte
                0x00001578        0x6 ./src/Ethernet/wizchip_conf.o
                0x00001578                wizchip_bus_readbyte
 .text.wizchip_bus_writebyte
                0x0000157e        0x4 ./src/Ethernet/wizchip_conf.o
                0x0000157e                wizchip_bus_writebyte
 .text.wizchip_spi_readbyte
                0x00001582        0x4 ./src/Ethernet/wizchip_conf.o
                0x00001582                wizchip_spi_readbyte
 .text.wizchip_spi_writebyte
                0x00001586        0x2 ./src/Ethernet/wizchip_conf.o
                0x00001586                wizchip_spi_writebyte
 .text.wizchip_spi_readburst
                0x00001588        0x2 ./src/Ethernet/wizchip_conf.o
                0x00001588                wizchip_spi_readburst
 .text.wizchip_spi_writeburst
                0x0000158a        0x2 ./src/Ethernet/wizchip_conf.o
                0x0000158a                wizchip_spi_writeburst
 .text.reg_wizchip_cs_cbfunc
                0x0000158c       0x28 ./src/Ethernet/wizchip_conf.o
                0x0000158c                reg_wizchip_cs_cbfunc
 .text.reg_wizchip_spi_cbfunc
                0x000015b4       0x34 ./src/Ethernet/wizchip_conf.o
                0x000015b4                reg_wizchip_spi_cbfunc
 .text.reg_wizchip_spiburst_cbfunc
                0x000015e8       0x34 ./src/Ethernet/wizchip_conf.o
                0x000015e8                reg_wizchip_spiburst_cbfunc
 .text.wizchip_sw_reset
                0x0000161c       0x76 ./src/Ethernet/wizchip_conf.o
                0x0000161c                wizchip_sw_reset
 *fill*         0x00001692        0x2 
 .text.wizchip_init
                0x00001694       0x84 ./src/Ethernet/wizchip_conf.o
                0x00001694                wizchip_init
 .text.wizchip_clrinterrupt
                0x00001718       0x1c ./src/Ethernet/wizchip_conf.o
                0x00001718                wizchip_clrinterrupt
 .text.wizchip_getinterrupt
                0x00001734       0x22 ./src/Ethernet/wizchip_conf.o
                0x00001734                wizchip_getinterrupt
 .text.wizchip_setinterruptmask
                0x00001756       0x1a ./src/Ethernet/wizchip_conf.o
                0x00001756                wizchip_setinterruptmask
 .text.wizchip_getinterruptmask
                0x00001770       0x1c ./src/Ethernet/wizchip_conf.o
                0x00001770                wizchip_getinterruptmask
 .text.wizphy_getphylink
                0x0000178c       0x10 ./src/Ethernet/wizchip_conf.o
                0x0000178c                wizphy_getphylink
 .text.wizphy_getphypmode
                0x0000179c       0x16 ./src/Ethernet/wizchip_conf.o
                0x0000179c                wizphy_getphypmode
 .text.wizphy_reset
                0x000017b2       0x2e ./src/Ethernet/wizchip_conf.o
                0x000017b2                wizphy_reset
 .text.wizphy_setphyconf
                0x000017e0       0x40 ./src/Ethernet/wizchip_conf.o
                0x000017e0                wizphy_setphyconf
 .text.wizphy_getphyconf
                0x00001820       0x68 ./src/Ethernet/wizchip_conf.o
                0x00001820                wizphy_getphyconf
 .text.wizphy_setphypmode
                0x00001888       0x4e ./src/Ethernet/wizchip_conf.o
                0x00001888                wizphy_setphypmode
 *fill*         0x000018d6        0x2 
 .text.ctlwizchip
                0x000018d8       0xe0 ./src/Ethernet/wizchip_conf.o
                0x000018d8                ctlwizchip
 .text.wizchip_setnetinfo
                0x000019b8       0x5c ./src/Ethernet/wizchip_conf.o
                0x000019b8                wizchip_setnetinfo
 .text.wizchip_getnetinfo
                0x00001a14       0x5c ./src/Ethernet/wizchip_conf.o
                0x00001a14                wizchip_getnetinfo
 .text.wizchip_setnetmode
                0x00001a70       0x26 ./src/Ethernet/wizchip_conf.o
                0x00001a70                wizchip_setnetmode
 .text.wizchip_getnetmode
                0x00001a96        0xa ./src/Ethernet/wizchip_conf.o
                0x00001a96                wizchip_getnetmode
 .text.wizchip_settimeout
                0x00001aa0       0x26 ./src/Ethernet/wizchip_conf.o
                0x00001aa0                wizchip_settimeout
 .text.wizchip_gettimeout
                0x00001ac6       0x28 ./src/Ethernet/wizchip_conf.o
                0x00001ac6                wizchip_gettimeout
 .text.ctlnetwork
                0x00001aee       0x4a ./src/Ethernet/wizchip_conf.o
                0x00001aee                ctlnetwork
 .text.get_S2E_Packet_pointer
                0x00001b38        0x8 ./src/Configuration/ConfigData.o
                0x00001b38                get_S2E_Packet_pointer
 .text.set_S2E_Packet_to_factory_value
                0x00001b40      0x1a0 ./src/Configuration/ConfigData.o
                0x00001b40                set_S2E_Packet_to_factory_value
 .text.load_S2E_Packet_from_eeprom
                0x00001ce0       0x38 ./src/Configuration/ConfigData.o
                0x00001ce0                load_S2E_Packet_from_eeprom
 .text.save_S2E_Packet_to_eeprom
                0x00001d18       0x14 ./src/Configuration/ConfigData.o
                0x00001d18                save_S2E_Packet_to_eeprom
 .text.set_S2E_Packet_value
                0x00001d2c        0x8 ./src/Configuration/ConfigData.o
                0x00001d2c                set_S2E_Packet_value
 .text.Net_Conf
                0x00001d34       0x6c ./src/Configuration/ConfigData.o
                0x00001d34                Net_Conf
 .text.atonum   0x00001da0       0x1a ./src/Configuration/ConfigData.o
                0x00001da0                atonum
 .text.get_hex  0x00001dba       0x18 ./src/Configuration/ConfigData.o
                0x00001dba                get_hex
 *fill*         0x00001dd2        0x2 
 .text.check_mac_address
                0x00001dd4       0x9c ./src/Configuration/ConfigData.o
                0x00001dd4                check_mac_address
 .text.unlikely.NVIC_SystemReset
                0x00001e70       0x18 ./src/Configuration/ConfigMessage.o
 .text.encrypt  0x00001e88       0x18 ./src/Configuration/ConfigMessage.o
 .text.decrypt  0x00001ea0       0x18 ./src/Configuration/ConfigMessage.o
 .text.process_get_info
                0x00001eb8       0xde ./src/Configuration/ConfigMessage.o
 *fill*         0x00001f96        0x2 
 .text.process_set_info
                0x00001f98      0x124 ./src/Configuration/ConfigMessage.o
 .text.reply_firmware_upload_done
                0x000020bc       0xc0 ./src/Configuration/ConfigMessage.o
                0x000020bc                reply_firmware_upload_done
 .text.do_udp_config
                0x0000217c      0x554 ./src/Configuration/ConfigMessage.o
                0x0000217c                do_udp_config
 .text.__aeabi_idiv
                0x000026d0       0x10 ./src/aeabi_romdiv_patch.o
                0x000026d0                __aeabi_idivmod
                0x000026d0                __aeabi_idiv
 .text.__aeabi_uidiv
                0x000026e0       0x10 ./src/aeabi_romdiv_patch.o
                0x000026e0                __aeabi_uidivmod
                0x000026e0                __aeabi_uidiv
 .text.application_jump
                0x000026f0       0x18 ./src/main.o
                0x000026f0                application_jump
 .text.application_update
                0x00002708       0x66 ./src/main.o
                0x00002708                application_update
 *fill*         0x0000276e        0x2 
 .text.startup.main
                0x00002770       0x84 ./src/main.o
                0x00002770                main
 .text.SystemInit
                0x000027f4        0x8 ./src/sysinit.o
                0x000027f4                SystemInit
 .text.Board_UARTPutChar
                0x000027fc       0x18 D:\_GitHub\WIZ550S2E\wiznet_s2e_wiz550s2e_board\Release\libwiznet_s2e_wiz550s2e_board.a(board.o)
                0x000027fc                Board_UARTPutChar
 .text.__sys_write
                0x00002814       0x1a D:\_GitHub\WIZ550S2E\wiznet_s2e_wiz550s2e_board\Release\libwiznet_s2e_wiz550s2e_board.a(board.o)
                0x00002814                __sys_write
 *fill*         0x0000282e        0x2 
 .text.Board_Debug_Init
                0x00002830       0x44 D:\_GitHub\WIZ550S2E\wiznet_s2e_wiz550s2e_board\Release\libwiznet_s2e_wiz550s2e_board.a(board.o)
                0x00002830                Board_Debug_Init
 .text.Board_LED_Set
                0x00002874       0x24 D:\_GitHub\WIZ550S2E\wiznet_s2e_wiz550s2e_board\Release\libwiznet_s2e_wiz550s2e_board.a(board.o)
                0x00002874                Board_LED_Set
 .text.Board_LED_Toggle
                0x00002898       0x28 D:\_GitHub\WIZ550S2E\wiznet_s2e_wiz550s2e_board\Release\libwiznet_s2e_wiz550s2e_board.a(board.o)
                0x00002898                Board_LED_Toggle
 .text.Board_hwtrig_get
                0x000028c0       0x10 D:\_GitHub\WIZ550S2E\wiznet_s2e_wiz550s2e_board\Release\libwiznet_s2e_wiz550s2e_board.a(board.o)
                0x000028c0                Board_hwtrig_get
 .text.Board_Init
                0x000028d0       0x54 D:\_GitHub\WIZ550S2E\wiznet_s2e_wiz550s2e_board\Release\libwiznet_s2e_wiz550s2e_board.a(board.o)
                0x000028d0                Board_Init
 .text.Board_SystemInit
                0x00002924       0x94 D:\_GitHub\WIZ550S2E\wiznet_s2e_wiz550s2e_board\Release\libwiznet_s2e_wiz550s2e_board.a(board_sysinit.o)
                0x00002924                Board_SystemInit
 .text.SystemCoreClockUpdate
                0x000029b8       0x10 D:\_GitHub\WIZ550S2E\lpc_chip_11exx\Release\liblpc_chip_11exx.a(chip_11xx.o)
                0x000029b8                SystemCoreClockUpdate
 .text.Chip_Clock_SetSystemPLLSource
                0x000029c8       0x14 D:\_GitHub\WIZ550S2E\lpc_chip_11exx\Release\liblpc_chip_11exx.a(clock_11xx.o)
                0x000029c8                Chip_Clock_SetSystemPLLSource
 .text.Chip_Clock_SetMainClockSource
                0x000029dc       0x14 D:\_GitHub\WIZ550S2E\lpc_chip_11exx\Release\liblpc_chip_11exx.a(clock_11xx.o)
                0x000029dc                Chip_Clock_SetMainClockSource
 .text.Chip_Clock_GetWDTOSCRate
                0x000029f0       0x28 D:\_GitHub\WIZ550S2E\lpc_chip_11exx\Release\liblpc_chip_11exx.a(clock_11xx.o)
                0x000029f0                Chip_Clock_GetWDTOSCRate
 .text.Chip_Clock_GetSystemPLLInClockRate
                0x00002a18       0x28 D:\_GitHub\WIZ550S2E\lpc_chip_11exx\Release\liblpc_chip_11exx.a(clock_11xx.o)
                0x00002a18                Chip_Clock_GetSystemPLLInClockRate
 .text.Chip_Clock_GetSystemPLLOutClockRate
                0x00002a40       0x18 D:\_GitHub\WIZ550S2E\lpc_chip_11exx\Release\liblpc_chip_11exx.a(clock_11xx.o)
                0x00002a40                Chip_Clock_GetSystemPLLOutClockRate
 .text.Chip_Clock_GetMainClockRate
                0x00002a58       0x34 D:\_GitHub\WIZ550S2E\lpc_chip_11exx\Release\liblpc_chip_11exx.a(clock_11xx.o)
                0x00002a58                Chip_Clock_GetMainClockRate
 .text.Chip_Clock_GetSystemClockRate
                0x00002a8c       0x14 D:\_GitHub\WIZ550S2E\lpc_chip_11exx\Release\liblpc_chip_11exx.a(clock_11xx.o)
                0x00002a8c                Chip_Clock_GetSystemClockRate
 .text.Chip_GPIO_Init
                0x00002aa0       0x10 D:\_GitHub\WIZ550S2E\lpc_chip_11exx\Release\liblpc_chip_11exx.a(gpio_11xx_1.o)
                0x00002aa0                Chip_GPIO_Init
 .text.Chip_IOCON_PinMuxSet
                0x00002ab0        0xc D:\_GitHub\WIZ550S2E\lpc_chip_11exx\Release\liblpc_chip_11exx.a(iocon_11xx.o)
                0x00002ab0                Chip_IOCON_PinMuxSet
 .text.RingBuffer_Init
                0x00002abc       0x10 D:\_GitHub\WIZ550S2E\lpc_chip_11exx\Release\liblpc_chip_11exx.a(ring_buffer.o)
                0x00002abc                RingBuffer_Init
 .text.RingBuffer_Insert
                0x00002acc       0x30 D:\_GitHub\WIZ550S2E\lpc_chip_11exx\Release\liblpc_chip_11exx.a(ring_buffer.o)
                0x00002acc                RingBuffer_Insert
 .text.RingBuffer_Pop
                0x00002afc       0x30 D:\_GitHub\WIZ550S2E\lpc_chip_11exx\Release\liblpc_chip_11exx.a(ring_buffer.o)
                0x00002afc                RingBuffer_Pop
 .text.Chip_SSP_SetClockRate
                0x00002b2c       0x18 D:\_GitHub\WIZ550S2E\lpc_chip_11exx\Release\liblpc_chip_11exx.a(ssp_11xx.o)
                0x00002b2c                Chip_SSP_SetClockRate
 .text.Chip_SSP_WriteFrames_Blocking
                0x00002b44       0x8c D:\_GitHub\WIZ550S2E\lpc_chip_11exx\Release\liblpc_chip_11exx.a(ssp_11xx.o)
                0x00002b44                Chip_SSP_WriteFrames_Blocking
 .text.Chip_SSP_ReadFrames_Blocking
                0x00002bd0       0xc0 D:\_GitHub\WIZ550S2E\lpc_chip_11exx\Release\liblpc_chip_11exx.a(ssp_11xx.o)
                0x00002bd0                Chip_SSP_ReadFrames_Blocking
 .text.Chip_SSP_SetMaster
                0x00002c90       0x10 D:\_GitHub\WIZ550S2E\lpc_chip_11exx\Release\liblpc_chip_11exx.a(ssp_11xx.o)
                0x00002c90                Chip_SSP_SetMaster
 .text.Chip_SSP_SetBitRate
                0x00002ca0       0x64 D:\_GitHub\WIZ550S2E\lpc_chip_11exx\Release\liblpc_chip_11exx.a(ssp_11xx.o)
                0x00002ca0                Chip_SSP_SetBitRate
 .text.Chip_SSP_Init
                0x00002d04       0x74 D:\_GitHub\WIZ550S2E\lpc_chip_11exx\Release\liblpc_chip_11exx.a(ssp_11xx.o)
                0x00002d04                Chip_SSP_Init
 .text.Chip_SYSCTL_PowerDown
                0x00002d78       0x1c D:\_GitHub\WIZ550S2E\lpc_chip_11exx\Release\liblpc_chip_11exx.a(sysctl_11xx.o)
                0x00002d78                Chip_SYSCTL_PowerDown
 .text.Chip_SYSCTL_PowerUp
                0x00002d94       0x20 D:\_GitHub\WIZ550S2E\lpc_chip_11exx\Release\liblpc_chip_11exx.a(sysctl_11xx.o)
                0x00002d94                Chip_SYSCTL_PowerUp
 .text.Chip_TIMER_Init
                0x00002db4       0x3c D:\_GitHub\WIZ550S2E\lpc_chip_11exx\Release\liblpc_chip_11exx.a(timer_11xx.o)
                0x00002db4                Chip_TIMER_Init
 .text.Chip_TIMER_Reset
                0x00002df0       0x18 D:\_GitHub\WIZ550S2E\lpc_chip_11exx\Release\liblpc_chip_11exx.a(timer_11xx.o)
                0x00002df0                Chip_TIMER_Reset
 .text.Chip_UART_Init
                0x00002e08       0x28 D:\_GitHub\WIZ550S2E\lpc_chip_11exx\Release\liblpc_chip_11exx.a(uart_11xx.o)
                0x00002e08                Chip_UART_Init
 .text.Chip_UART_Send
                0x00002e30       0x1a D:\_GitHub\WIZ550S2E\lpc_chip_11exx\Release\liblpc_chip_11exx.a(uart_11xx.o)
                0x00002e30                Chip_UART_Send
 .text.Chip_UART_SendBlocking
                0x00002e4a       0x24 D:\_GitHub\WIZ550S2E\lpc_chip_11exx\Release\liblpc_chip_11exx.a(uart_11xx.o)
                0x00002e4a                Chip_UART_SendBlocking
 .text.Chip_UART_Read
                0x00002e6e       0x1a D:\_GitHub\WIZ550S2E\lpc_chip_11exx\Release\liblpc_chip_11exx.a(uart_11xx.o)
                0x00002e6e                Chip_UART_Read
 .text.Chip_UART_ReadBlocking
                0x00002e88       0x24 D:\_GitHub\WIZ550S2E\lpc_chip_11exx\Release\liblpc_chip_11exx.a(uart_11xx.o)
                0x00002e88                Chip_UART_ReadBlocking
 .text.Chip_UART_SetBaud
                0x00002eac       0x38 D:\_GitHub\WIZ550S2E\lpc_chip_11exx\Release\liblpc_chip_11exx.a(uart_11xx.o)
                0x00002eac                Chip_UART_SetBaud
 .text.Chip_UART_RXIntHandlerRB
                0x00002ee4       0x1e D:\_GitHub\WIZ550S2E\lpc_chip_11exx\Release\liblpc_chip_11exx.a(uart_11xx.o)
                0x00002ee4                Chip_UART_RXIntHandlerRB
 .text.Chip_UART_TXIntHandlerRB
                0x00002f02       0x24 D:\_GitHub\WIZ550S2E\lpc_chip_11exx\Release\liblpc_chip_11exx.a(uart_11xx.o)
                0x00002f02                Chip_UART_TXIntHandlerRB
 .text.Chip_UART_IRQRBHandler
                0x00002f26       0x2e D:\_GitHub\WIZ550S2E\lpc_chip_11exx\Release\liblpc_chip_11exx.a(uart_11xx.o)
                0x00002f26                Chip_UART_IRQRBHandler
 .text.__main   0x00002f54       0x12 c:/nxp/lpcxpresso_7.6.0_321/lpcxpresso/tools/bin/../lib/gcc/arm-none-eabi/4.9.3/../../../../arm-none-eabi/lib/armv6-m\libcr_nohost.a(_cr__main.o)
                0x00002f54                __main
 .text.memcpy   0x00002f66        0x8 c:/nxp/lpcxpresso_7.6.0_321/lpcxpresso/tools/bin/../lib/gcc/arm-none-eabi/4.9.3/../../../../arm-none-eabi/lib/armv6-m\libcr_c.a(memcpy.o)
                0x00002f66                memcpy
 .text.memset   0x00002f6e        0x8 c:/nxp/lpcxpresso_7.6.0_321/lpcxpresso/tools/bin/../lib/gcc/arm-none-eabi/4.9.3/../../../../arm-none-eabi/lib/armv6-m\libcr_c.a(memset.o)
                0x00002f6e                memset
 .text.fp_round
                0x00002f76       0x48 c:/nxp/lpcxpresso_7.6.0_321/lpcxpresso/tools/bin/../lib/gcc/arm-none-eabi/4.9.3/../../../../arm-none-eabi/lib/armv6-m\libcr_c.a(fpprintf.o)
 .text.pr_dec.constprop.1
                0x00002fbe       0x28 c:/nxp/lpcxpresso_7.6.0_321/lpcxpresso/tools/bin/../lib/gcc/arm-none-eabi/4.9.3/../../../../arm-none-eabi/lib/armv6-m\libcr_c.a(fpprintf.o)
 *fill*         0x00002fe6        0x2 
 .text.sprintf  0x00002fe8       0x70 c:/nxp/lpcxpresso_7.6.0_321/lpcxpresso/tools/bin/../lib/gcc/arm-none-eabi/4.9.3/../../../../arm-none-eabi/lib/armv6-m\libcr_c.a(fpprintf.o)
                0x00002fe8                sprintf
 .text.fp_display
                0x00003058      0x980 c:/nxp/lpcxpresso_7.6.0_321/lpcxpresso/tools/bin/../lib/gcc/arm-none-eabi/4.9.3/../../../../arm-none-eabi/lib/armv6-m\libcr_c.a(fpprintf.o)
 .text.vsnprintf
                0x000039d8       0x5c c:/nxp/lpcxpresso_7.6.0_321/lpcxpresso/tools/bin/../lib/gcc/arm-none-eabi/4.9.3/../../../../arm-none-eabi/lib/armv6-m\libcr_c.a(fpprintf.o)
                0x000039d8                vsnprintf
 .text.printf   0x00003a34       0x50 c:/nxp/lpcxpresso_7.6.0_321/lpcxpresso/tools/bin/../lib/gcc/arm-none-eabi/4.9.3/../../../../arm-none-eabi/lib/armv6-m\libcr_c.a(fpprintf.o)
                0x00003a34                printf
 .text._initio  0x00003a84       0xa4 c:/nxp/lpcxpresso_7.6.0_321/lpcxpresso/tools/bin/../lib/gcc/arm-none-eabi/4.9.3/../../../../arm-none-eabi/lib/armv6-m\libcr_c.a(initio.o)
                0x00003a84                _initio
 .text.memcmp   0x00003b28       0x3a c:/nxp/lpcxpresso_7.6.0_321/lpcxpresso/tools/bin/../lib/gcc/arm-none-eabi/4.9.3/../../../../arm-none-eabi/lib/armv6-m\libcr_c.a(memcmp.o)
                0x00003b28                memcmp
 *fill*         0x00003b62        0x2 
 .text.__vfprintf
                0x00003b64      0xd4c c:/nxp/lpcxpresso_7.6.0_321/lpcxpresso/tools/bin/../lib/gcc/arm-none-eabi/4.9.3/../../../../arm-none-eabi/lib/armv6-m\libcr_c.a(printf.o)
                0x00003b64                __vfprintf
 .text.setvbuf  0x000048b0       0x48 c:/nxp/lpcxpresso_7.6.0_321/lpcxpresso/tools/bin/../lib/gcc/arm-none-eabi/4.9.3/../../../../arm-none-eabi/lib/armv6-m\libcr_c.a(setvbuf.o)
                0x000048b0                setvbuf
 .text.strcmp   0x000048f8       0x44 c:/nxp/lpcxpresso_7.6.0_321/lpcxpresso/tools/bin/../lib/gcc/arm-none-eabi/4.9.3/../../../../arm-none-eabi/lib/armv6-m\libcr_c.a(strcmp.o)
                0x000048f8                strcmp
 .text.strcpy   0x0000493c       0x44 c:/nxp/lpcxpresso_7.6.0_321/lpcxpresso/tools/bin/../lib/gcc/arm-none-eabi/4.9.3/../../../../arm-none-eabi/lib/armv6-m\libcr_c.a(strcpy.o)
                0x0000493c                strcpy
 .text.strlen   0x00004980       0x54 c:/nxp/lpcxpresso_7.6.0_321/lpcxpresso/tools/bin/../lib/gcc/arm-none-eabi/4.9.3/../../../../arm-none-eabi/lib/armv6-m\libcr_c.a(strlen.o)
                0x00004980                strlen
 .text._deferredlazyseek
                0x000049d4       0x44 c:/nxp/lpcxpresso_7.6.0_321/lpcxpresso/tools/bin/../lib/gcc/arm-none-eabi/4.9.3/../../../../arm-none-eabi/lib/armv6-m\libcr_c.a(_deferredlazyseek.o)
                0x000049d4                _deferredlazyseek
 .text.__flsbuf
                0x00004a18      0x154 c:/nxp/lpcxpresso_7.6.0_321/lpcxpresso/tools/bin/../lib/gcc/arm-none-eabi/4.9.3/../../../../arm-none-eabi/lib/armv6-m\libcr_c.a(_deferredlazyseek.o)
                0x00004a18                __flsbuf
 .text._fdopen  0x00004b6c       0x68 c:/nxp/lpcxpresso_7.6.0_321/lpcxpresso/tools/bin/../lib/gcc/arm-none-eabi/4.9.3/../../../../arm-none-eabi/lib/armv6-m\libcr_c.a(_fdopen.o)
                0x00004b6c                _fdopen
 .text._fflush  0x00004bd4       0x64 c:/nxp/lpcxpresso_7.6.0_321/lpcxpresso/tools/bin/../lib/gcc/arm-none-eabi/4.9.3/../../../../arm-none-eabi/lib/armv6-m\libcr_c.a(_fflush.o)
                0x00004bd4                _fflush
 .text._frexpl  0x00004c38       0x80 c:/nxp/lpcxpresso_7.6.0_321/lpcxpresso/tools/bin/../lib/gcc/arm-none-eabi/4.9.3/../../../../arm-none-eabi/lib/armv6-m\libcr_c.a(_frexpl.o)
                0x00004c38                _frexpl
 .text._ldexpl  0x00004cb8       0x60 c:/nxp/lpcxpresso_7.6.0_321/lpcxpresso/tools/bin/../lib/gcc/arm-none-eabi/4.9.3/../../../../arm-none-eabi/lib/armv6-m\libcr_c.a(_ldexpl.o)
                0x00004cb8                _ldexpl
 .text._Cwritebuf
                0x00004d18       0x6c c:/nxp/lpcxpresso_7.6.0_321/lpcxpresso/tools/bin/../lib/gcc/arm-none-eabi/4.9.3/../../../../arm-none-eabi/lib/armv6-m\libcr_c.a(_writebuf.o)
                0x00004d18                _Cwritebuf
 .text.malloc   0x00004d84       0xc4 c:/nxp/lpcxpresso_7.6.0_321/lpcxpresso/tools/bin/../lib/gcc/arm-none-eabi/4.9.3/../../../../arm-none-eabi/lib/armv6-m\libcr_c.a(alloc.o)
                0x00004d84                malloc
 .text.free     0x00004e48       0x30 c:/nxp/lpcxpresso_7.6.0_321/lpcxpresso/tools/bin/../lib/gcc/arm-none-eabi/4.9.3/../../../../arm-none-eabi/lib/armv6-m\libcr_c.a(alloc.o)
                0x00004e48                free
 .text._Csys_alloc
                0x00004e78       0x20 c:/nxp/lpcxpresso_7.6.0_321/lpcxpresso/tools/bin/../lib/gcc/arm-none-eabi/4.9.3/../../../../arm-none-eabi/lib/armv6-m\libcr_c.a(alloc.o)
                0x00004e78                _Csys_alloc
 .text.fclose   0x00004e98       0x70 c:/nxp/lpcxpresso_7.6.0_321/lpcxpresso/tools/bin/../lib/gcc/arm-none-eabi/4.9.3/../../../../arm-none-eabi/lib/armv6-m\libcr_c.a(fclose.o)
                0x00004e98                fclose
 .text.fflush   0x00004f08       0x34 c:/nxp/lpcxpresso_7.6.0_321/lpcxpresso/tools/bin/../lib/gcc/arm-none-eabi/4.9.3/../../../../arm-none-eabi/lib/armv6-m\libcr_c.a(fflush.o)
                0x00004f08                fflush
 .text.fseek    0x00004f3c       0xf8 c:/nxp/lpcxpresso_7.6.0_321/lpcxpresso/tools/bin/../lib/gcc/arm-none-eabi/4.9.3/../../../../arm-none-eabi/lib/armv6-m\libcr_c.a(fseek.o)
                0x00004f3c                fseek
 .text.ftell    0x00005034       0x4c c:/nxp/lpcxpresso_7.6.0_321/lpcxpresso/tools/bin/../lib/gcc/arm-none-eabi/4.9.3/../../../../arm-none-eabi/lib/armv6-m\libcr_c.a(ftell.o)
                0x00005034                ftell
 .text.remove   0x00005080       0x12 c:/nxp/lpcxpresso_7.6.0_321/lpcxpresso/tools/bin/../lib/gcc/arm-none-eabi/4.9.3/../../../../arm-none-eabi/lib/armv6-m\libcr_c.a(remove.o)
                0x00005080                remove
 *fill*         0x00005092        0x2 
 .text._sbrk    0x00005094       0x40 c:/nxp/lpcxpresso_7.6.0_321/lpcxpresso/tools/bin/../lib/gcc/arm-none-eabi/4.9.3/../../../../arm-none-eabi/lib/armv6-m\libcr_c.a(_cr_sbrk.o)
                0x00005094                _sbrk
 .text._do_fflush
                0x000050d4       0x48 c:/nxp/lpcxpresso_7.6.0_321/lpcxpresso/tools/bin/../lib/gcc/arm-none-eabi/4.9.3/../../../../arm-none-eabi/lib/armv6-m\libcr_c.a(_do_fflush.o)
                0x000050d4                _do_fflush
 .text.__check_heap_overflow
                0x0000511c       0x18 c:/nxp/lpcxpresso_7.6.0_321/lpcxpresso/tools/bin/../lib/gcc/arm-none-eabi/4.9.3/../../../../arm-none-eabi/lib/armv6-m\libcr_c.a(_cr_check_heap.o)
                0x0000511c                __check_heap_overflow
 *fill*         0x00005134        0x4 
 .text.__aeabi_dmul
                0x00005138      0x188 c:/nxp/lpcxpresso_7.6.0_321/lpcxpresso/tools/bin/../lib/gcc/arm-none-eabi/4.9.3/armv6-m\libcr_eabihelpers.a(double.o)
                0x00005138                __aeabi_dmul
 .text.__aeabi_ddiv
                0x000052c0      0x160 c:/nxp/lpcxpresso_7.6.0_321/lpcxpresso/tools/bin/../lib/gcc/arm-none-eabi/4.9.3/armv6-m\libcr_eabihelpers.a(double.o)
                0x000052c0                __aeabi_ddiv
 .text.__aeabi_dsub
                0x00005420      0x1e8 c:/nxp/lpcxpresso_7.6.0_321/lpcxpresso/tools/bin/../lib/gcc/arm-none-eabi/4.9.3/armv6-m\libcr_eabihelpers.a(double.o)
                0x00005420                __aeabi_dsub
 .text.__aeabi_dadd
                0x00005608      0x148 c:/nxp/lpcxpresso_7.6.0_321/lpcxpresso/tools/bin/../lib/gcc/arm-none-eabi/4.9.3/armv6-m\libcr_eabihelpers.a(double.o)
                0x00005608                __aeabi_dadd
 .text.__aeabi_d2iz
                0x00005750       0x48 c:/nxp/lpcxpresso_7.6.0_321/lpcxpresso/tools/bin/../lib/gcc/arm-none-eabi/4.9.3/armv6-m\libcr_eabihelpers.a(double.o)
                0x00005750                __aeabi_d2iz
 .text.__bhs_ui2d
                0x00005798       0x5e c:/nxp/lpcxpresso_7.6.0_321/lpcxpresso/tools/bin/../lib/gcc/arm-none-eabi/4.9.3/armv6-m\libcr_eabihelpers.a(double.o)
                0x00005798                __bhs_ui2d
 .text.__aeabi_i2d
                0x000057f6       0x16 c:/nxp/lpcxpresso_7.6.0_321/lpcxpresso/tools/bin/../lib/gcc/arm-none-eabi/4.9.3/armv6-m\libcr_eabihelpers.a(double.o)
                0x000057f6                __aeabi_i2d
 .text.__aeabi_dcmpeq
                0x0000580c       0x38 c:/nxp/lpcxpresso_7.6.0_321/lpcxpresso/tools/bin/../lib/gcc/arm-none-eabi/4.9.3/armv6-m\libcr_eabihelpers.a(double.o)
                0x0000580c                __aeabi_dcmpeq
 .text.__aeabi_dcmplt
                0x00005844       0x78 c:/nxp/lpcxpresso_7.6.0_321/lpcxpresso/tools/bin/../lib/gcc/arm-none-eabi/4.9.3/armv6-m\libcr_eabihelpers.a(double.o)
                0x00005844                __aeabi_dcmplt
 .text.__aeabi_dcmple
                0x000058bc       0x78 c:/nxp/lpcxpresso_7.6.0_321/lpcxpresso/tools/bin/../lib/gcc/arm-none-eabi/4.9.3/armv6-m\libcr_eabihelpers.a(double.o)
                0x000058bc                __aeabi_dcmple
 .text.__aeabi_dcmpge
                0x00005934       0x70 c:/nxp/lpcxpresso_7.6.0_321/lpcxpresso/tools/bin/../lib/gcc/arm-none-eabi/4.9.3/armv6-m\libcr_eabihelpers.a(double.o)
                0x00005934                __aeabi_dcmpge
 .text.__aeabi_llong_lmul
                0x000059a4       0x2e c:/nxp/lpcxpresso_7.6.0_321/lpcxpresso/tools/bin/../lib/gcc/arm-none-eabi/4.9.3/armv6-m\libcr_eabihelpers.a(llong.o)
                0x000059a4                __aeabi_lmul
 .text.__aeabi_memcpy
                0x000059d2       0x2c c:/nxp/lpcxpresso_7.6.0_321/lpcxpresso/tools/bin/../lib/gcc/arm-none-eabi/4.9.3/armv6-m\libcr_eabihelpers.a(memcpy.o)
                0x000059d2                __aeabi_memcpy4
                0x000059d2                __aeabi_memcpy8
                0x000059d2                __aeabi_memcpy
 .text.__aeabi_memset_lowlevel
                0x000059fe       0x2a c:/nxp/lpcxpresso_7.6.0_321/lpcxpresso/tools/bin/../lib/gcc/arm-none-eabi/4.9.3/armv6-m\libcr_eabihelpers.a(memcpy.o)
                0x000059fe                __aeabi_lowlevel_memset
 .text.__gnu_thumb1_case_uqi
                0x00005a28       0x10 c:/nxp/lpcxpresso_7.6.0_321/lpcxpresso/tools/bin/../lib/gcc/arm-none-eabi/4.9.3/armv6-m\libcr_eabihelpers.a(thumb1_switch_helpers.o)
                0x00005a28                __gnu_thumb1_case_uqi
 .text.__sys_appexit
                0x00005a38        0x2 c:/nxp/lpcxpresso_7.6.0_321/lpcxpresso/tools/bin/../lib/gcc/arm-none-eabi/4.9.3/../../../../arm-none-eabi/lib/armv6-m\libcr_nohost.a(__sys_appexit.o)
                0x00005a38                __sys_appexit
                0x00005a38                __exit
 .text.__sys_close
                0x00005a3a        0x6 c:/nxp/lpcxpresso_7.6.0_321/lpcxpresso/tools/bin/../lib/gcc/arm-none-eabi/4.9.3/../../../../arm-none-eabi/lib/armv6-m\libcr_nohost.a(__sys_close.o)
                0x00005a3a                __sys_close
 .text.__sys_flen
                0x00005a40        0x6 c:/nxp/lpcxpresso_7.6.0_321/lpcxpresso/tools/bin/../lib/gcc/arm-none-eabi/4.9.3/../../../../arm-none-eabi/lib/armv6-m\libcr_nohost.a(__sys_flen.o)
                0x00005a40                __sys_flen
 .text.__sys_istty
                0x00005a46        0x6 c:/nxp/lpcxpresso_7.6.0_321/lpcxpresso/tools/bin/../lib/gcc/arm-none-eabi/4.9.3/../../../../arm-none-eabi/lib/armv6-m\libcr_nohost.a(__sys_istty.o)
                0x00005a46                __sys_istty
 .text.__sys_remove
                0x00005a4c        0x6 c:/nxp/lpcxpresso_7.6.0_321/lpcxpresso/tools/bin/../lib/gcc/arm-none-eabi/4.9.3/../../../../arm-none-eabi/lib/armv6-m\libcr_nohost.a(__sys_remove.o)
                0x00005a4c                __sys_remove
 .text.__sys_seek
                0x00005a52        0x6 c:/nxp/lpcxpresso_7.6.0_321/lpcxpresso/tools/bin/../lib/gcc/arm-none-eabi/4.9.3/../../../../arm-none-eabi/lib/armv6-m\libcr_nohost.a(__sys_seek.o)
                0x00005a52                __sys_seek
 .text.__sys_tmpnam
                0x00005a58        0x6 c:/nxp/lpcxpresso_7.6.0_321/lpcxpresso/tools/bin/../lib/gcc/arm-none-eabi/4.9.3/../../../../arm-none-eabi/lib/armv6-m\libcr_nohost.a(__sys_tmpnam.o)
                0x00005a58                __sys_tmpnam
 *(.rodata .rodata.* .constdata .constdata.*)
 .rodata        0x00005a5e       0x10 ./src/PlatformHandler/sspHandler.o
 .rodata.str1.1
                0x00005a6e       0x10 ./src/Internet/TFTP/tftp.o
 .rodata        0x00005a7e       0x25 ./src/Configuration/ConfigData.o
 .rodata.str1.1
                0x00005aa3       0x87 ./src/Configuration/ConfigData.o
 .rodata.ledports
                0x00005b2a        0x2 D:\_GitHub\WIZ550S2E\wiznet_s2e_wiz550s2e_board\Release\libwiznet_s2e_wiz550s2e_board.a(board.o)
 .rodata.OscRateIn
                0x00005b2c        0x4 D:\_GitHub\WIZ550S2E\wiznet_s2e_wiz550s2e_board\Release\libwiznet_s2e_wiz550s2e_board.a(board.o)
                0x00005b2c                OscRateIn
 .rodata.ledpins
                0x00005b30        0x2 D:\_GitHub\WIZ550S2E\wiznet_s2e_wiz550s2e_board\Release\libwiznet_s2e_wiz550s2e_board.a(board.o)
 *fill*         0x00005b32        0x2 
 .rodata.pinmuxing
                0x00005b34       0x50 D:\_GitHub\WIZ550S2E\wiznet_s2e_wiz550s2e_board\Release\libwiznet_s2e_wiz550s2e_board.a(board_sysinit.o)
 .rodata.wdtOSCRate
                0x00005b84       0x40 D:\_GitHub\WIZ550S2E\lpc_chip_11exx\Release\liblpc_chip_11exx.a(clock_11xx.o)
 .rodata.str1.1
                0x00005bc4       0x32 c:/nxp/lpcxpresso_7.6.0_321/lpcxpresso/tools/bin/../lib/gcc/arm-none-eabi/4.9.3/../../../../arm-none-eabi/lib/armv6-m\libcr_c.a(fpprintf.o)
                                 0x35 (size before relaxing)
 .rodata.str1.1
                0x00005bf6        0x4 c:/nxp/lpcxpresso_7.6.0_321/lpcxpresso/tools/bin/../lib/gcc/arm-none-eabi/4.9.3/../../../../arm-none-eabi/lib/armv6-m\libcr_c.a(initio.o)
 .rodata.str1.1
                0x00005bfa       0x31 c:/nxp/lpcxpresso_7.6.0_321/lpcxpresso/tools/bin/../lib/gcc/arm-none-eabi/4.9.3/../../../../arm-none-eabi/lib/armv6-m\libcr_c.a(printf.o)
                                 0x38 (size before relaxing)
 *fill*         0x00005c2b        0x5 
 .rodata.__huge_vall
                0x00005c30        0x8 c:/nxp/lpcxpresso_7.6.0_321/lpcxpresso/tools/bin/../lib/gcc/arm-none-eabi/4.9.3/../../../../arm-none-eabi/lib/armv6-m\libcr_c.a(_hugeval.o)
                0x00005c30                __huge_vall
 .rodata.str1.1
                0x00005c38       0x18 c:/nxp/lpcxpresso_7.6.0_321/lpcxpresso/tools/bin/../lib/gcc/arm-none-eabi/4.9.3/../../../../arm-none-eabi/lib/armv6-m\libcr_c.a(alloc.o)
                0x00005c50                . = ALIGN (0x4)

.glue_7         0x00005c50        0x0
 .glue_7        0x00000000        0x0 linker stubs

.glue_7t        0x00005c50        0x0
 .glue_7t       0x00000000        0x0 linker stubs

.vfp11_veneer   0x00005c50        0x0
 .vfp11_veneer  0x00000000        0x0 linker stubs

.v4_bx          0x00005c50        0x0
 .v4_bx         0x00000000        0x0 linker stubs

.iplt           0x00005c50        0x0
 .iplt          0x00000000        0x0 ./src/netutil/netutil.o

.rel.dyn        0x00005c50        0x0
 .rel.iplt      0x00000000        0x0 ./src/netutil/netutil.o

.ARM.extab
 *(.ARM.extab* .gnu.linkonce.armextab.*)
                0x00005c50                __exidx_start = .

.ARM.exidx
 *(.ARM.exidx* .gnu.linkonce.armexidx.*)
                0x00005c50                __exidx_end = .
                0x00005c50                _etext = .

.data_RAM2      0x20000000        0x0 load address 0x00005c50
 FILL mask 0xff
 *(.data.$RAM2*)
 *(.data.$RamPeriph2*)
                0x20000000                . = ALIGN (0x4)

.data_RAM3      0x20004000        0x0 load address 0x00005c50
 FILL mask 0xff
 *(.data.$RAM3*)
 *(.data.$SRAM1_2*)
                0x20004000                . = ALIGN (0x4)

.uninit_RESERVED
                0x10000000        0x0
 *(.bss.$RESERVED*)
                0x10000000                . = ALIGN (0x4)
                0x10000000                _end_uninit_RESERVED = .

.data           0x10000000       0x3c load address 0x00005c50
 FILL mask 0xff
                0x10000000                _data = .
 *(vtable)
 *(.data*)
 .data.g_write_point
                0x10000000        0x4 ./src/PlatformHandler/flashHandler.o
 .data.g_tftp_socket
                0x10000004        0x4 ./src/Internet/TFTP/tftp.o
 .data.default_tftp_opt
                0x10000008        0x8 ./src/Internet/TFTP/tftp.o
 .data.sock_any_port
                0x10000010        0x2 ./src/Ethernet/socket.o
 *fill*         0x10000012        0x2 
 .data.WIZCHIP  0x10000014       0x28 ./src/Ethernet/wizchip_conf.o
                0x10000014                WIZCHIP
                0x1000003c                . = ALIGN (0x4)
                0x1000003c                _edata = .

.igot.plt       0x1000003c        0x0 load address 0x00005c8c
 .igot.plt      0x00000000        0x0 ./src/netutil/netutil.o

.bss_RAM2       0x20000000        0x0
 *(.bss.$RAM2*)
 *(.bss.$RamPeriph2*)
                0x20000000                . = ALIGN (0x4)

.bss_RAM3       0x20004000        0x0
 *(.bss.$RAM3*)
 *(.bss.$SRAM1_2*)
                0x20004000                . = ALIGN (0x4)

.bss            0x1000003c     0x1070
                0x1000003c                _bss = .
 *(.bss*)
 .bss.cnt.6094  0x1000003c        0x4 ./src/PlatformHandler/flashHandler.o
 .bss.mill_cnt  0x10000040        0x4 ./src/PlatformHandler/timerHandler.o
 .bss.txbuff    0x10000044      0x400 ./src/PlatformHandler/uartHandler.o
 .bss.rxbuff    0x10000444      0x400 ./src/PlatformHandler/uartHandler.o
 .bss.g_server_ip
                0x10000844        0x4 ./src/Internet/TFTP/tftp.o
 .bss.g_filename
                0x10000848       0x14 ./src/Internet/TFTP/tftp.o
 .bss.g_tftp_rcv_buf
                0x1000085c        0x4 ./src/Internet/TFTP/tftp.o
 .bss.g_block_num
                0x10000860        0x2 ./src/Internet/TFTP/tftp.o
 .bss.g_progress_state
                0x10000862        0x1 ./src/Internet/TFTP/tftp.o
                0x10000862                g_progress_state
 *fill*         0x10000863        0x1 
 .bss.tftp_time_cnt
                0x10000864        0x4 ./src/Internet/TFTP/tftp.o
 .bss.g_server_port
                0x10000868        0x2 ./src/Internet/TFTP/tftp.o
 .bss.g_local_port
                0x1000086a        0x2 ./src/Internet/TFTP/tftp.o
 .bss.g_tftp_state
                0x1000086c        0x4 ./src/Internet/TFTP/tftp.o
 .bss.tftp_retry_cnt
                0x10000870        0x4 ./src/Internet/TFTP/tftp.o
 .bss.g_resend_flag
                0x10000874        0x4 ./src/Internet/TFTP/tftp.o
 .bss.sock_io_mode
                0x10000878        0x2 ./src/Ethernet/socket.o
 .bss.sock_is_sending
                0x1000087a        0x2 ./src/Ethernet/socket.o
 .bss.sock_pack_info
                0x1000087c        0x8 ./src/Ethernet/socket.o
 .bss.sock_remained_size
                0x10000884       0x10 ./src/Ethernet/socket.o
 .bss._DHCP_    0x10000894        0x1 ./src/Ethernet/wizchip_conf.o
 .bss._DNS_     0x10000895        0x4 ./src/Ethernet/wizchip_conf.o
 .bss.s2e_packet
                0x10000899       0xa2 ./src/Configuration/ConfigData.o
 .bss.g_op_mode
                0x1000093b        0x1 ./src/main.o
                0x1000093b                g_op_mode
 .bss.errno     0x1000093c        0x4 c:/nxp/lpcxpresso_7.6.0_321/lpcxpresso/tools/bin/../lib/gcc/arm-none-eabi/4.9.3/../../../../arm-none-eabi/lib/armv6-m\libcr_c.a(errno.o)
                0x1000093c                errno
 *(COMMON)
 COMMON         0x10000940       0x28 ./src/PlatformHandler/uartHandler.o
                0x10000940                txring
                0x10000954                rxring
 COMMON         0x10000968        0x8 ./src/cr_startup_lpc11exx.o
                0x10000968                pDivRom_uidiv
                0x1000096c                pDivRom_idiv
 COMMON         0x10000970      0x5ea ./src/main.o
                0x10000970                g_socket_rcv_buf
 *fill*         0x10000f5a        0x2 
 COMMON         0x10000f5c        0x4 D:\_GitHub\WIZ550S2E\lpc_chip_11exx\Release\liblpc_chip_11exx.a(chip_11xx.o)
                0x10000f5c                SystemCoreClock
 COMMON         0x10000f60        0x4 c:/nxp/lpcxpresso_7.6.0_321/lpcxpresso/tools/bin/../lib/gcc/arm-none-eabi/4.9.3/../../../../arm-none-eabi/lib/armv6-m\libcr_c.a(initio.o)
                0x10000f60                _extra
 COMMON         0x10000f64      0x140 c:/nxp/lpcxpresso_7.6.0_321/lpcxpresso/tools/bin/../lib/gcc/arm-none-eabi/4.9.3/../../../../arm-none-eabi/lib/armv6-m\libcr_c.a(stdio.o)
                0x10000f64                __Ciob
 COMMON         0x100010a4        0x8 c:/nxp/lpcxpresso_7.6.0_321/lpcxpresso/tools/bin/../lib/gcc/arm-none-eabi/4.9.3/../../../../arm-none-eabi/lib/armv6-m\libcr_c.a(__init_alloc.o)
                0x100010a4                __heaps
                0x100010a8                __end_of_heap
                0x100010ac                . = ALIGN (0x4)
                0x100010ac                _ebss = .
                0x100010ac                PROVIDE (end, .)

.noinit_RAM2    0x20000000        0x0
 *(.noinit.$RAM2*)
 *(.noinit.$RamPeriph2*)
                0x20000000                . = ALIGN (0x4)

.noinit_RAM3    0x20004000        0x0
 *(.noinit.$RAM3*)
 *(.noinit.$SRAM1_2*)
                0x20004000                . = ALIGN (0x4)

.noinit         0x100010ac        0x0
                0x100010ac                _noinit = .
 *(.noinit*)
                0x100010ac                . = ALIGN (0x4)
                0x100010ac                _end_noinit = .
                0x100010ac                PROVIDE (_pvHeapStart, .)
                0x10002000                PROVIDE (_vStackTop, (__top_RamLoc8 - 0x0))
OUTPUT(WIZ550S2E_Boot.axf elf32-littlearm)

.debug_info     0x00000000    0x10eba
 .debug_info    0x00000000      0x4cc ./src/netutil/netutil.o
 .debug_info    0x000004cc      0x289 ./src/PlatformHandler/eepromHandler.o
 .debug_info    0x00000755      0x47a ./src/PlatformHandler/flashHandler.o
 .debug_info    0x00000bcf      0xa94 ./src/PlatformHandler/sspHandler.o
 .debug_info    0x00001663      0x691 ./src/PlatformHandler/timerHandler.o
 .debug_info    0x00001cf4     0x1155 ./src/PlatformHandler/uartHandler.o
 .debug_info    0x00002e49     0x117d ./src/Internet/TFTP/tftp.o
 .debug_info    0x00003fc6      0x8a4 ./src/Ethernet/W5500/w5500.o
 .debug_info    0x0000486a     0x10b1 ./src/Ethernet/socket.o
 .debug_info    0x0000591b     0x122d ./src/Ethernet/wizchip_conf.o
 .debug_info    0x00006b48     0x10c6 ./src/Configuration/ConfigData.o
 .debug_info    0x00007c0e     0x1eef ./src/Configuration/ConfigMessage.o
 .debug_info    0x00009afd      0x27c ./src/cr_startup_lpc11exx.o
 .debug_info    0x00009d79       0x3b ./src/crp.o
 .debug_info    0x00009db4      0x57c ./src/main.o
 .debug_info    0x0000a330       0xc9 ./src/sysinit.o
 .debug_info    0x0000a3f9      0xac9 D:\_GitHub\WIZ550S2E\wiznet_s2e_wiz550s2e_board\Release\libwiznet_s2e_wiz550s2e_board.a(board.o)
 .debug_info    0x0000aec2      0xaa9 D:\_GitHub\WIZ550S2E\wiznet_s2e_wiz550s2e_board\Release\libwiznet_s2e_wiz550s2e_board.a(board_sysinit.o)
 .debug_info    0x0000b96b       0xd8 D:\_GitHub\WIZ550S2E\lpc_chip_11exx\Release\liblpc_chip_11exx.a(chip_11xx.o)
 .debug_info    0x0000ba43      0x8eb D:\_GitHub\WIZ550S2E\lpc_chip_11exx\Release\liblpc_chip_11exx.a(clock_11xx.o)
 .debug_info    0x0000c32e      0x9d5 D:\_GitHub\WIZ550S2E\lpc_chip_11exx\Release\liblpc_chip_11exx.a(gpio_11xx_1.o)
 .debug_info    0x0000cd03      0x14f D:\_GitHub\WIZ550S2E\lpc_chip_11exx\Release\liblpc_chip_11exx.a(iocon_11xx.o)
 .debug_info    0x0000ce52      0x4a1 D:\_GitHub\WIZ550S2E\lpc_chip_11exx\Release\liblpc_chip_11exx.a(ring_buffer.o)
 .debug_info    0x0000d2f3     0x1b41 D:\_GitHub\WIZ550S2E\lpc_chip_11exx\Release\liblpc_chip_11exx.a(ssp_11xx.o)
 .debug_info    0x0000ee34      0x583 D:\_GitHub\WIZ550S2E\lpc_chip_11exx\Release\liblpc_chip_11exx.a(sysctl_11xx.o)
 .debug_info    0x0000f3b7      0x880 D:\_GitHub\WIZ550S2E\lpc_chip_11exx\Release\liblpc_chip_11exx.a(timer_11xx.o)
 .debug_info    0x0000fc37     0x1283 D:\_GitHub\WIZ550S2E\lpc_chip_11exx\Release\liblpc_chip_11exx.a(uart_11xx.o)

.debug_abbrev   0x00000000     0x37c2
 .debug_abbrev  0x00000000      0x177 ./src/netutil/netutil.o
 .debug_abbrev  0x00000177      0x129 ./src/PlatformHandler/eepromHandler.o
 .debug_abbrev  0x000002a0      0x1e3 ./src/PlatformHandler/flashHandler.o
 .debug_abbrev  0x00000483      0x2d6 ./src/PlatformHandler/sspHandler.o
 .debug_abbrev  0x00000759      0x246 ./src/PlatformHandler/timerHandler.o
 .debug_abbrev  0x0000099f      0x339 ./src/PlatformHandler/uartHandler.o
 .debug_abbrev  0x00000cd8      0x3ce ./src/Internet/TFTP/tftp.o
 .debug_abbrev  0x000010a6      0x1e9 ./src/Ethernet/W5500/w5500.o
 .debug_abbrev  0x0000128f      0x1eb ./src/Ethernet/socket.o
 .debug_abbrev  0x0000147a      0x329 ./src/Ethernet/wizchip_conf.o
 .debug_abbrev  0x000017a3      0x2ec ./src/Configuration/ConfigData.o
 .debug_abbrev  0x00001a8f      0x382 ./src/Configuration/ConfigMessage.o
 .debug_abbrev  0x00001e11      0x10a ./src/cr_startup_lpc11exx.o
 .debug_abbrev  0x00001f1b       0x33 ./src/crp.o
 .debug_abbrev  0x00001f4e      0x1fe ./src/main.o
 .debug_abbrev  0x0000214c       0x85 ./src/sysinit.o
 .debug_abbrev  0x000021d1      0x316 D:\_GitHub\WIZ550S2E\wiznet_s2e_wiz550s2e_board\Release\libwiznet_s2e_wiz550s2e_board.a(board.o)
 .debug_abbrev  0x000024e7      0x240 D:\_GitHub\WIZ550S2E\wiznet_s2e_wiz550s2e_board\Release\libwiznet_s2e_wiz550s2e_board.a(board_sysinit.o)
 .debug_abbrev  0x00002727       0x98 D:\_GitHub\WIZ550S2E\lpc_chip_11exx\Release\liblpc_chip_11exx.a(chip_11xx.o)
 .debug_abbrev  0x000027bf      0x23c D:\_GitHub\WIZ550S2E\lpc_chip_11exx\Release\liblpc_chip_11exx.a(clock_11xx.o)
 .debug_abbrev  0x000029fb      0x1b7 D:\_GitHub\WIZ550S2E\lpc_chip_11exx\Release\liblpc_chip_11exx.a(gpio_11xx_1.o)
 .debug_abbrev  0x00002bb2       0xc5 D:\_GitHub\WIZ550S2E\lpc_chip_11exx\Release\liblpc_chip_11exx.a(iocon_11xx.o)
 .debug_abbrev  0x00002c77      0x181 D:\_GitHub\WIZ550S2E\lpc_chip_11exx\Release\liblpc_chip_11exx.a(ring_buffer.o)
 .debug_abbrev  0x00002df8      0x3ed D:\_GitHub\WIZ550S2E\lpc_chip_11exx\Release\liblpc_chip_11exx.a(ssp_11xx.o)
 .debug_abbrev  0x000031e5       0xda D:\_GitHub\WIZ550S2E\lpc_chip_11exx\Release\liblpc_chip_11exx.a(sysctl_11xx.o)
 .debug_abbrev  0x000032bf      0x1e9 D:\_GitHub\WIZ550S2E\lpc_chip_11exx\Release\liblpc_chip_11exx.a(timer_11xx.o)
 .debug_abbrev  0x000034a8      0x31a D:\_GitHub\WIZ550S2E\lpc_chip_11exx\Release\liblpc_chip_11exx.a(uart_11xx.o)

.debug_loc      0x00000000     0x614e
 .debug_loc     0x00000000      0x291 ./src/netutil/netutil.o
 .debug_loc     0x00000291      0x1d0 ./src/PlatformHandler/eepromHandler.o
 .debug_loc     0x00000461      0x218 ./src/PlatformHandler/flashHandler.o
 .debug_loc     0x00000679       0xc5 ./src/PlatformHandler/sspHandler.o
 .debug_loc     0x0000073e       0x4a ./src/PlatformHandler/timerHandler.o
 .debug_loc     0x00000788      0x2e9 ./src/PlatformHandler/uartHandler.o
 .debug_loc     0x00000a71      0x581 ./src/Internet/TFTP/tftp.o
 .debug_loc     0x00000ff2      0x590 ./src/Ethernet/W5500/w5500.o
 .debug_loc     0x00001582      0xd9c ./src/Ethernet/socket.o
 .debug_loc     0x0000231e      0x871 ./src/Ethernet/wizchip_conf.o
 .debug_loc     0x00002b8f      0x4c6 ./src/Configuration/ConfigData.o
 .debug_loc     0x00003055      0x4fb ./src/Configuration/ConfigMessage.o
 .debug_loc     0x00003550      0x1b7 ./src/cr_startup_lpc11exx.o
 .debug_loc     0x00003707       0xbf ./src/main.o
 .debug_loc     0x000037c6      0x32e D:\_GitHub\WIZ550S2E\wiznet_s2e_wiz550s2e_board\Release\libwiznet_s2e_wiz550s2e_board.a(board.o)
 .debug_loc     0x00003af4       0x43 D:\_GitHub\WIZ550S2E\wiznet_s2e_wiz550s2e_board\Release\libwiznet_s2e_wiz550s2e_board.a(board_sysinit.o)
 .debug_loc     0x00003b37      0x16c D:\_GitHub\WIZ550S2E\lpc_chip_11exx\Release\liblpc_chip_11exx.a(clock_11xx.o)
 .debug_loc     0x00003ca3      0x330 D:\_GitHub\WIZ550S2E\lpc_chip_11exx\Release\liblpc_chip_11exx.a(gpio_11xx_1.o)
 .debug_loc     0x00003fd3       0x21 D:\_GitHub\WIZ550S2E\lpc_chip_11exx\Release\liblpc_chip_11exx.a(iocon_11xx.o)
 .debug_loc     0x00003ff4      0x63e D:\_GitHub\WIZ550S2E\lpc_chip_11exx\Release\liblpc_chip_11exx.a(ring_buffer.o)
 .debug_loc     0x00004632      0xea4 D:\_GitHub\WIZ550S2E\lpc_chip_11exx\Release\liblpc_chip_11exx.a(ssp_11xx.o)
 .debug_loc     0x000054d6       0xaf D:\_GitHub\WIZ550S2E\lpc_chip_11exx\Release\liblpc_chip_11exx.a(sysctl_11xx.o)
 .debug_loc     0x00005585      0x129 D:\_GitHub\WIZ550S2E\lpc_chip_11exx\Release\liblpc_chip_11exx.a(timer_11xx.o)
 .debug_loc     0x000056ae      0xaa0 D:\_GitHub\WIZ550S2E\lpc_chip_11exx\Release\liblpc_chip_11exx.a(uart_11xx.o)

.debug_aranges  0x00000000      0x8e8
 .debug_aranges
                0x00000000       0x60 ./src/netutil/netutil.o
 .debug_aranges
                0x00000060       0x28 ./src/PlatformHandler/eepromHandler.o
 .debug_aranges
                0x00000088       0x48 ./src/PlatformHandler/flashHandler.o
 .debug_aranges
                0x000000d0       0x58 ./src/PlatformHandler/sspHandler.o
 .debug_aranges
                0x00000128       0x28 ./src/PlatformHandler/timerHandler.o
 .debug_aranges
                0x00000150       0x40 ./src/PlatformHandler/uartHandler.o
 .debug_aranges
                0x00000190       0x68 ./src/Internet/TFTP/tftp.o
 .debug_aranges
                0x000001f8       0x60 ./src/Ethernet/W5500/w5500.o
 .debug_aranges
                0x00000258       0x78 ./src/Ethernet/socket.o
 .debug_aranges
                0x000002d0      0x138 ./src/Ethernet/wizchip_conf.o
 .debug_aranges
                0x00000408       0x98 ./src/Configuration/ConfigData.o
 .debug_aranges
                0x000004a0       0x50 ./src/Configuration/ConfigMessage.o
 .debug_aranges
                0x000004f0       0x60 ./src/cr_startup_lpc11exx.o
 .debug_aranges
                0x00000550       0x18 ./src/crp.o
 .debug_aranges
                0x00000568       0x30 ./src/main.o
 .debug_aranges
                0x00000598       0x20 ./src/sysinit.o
 .debug_aranges
                0x000005b8       0x70 D:\_GitHub\WIZ550S2E\wiznet_s2e_wiz550s2e_board\Release\libwiznet_s2e_wiz550s2e_board.a(board.o)
 .debug_aranges
                0x00000628       0x20 D:\_GitHub\WIZ550S2E\wiznet_s2e_wiz550s2e_board\Release\libwiznet_s2e_wiz550s2e_board.a(board_sysinit.o)
 .debug_aranges
                0x00000648       0x20 D:\_GitHub\WIZ550S2E\lpc_chip_11exx\Release\liblpc_chip_11exx.a(chip_11xx.o)
 .debug_aranges
                0x00000668       0x68 D:\_GitHub\WIZ550S2E\lpc_chip_11exx\Release\liblpc_chip_11exx.a(clock_11xx.o)
 .debug_aranges
                0x000006d0       0x48 D:\_GitHub\WIZ550S2E\lpc_chip_11exx\Release\liblpc_chip_11exx.a(gpio_11xx_1.o)
 .debug_aranges
                0x00000718       0x20 D:\_GitHub\WIZ550S2E\lpc_chip_11exx\Release\liblpc_chip_11exx.a(iocon_11xx.o)
 .debug_aranges
                0x00000738       0x40 D:\_GitHub\WIZ550S2E\lpc_chip_11exx\Release\liblpc_chip_11exx.a(ring_buffer.o)
 .debug_aranges
                0x00000778       0x80 D:\_GitHub\WIZ550S2E\lpc_chip_11exx\Release\liblpc_chip_11exx.a(ssp_11xx.o)
 .debug_aranges
                0x000007f8       0x38 D:\_GitHub\WIZ550S2E\lpc_chip_11exx\Release\liblpc_chip_11exx.a(sysctl_11xx.o)
 .debug_aranges
                0x00000830       0x38 D:\_GitHub\WIZ550S2E\lpc_chip_11exx\Release\liblpc_chip_11exx.a(timer_11xx.o)
 .debug_aranges
                0x00000868       0x80 D:\_GitHub\WIZ550S2E\lpc_chip_11exx\Release\liblpc_chip_11exx.a(uart_11xx.o)

.debug_ranges   0x00000000     0x1070
 .debug_ranges  0x00000000       0x50 ./src/netutil/netutil.o
 .debug_ranges  0x00000050       0x48 ./src/PlatformHandler/eepromHandler.o
 .debug_ranges  0x00000098       0x38 ./src/PlatformHandler/flashHandler.o
 .debug_ranges  0x000000d0       0xe0 ./src/PlatformHandler/sspHandler.o
 .debug_ranges  0x000001b0       0xa8 ./src/PlatformHandler/timerHandler.o
 .debug_ranges  0x00000258       0xb0 ./src/PlatformHandler/uartHandler.o
 .debug_ranges  0x00000308      0x128 ./src/Internet/TFTP/tftp.o
 .debug_ranges  0x00000430       0x50 ./src/Ethernet/W5500/w5500.o
 .debug_ranges  0x00000480       0x68 ./src/Ethernet/socket.o
 .debug_ranges  0x000004e8      0x128 ./src/Ethernet/wizchip_conf.o
 .debug_ranges  0x00000610      0x1e0 ./src/Configuration/ConfigData.o
 .debug_ranges  0x000007f0       0x40 ./src/Configuration/ConfigMessage.o
 .debug_ranges  0x00000830       0x50 ./src/cr_startup_lpc11exx.o
 .debug_ranges  0x00000880       0x20 ./src/main.o
 .debug_ranges  0x000008a0       0x10 ./src/sysinit.o
 .debug_ranges  0x000008b0       0xe8 D:\_GitHub\WIZ550S2E\wiznet_s2e_wiz550s2e_board\Release\libwiznet_s2e_wiz550s2e_board.a(board.o)
 .debug_ranges  0x00000998       0xb8 D:\_GitHub\WIZ550S2E\wiznet_s2e_wiz550s2e_board\Release\libwiznet_s2e_wiz550s2e_board.a(board_sysinit.o)
 .debug_ranges  0x00000a50       0x10 D:\_GitHub\WIZ550S2E\lpc_chip_11exx\Release\liblpc_chip_11exx.a(chip_11xx.o)
 .debug_ranges  0x00000a60       0x58 D:\_GitHub\WIZ550S2E\lpc_chip_11exx\Release\liblpc_chip_11exx.a(clock_11xx.o)
 .debug_ranges  0x00000ab8       0x68 D:\_GitHub\WIZ550S2E\lpc_chip_11exx\Release\liblpc_chip_11exx.a(gpio_11xx_1.o)
 .debug_ranges  0x00000b20       0x10 D:\_GitHub\WIZ550S2E\lpc_chip_11exx\Release\liblpc_chip_11exx.a(iocon_11xx.o)
 .debug_ranges  0x00000b30       0xe8 D:\_GitHub\WIZ550S2E\lpc_chip_11exx\Release\liblpc_chip_11exx.a(ring_buffer.o)
 .debug_ranges  0x00000c18      0x230 D:\_GitHub\WIZ550S2E\lpc_chip_11exx\Release\liblpc_chip_11exx.a(ssp_11xx.o)
 .debug_ranges  0x00000e48       0x28 D:\_GitHub\WIZ550S2E\lpc_chip_11exx\Release\liblpc_chip_11exx.a(sysctl_11xx.o)
 .debug_ranges  0x00000e70       0x58 D:\_GitHub\WIZ550S2E\lpc_chip_11exx\Release\liblpc_chip_11exx.a(timer_11xx.o)
 .debug_ranges  0x00000ec8      0x1a8 D:\_GitHub\WIZ550S2E\lpc_chip_11exx\Release\liblpc_chip_11exx.a(uart_11xx.o)

.debug_line     0x00000000     0x3e2c
 .debug_line    0x00000000      0x1b6 ./src/netutil/netutil.o
 .debug_line    0x000001b6      0x13e ./src/PlatformHandler/eepromHandler.o
 .debug_line    0x000002f4      0x233 ./src/PlatformHandler/flashHandler.o
 .debug_line    0x00000527      0x24c ./src/PlatformHandler/sspHandler.o
 .debug_line    0x00000773      0x23c ./src/PlatformHandler/timerHandler.o
 .debug_line    0x000009af      0x27d ./src/PlatformHandler/uartHandler.o
 .debug_line    0x00000c2c      0x3b9 ./src/Internet/TFTP/tftp.o
 .debug_line    0x00000fe5      0x217 ./src/Ethernet/W5500/w5500.o
 .debug_line    0x000011fc      0x3bf ./src/Ethernet/socket.o
 .debug_line    0x000015bb      0x4ab ./src/Ethernet/wizchip_conf.o
 .debug_line    0x00001a66      0x41f ./src/Configuration/ConfigData.o
 .debug_line    0x00001e85      0x387 ./src/Configuration/ConfigMessage.o
 .debug_line    0x0000220c       0xba ./src/cr_startup_lpc11exx.o
 .debug_line    0x000022c6       0x2d ./src/crp.o
 .debug_line    0x000022f3      0x2eb ./src/main.o
 .debug_line    0x000025de       0xff ./src/sysinit.o
 .debug_line    0x000026dd      0x2b5 D:\_GitHub\WIZ550S2E\wiznet_s2e_wiz550s2e_board\Release\libwiznet_s2e_wiz550s2e_board.a(board.o)
 .debug_line    0x00002992      0x171 D:\_GitHub\WIZ550S2E\wiznet_s2e_wiz550s2e_board\Release\libwiznet_s2e_wiz550s2e_board.a(board_sysinit.o)
 .debug_line    0x00002b03       0xd0 D:\_GitHub\WIZ550S2E\lpc_chip_11exx\Release\liblpc_chip_11exx.a(chip_11xx.o)
 .debug_line    0x00002bd3      0x1da D:\_GitHub\WIZ550S2E\lpc_chip_11exx\Release\liblpc_chip_11exx.a(clock_11xx.o)
 .debug_line    0x00002dad      0x196 D:\_GitHub\WIZ550S2E\lpc_chip_11exx\Release\liblpc_chip_11exx.a(gpio_11xx_1.o)
 .debug_line    0x00002f43       0xd0 D:\_GitHub\WIZ550S2E\lpc_chip_11exx\Release\liblpc_chip_11exx.a(iocon_11xx.o)
 .debug_line    0x00003013      0x231 D:\_GitHub\WIZ550S2E\lpc_chip_11exx\Release\liblpc_chip_11exx.a(ring_buffer.o)
 .debug_line    0x00003244      0x5de D:\_GitHub\WIZ550S2E\lpc_chip_11exx\Release\liblpc_chip_11exx.a(ssp_11xx.o)
 .debug_line    0x00003822      0x113 D:\_GitHub\WIZ550S2E\lpc_chip_11exx\Release\liblpc_chip_11exx.a(sysctl_11xx.o)
 .debug_line    0x00003935      0x175 D:\_GitHub\WIZ550S2E\lpc_chip_11exx\Release\liblpc_chip_11exx.a(timer_11xx.o)
 .debug_line    0x00003aaa      0x382 D:\_GitHub\WIZ550S2E\lpc_chip_11exx\Release\liblpc_chip_11exx.a(uart_11xx.o)

.debug_str      0x00000000     0x3d43
 .debug_str     0x00000000      0x21a ./src/netutil/netutil.o
                                0x26d (size before relaxing)
 .debug_str     0x0000021a       0x97 ./src/PlatformHandler/eepromHandler.o
                                0x243 (size before relaxing)
 .debug_str     0x000002b1       0xb6 ./src/PlatformHandler/flashHandler.o
                                0x2c3 (size before relaxing)
 .debug_str     0x00000367      0x4fe ./src/PlatformHandler/sspHandler.o
                                0x6b7 (size before relaxing)
 .debug_str     0x00000865      0x3f5 ./src/PlatformHandler/timerHandler.o
                                0x5a7 (size before relaxing)
 .debug_str     0x00000c5a      0x560 ./src/PlatformHandler/uartHandler.o
                                0xa5c (size before relaxing)
 .debug_str     0x000011ba      0x413 ./src/Internet/TFTP/tftp.o
                                0x68c (size before relaxing)
 .debug_str     0x000015cd      0x110 ./src/Ethernet/W5500/w5500.o
                                0x2e5 (size before relaxing)
 .debug_str     0x000016dd      0x19b ./src/Ethernet/socket.o
                                0x4af (size before relaxing)
 .debug_str     0x00001878      0x4f0 ./src/Ethernet/wizchip_conf.o
                                0x8e9 (size before relaxing)
 .debug_str     0x00001d68      0x154 ./src/Configuration/ConfigData.o
                                0x679 (size before relaxing)
 .debug_str     0x00001ebc      0x416 ./src/Configuration/ConfigMessage.o
                                0xb85 (size before relaxing)
 .debug_str     0x000022d2      0x170 ./src/cr_startup_lpc11exx.o
                                0x26f (size before relaxing)
 .debug_str     0x00002442       0x16 ./src/crp.o
                                 0xfb (size before relaxing)
 .debug_str     0x00002458       0xaf ./src/main.o
                                0x3fe (size before relaxing)
 .debug_str     0x00002507       0x22 ./src/sysinit.o
                                0x1b7 (size before relaxing)
 .debug_str     0x00002529      0x192 D:\_GitHub\WIZ550S2E\wiznet_s2e_wiz550s2e_board\Release\libwiznet_s2e_wiz550s2e_board.a(board.o)
                                0x495 (size before relaxing)
 .debug_str     0x000026bb      0x81c D:\_GitHub\WIZ550S2E\wiznet_s2e_wiz550s2e_board\Release\libwiznet_s2e_wiz550s2e_board.a(board_sysinit.o)
                                0xa3c (size before relaxing)
 .debug_str     0x00002ed7       0x3f D:\_GitHub\WIZ550S2E\lpc_chip_11exx\Release\liblpc_chip_11exx.a(chip_11xx.o)
                                0x1cf (size before relaxing)
 .debug_str     0x00002f16      0x3b7 D:\_GitHub\WIZ550S2E\lpc_chip_11exx\Release\liblpc_chip_11exx.a(clock_11xx.o)
                                0x975 (size before relaxing)
 .debug_str     0x000032cd       0xf0 D:\_GitHub\WIZ550S2E\lpc_chip_11exx\Release\liblpc_chip_11exx.a(gpio_11xx_1.o)
                                0x825 (size before relaxing)
 .debug_str     0x000033bd       0x1b D:\_GitHub\WIZ550S2E\lpc_chip_11exx\Release\liblpc_chip_11exx.a(iocon_11xx.o)
                                0x1d4 (size before relaxing)
 .debug_str     0x000033d8       0xc7 D:\_GitHub\WIZ550S2E\lpc_chip_11exx\Release\liblpc_chip_11exx.a(ring_buffer.o)
                                0x27a (size before relaxing)
 .debug_str     0x0000349f      0x588 D:\_GitHub\WIZ550S2E\lpc_chip_11exx\Release\liblpc_chip_11exx.a(ssp_11xx.o)
                                0xf20 (size before relaxing)
 .debug_str     0x00003a27       0x7b D:\_GitHub\WIZ550S2E\lpc_chip_11exx\Release\liblpc_chip_11exx.a(sysctl_11xx.o)
                                0x4c5 (size before relaxing)
 .debug_str     0x00003aa2      0x101 D:\_GitHub\WIZ550S2E\lpc_chip_11exx\Release\liblpc_chip_11exx.a(timer_11xx.o)
                                0x83d (size before relaxing)
 .debug_str     0x00003ba3      0x1a0 D:\_GitHub\WIZ550S2E\lpc_chip_11exx\Release\liblpc_chip_11exx.a(uart_11xx.o)
                                0xa86 (size before relaxing)

.comment        0x00000000       0xe0
 .comment       0x00000000       0x70 ./src/netutil/netutil.o
                                 0x71 (size before relaxing)
 .comment       0x00000000       0x71 ./src/PlatformHandler/eepromHandler.o
 .comment       0x00000000       0x71 ./src/PlatformHandler/flashHandler.o
 .comment       0x00000000       0x71 ./src/PlatformHandler/sspHandler.o
 .comment       0x00000000       0x71 ./src/PlatformHandler/timerHandler.o
 .comment       0x00000000       0x71 ./src/PlatformHandler/uartHandler.o
 .comment       0x00000000       0x71 ./src/Internet/TFTP/tftp.o
 .comment       0x00000000       0x71 ./src/Ethernet/W5500/w5500.o
 .comment       0x00000000       0x71 ./src/Ethernet/socket.o
 .comment       0x00000000       0x71 ./src/Ethernet/wizchip_conf.o
 .comment       0x00000000       0x71 ./src/Configuration/ConfigData.o
 .comment       0x00000000       0x71 ./src/Configuration/ConfigMessage.o
 .comment       0x00000000       0x71 ./src/cr_startup_lpc11exx.o
 .comment       0x00000000       0x71 ./src/crp.o
 .comment       0x00000000       0x71 ./src/main.o
 .comment       0x00000000       0x71 ./src/sysinit.o
 .comment       0x00000000       0x71 D:\_GitHub\WIZ550S2E\wiznet_s2e_wiz550s2e_board\Release\libwiznet_s2e_wiz550s2e_board.a(board.o)
 .comment       0x00000000       0x71 D:\_GitHub\WIZ550S2E\wiznet_s2e_wiz550s2e_board\Release\libwiznet_s2e_wiz550s2e_board.a(board_sysinit.o)
 .comment       0x00000000       0x71 D:\_GitHub\WIZ550S2E\lpc_chip_11exx\Release\liblpc_chip_11exx.a(chip_11xx.o)
 .comment       0x00000000       0x71 D:\_GitHub\WIZ550S2E\lpc_chip_11exx\Release\liblpc_chip_11exx.a(clock_11xx.o)
 .comment       0x00000000       0x71 D:\_GitHub\WIZ550S2E\lpc_chip_11exx\Release\liblpc_chip_11exx.a(gpio_11xx_1.o)
 .comment       0x00000000       0x71 D:\_GitHub\WIZ550S2E\lpc_chip_11exx\Release\liblpc_chip_11exx.a(iocon_11xx.o)
 .comment       0x00000000       0x71 D:\_GitHub\WIZ550S2E\lpc_chip_11exx\Release\liblpc_chip_11exx.a(ring_buffer.o)
 .comment       0x00000000       0x71 D:\_GitHub\WIZ550S2E\lpc_chip_11exx\Release\liblpc_chip_11exx.a(ssp_11xx.o)
 .comment       0x00000000       0x71 D:\_GitHub\WIZ550S2E\lpc_chip_11exx\Release\liblpc_chip_11exx.a(sysctl_11xx.o)
 .comment       0x00000000       0x71 D:\_GitHub\WIZ550S2E\lpc_chip_11exx\Release\liblpc_chip_11exx.a(timer_11xx.o)
 .comment       0x00000000       0x71 D:\_GitHub\WIZ550S2E\lpc_chip_11exx\Release\liblpc_chip_11exx.a(uart_11xx.o)
 .comment       0x00000070       0x70 c:/nxp/lpcxpresso_7.6.0_321/lpcxpresso/tools/bin/../lib/gcc/arm-none-eabi/4.9.3/../../../../arm-none-eabi/lib/armv6-m\libcr_nohost.a(_cr__main.o)
                                 0x71 (size before relaxing)
 .comment       0x00000000       0x71 c:/nxp/lpcxpresso_7.6.0_321/lpcxpresso/tools/bin/../lib/gcc/arm-none-eabi/4.9.3/../../../../arm-none-eabi/lib/armv6-m\libcr_c.a(memcpy.o)
 .comment       0x00000000       0x71 c:/nxp/lpcxpresso_7.6.0_321/lpcxpresso/tools/bin/../lib/gcc/arm-none-eabi/4.9.3/../../../../arm-none-eabi/lib/armv6-m\libcr_c.a(memset.o)
 .comment       0x00000000       0x71 c:/nxp/lpcxpresso_7.6.0_321/lpcxpresso/tools/bin/../lib/gcc/arm-none-eabi/4.9.3/../../../../arm-none-eabi/lib/armv6-m\libcr_c.a(fpprintf.o)
 .comment       0x00000000       0x71 c:/nxp/lpcxpresso_7.6.0_321/lpcxpresso/tools/bin/../lib/gcc/arm-none-eabi/4.9.3/../../../../arm-none-eabi/lib/armv6-m\libcr_c.a(initio.o)
 .comment       0x00000000       0x71 c:/nxp/lpcxpresso_7.6.0_321/lpcxpresso/tools/bin/../lib/gcc/arm-none-eabi/4.9.3/../../../../arm-none-eabi/lib/armv6-m\libcr_c.a(memcmp.o)
 .comment       0x00000000       0x71 c:/nxp/lpcxpresso_7.6.0_321/lpcxpresso/tools/bin/../lib/gcc/arm-none-eabi/4.9.3/../../../../arm-none-eabi/lib/armv6-m\libcr_c.a(printf.o)
 .comment       0x00000000       0x71 c:/nxp/lpcxpresso_7.6.0_321/lpcxpresso/tools/bin/../lib/gcc/arm-none-eabi/4.9.3/../../../../arm-none-eabi/lib/armv6-m\libcr_c.a(setvbuf.o)
 .comment       0x00000000       0x71 c:/nxp/lpcxpresso_7.6.0_321/lpcxpresso/tools/bin/../lib/gcc/arm-none-eabi/4.9.3/../../../../arm-none-eabi/lib/armv6-m\libcr_c.a(stdio.o)
 .comment       0x00000000       0x71 c:/nxp/lpcxpresso_7.6.0_321/lpcxpresso/tools/bin/../lib/gcc/arm-none-eabi/4.9.3/../../../../arm-none-eabi/lib/armv6-m\libcr_c.a(strcmp.o)
 .comment       0x00000000       0x71 c:/nxp/lpcxpresso_7.6.0_321/lpcxpresso/tools/bin/../lib/gcc/arm-none-eabi/4.9.3/../../../../arm-none-eabi/lib/armv6-m\libcr_c.a(strcpy.o)
 .comment       0x00000000       0x71 c:/nxp/lpcxpresso_7.6.0_321/lpcxpresso/tools/bin/../lib/gcc/arm-none-eabi/4.9.3/../../../../arm-none-eabi/lib/armv6-m\libcr_c.a(strlen.o)
 .comment       0x00000000       0x71 c:/nxp/lpcxpresso_7.6.0_321/lpcxpresso/tools/bin/../lib/gcc/arm-none-eabi/4.9.3/../../../../arm-none-eabi/lib/armv6-m\libcr_c.a(_deferredlazyseek.o)
 .comment       0x00000000       0x71 c:/nxp/lpcxpresso_7.6.0_321/lpcxpresso/tools/bin/../lib/gcc/arm-none-eabi/4.9.3/../../../../arm-none-eabi/lib/armv6-m\libcr_c.a(_fdopen.o)
 .comment       0x00000000       0x71 c:/nxp/lpcxpresso_7.6.0_321/lpcxpresso/tools/bin/../lib/gcc/arm-none-eabi/4.9.3/../../../../arm-none-eabi/lib/armv6-m\libcr_c.a(_fflush.o)
 .comment       0x00000000       0x71 c:/nxp/lpcxpresso_7.6.0_321/lpcxpresso/tools/bin/../lib/gcc/arm-none-eabi/4.9.3/../../../../arm-none-eabi/lib/armv6-m\libcr_c.a(_frexpl.o)
 .comment       0x00000000       0x71 c:/nxp/lpcxpresso_7.6.0_321/lpcxpresso/tools/bin/../lib/gcc/arm-none-eabi/4.9.3/../../../../arm-none-eabi/lib/armv6-m\libcr_c.a(_hugeval.o)
 .comment       0x00000000       0x71 c:/nxp/lpcxpresso_7.6.0_321/lpcxpresso/tools/bin/../lib/gcc/arm-none-eabi/4.9.3/../../../../arm-none-eabi/lib/armv6-m\libcr_c.a(_ldexpl.o)
 .comment       0x00000000       0x71 c:/nxp/lpcxpresso_7.6.0_321/lpcxpresso/tools/bin/../lib/gcc/arm-none-eabi/4.9.3/../../../../arm-none-eabi/lib/armv6-m\libcr_c.a(_writebuf.o)
 .comment       0x00000000       0x71 c:/nxp/lpcxpresso_7.6.0_321/lpcxpresso/tools/bin/../lib/gcc/arm-none-eabi/4.9.3/../../../../arm-none-eabi/lib/armv6-m\libcr_c.a(alloc.o)
 .comment       0x00000000       0x71 c:/nxp/lpcxpresso_7.6.0_321/lpcxpresso/tools/bin/../lib/gcc/arm-none-eabi/4.9.3/../../../../arm-none-eabi/lib/armv6-m\libcr_c.a(errno.o)
 .comment       0x00000000       0x71 c:/nxp/lpcxpresso_7.6.0_321/lpcxpresso/tools/bin/../lib/gcc/arm-none-eabi/4.9.3/../../../../arm-none-eabi/lib/armv6-m\libcr_c.a(fclose.o)
 .comment       0x00000000       0x71 c:/nxp/lpcxpresso_7.6.0_321/lpcxpresso/tools/bin/../lib/gcc/arm-none-eabi/4.9.3/../../../../arm-none-eabi/lib/armv6-m\libcr_c.a(fflush.o)
 .comment       0x00000000       0x71 c:/nxp/lpcxpresso_7.6.0_321/lpcxpresso/tools/bin/../lib/gcc/arm-none-eabi/4.9.3/../../../../arm-none-eabi/lib/armv6-m\libcr_c.a(fseek.o)
 .comment       0x00000000       0x71 c:/nxp/lpcxpresso_7.6.0_321/lpcxpresso/tools/bin/../lib/gcc/arm-none-eabi/4.9.3/../../../../arm-none-eabi/lib/armv6-m\libcr_c.a(ftell.o)
 .comment       0x00000000       0x71 c:/nxp/lpcxpresso_7.6.0_321/lpcxpresso/tools/bin/../lib/gcc/arm-none-eabi/4.9.3/../../../../arm-none-eabi/lib/armv6-m\libcr_c.a(remove.o)
 .comment       0x00000000       0x71 c:/nxp/lpcxpresso_7.6.0_321/lpcxpresso/tools/bin/../lib/gcc/arm-none-eabi/4.9.3/../../../../arm-none-eabi/lib/armv6-m\libcr_c.a(__init_alloc.o)
 .comment       0x00000000       0x71 c:/nxp/lpcxpresso_7.6.0_321/lpcxpresso/tools/bin/../lib/gcc/arm-none-eabi/4.9.3/../../../../arm-none-eabi/lib/armv6-m\libcr_c.a(_cr_sbrk.o)
 .comment       0x00000000       0x71 c:/nxp/lpcxpresso_7.6.0_321/lpcxpresso/tools/bin/../lib/gcc/arm-none-eabi/4.9.3/../../../../arm-none-eabi/lib/armv6-m\libcr_c.a(_do_fflush.o)
 .comment       0x00000000       0x71 c:/nxp/lpcxpresso_7.6.0_321/lpcxpresso/tools/bin/../lib/gcc/arm-none-eabi/4.9.3/../../../../arm-none-eabi/lib/armv6-m\libcr_c.a(_cr_check_heap.o)
 .comment       0x00000000       0x71 c:/nxp/lpcxpresso_7.6.0_321/lpcxpresso/tools/bin/../lib/gcc/arm-none-eabi/4.9.3/armv6-m\libcr_eabihelpers.a(double.o)
 .comment       0x00000000       0x71 c:/nxp/lpcxpresso_7.6.0_321/lpcxpresso/tools/bin/../lib/gcc/arm-none-eabi/4.9.3/../../../../arm-none-eabi/lib/armv6-m\libcr_nohost.a(__sys_appexit.o)
 .comment       0x00000000       0x71 c:/nxp/lpcxpresso_7.6.0_321/lpcxpresso/tools/bin/../lib/gcc/arm-none-eabi/4.9.3/../../../../arm-none-eabi/lib/armv6-m\libcr_nohost.a(__sys_close.o)
 .comment       0x00000000       0x71 c:/nxp/lpcxpresso_7.6.0_321/lpcxpresso/tools/bin/../lib/gcc/arm-none-eabi/4.9.3/../../../../arm-none-eabi/lib/armv6-m\libcr_nohost.a(__sys_flen.o)
 .comment       0x00000000       0x71 c:/nxp/lpcxpresso_7.6.0_321/lpcxpresso/tools/bin/../lib/gcc/arm-none-eabi/4.9.3/../../../../arm-none-eabi/lib/armv6-m\libcr_nohost.a(__sys_istty.o)
 .comment       0x00000000       0x71 c:/nxp/lpcxpresso_7.6.0_321/lpcxpresso/tools/bin/../lib/gcc/arm-none-eabi/4.9.3/../../../../arm-none-eabi/lib/armv6-m\libcr_nohost.a(__sys_remove.o)
 .comment       0x00000000       0x71 c:/nxp/lpcxpresso_7.6.0_321/lpcxpresso/tools/bin/../lib/gcc/arm-none-eabi/4.9.3/../../../../arm-none-eabi/lib/armv6-m\libcr_nohost.a(__sys_seek.o)
 .comment       0x00000000       0x71 c:/nxp/lpcxpresso_7.6.0_321/lpcxpresso/tools/bin/../lib/gcc/arm-none-eabi/4.9.3/../../../../arm-none-eabi/lib/armv6-m\libcr_nohost.a(__sys_tmpnam.o)

.ARM.attributes
                0x00000000       0x2f
 .ARM.attributes
                0x00000000       0x31 ./src/netutil/netutil.o
 .ARM.attributes
                0x00000031       0x31 ./src/PlatformHandler/eepromHandler.o
 .ARM.attributes
                0x00000062       0x31 ./src/PlatformHandler/flashHandler.o
 .ARM.attributes
                0x00000093       0x31 ./src/PlatformHandler/sspHandler.o
 .ARM.attributes
                0x000000c4       0x31 ./src/PlatformHandler/timerHandler.o
 .ARM.attributes
                0x000000f5       0x31 ./src/PlatformHandler/uartHandler.o
 .ARM.attributes
                0x00000126       0x31 ./src/Internet/TFTP/tftp.o
 .ARM.attributes
                0x00000157       0x31 ./src/Ethernet/W5500/w5500.o
 .ARM.attributes
                0x00000188       0x31 ./src/Ethernet/socket.o
 .ARM.attributes
                0x000001b9       0x31 ./src/Ethernet/wizchip_conf.o
 .ARM.attributes
                0x000001ea       0x31 ./src/Configuration/ConfigData.o
 .ARM.attributes
                0x0000021b       0x31 ./src/Configuration/ConfigMessage.o
 .ARM.attributes
                0x0000024c       0x21 ./src/aeabi_romdiv_patch.o
 .ARM.attributes
                0x0000026d       0x31 ./src/cr_startup_lpc11exx.o
 .ARM.attributes
                0x0000029e       0x31 ./src/crp.o
 .ARM.attributes
                0x000002cf       0x31 ./src/main.o
 .ARM.attributes
                0x00000300       0x31 ./src/sysinit.o
 .ARM.attributes
                0x00000331       0x31 D:\_GitHub\WIZ550S2E\wiznet_s2e_wiz550s2e_board\Release\libwiznet_s2e_wiz550s2e_board.a(board.o)
 .ARM.attributes
                0x00000362       0x31 D:\_GitHub\WIZ550S2E\wiznet_s2e_wiz550s2e_board\Release\libwiznet_s2e_wiz550s2e_board.a(board_sysinit.o)
 .ARM.attributes
                0x00000393       0x31 D:\_GitHub\WIZ550S2E\lpc_chip_11exx\Release\liblpc_chip_11exx.a(chip_11xx.o)
 .ARM.attributes
                0x000003c4       0x31 D:\_GitHub\WIZ550S2E\lpc_chip_11exx\Release\liblpc_chip_11exx.a(clock_11xx.o)
 .ARM.attributes
                0x000003f5       0x31 D:\_GitHub\WIZ550S2E\lpc_chip_11exx\Release\liblpc_chip_11exx.a(gpio_11xx_1.o)
 .ARM.attributes
                0x00000426       0x31 D:\_GitHub\WIZ550S2E\lpc_chip_11exx\Release\liblpc_chip_11exx.a(iocon_11xx.o)
 .ARM.attributes
                0x00000457       0x31 D:\_GitHub\WIZ550S2E\lpc_chip_11exx\Release\liblpc_chip_11exx.a(ring_buffer.o)
 .ARM.attributes
                0x00000488       0x31 D:\_GitHub\WIZ550S2E\lpc_chip_11exx\Release\liblpc_chip_11exx.a(ssp_11xx.o)
 .ARM.attributes
                0x000004b9       0x31 D:\_GitHub\WIZ550S2E\lpc_chip_11exx\Release\liblpc_chip_11exx.a(sysctl_11xx.o)
 .ARM.attributes
                0x000004ea       0x31 D:\_GitHub\WIZ550S2E\lpc_chip_11exx\Release\liblpc_chip_11exx.a(timer_11xx.o)
 .ARM.attributes
                0x0000051b       0x31 D:\_GitHub\WIZ550S2E\lpc_chip_11exx\Release\liblpc_chip_11exx.a(uart_11xx.o)
 .ARM.attributes
                0x0000054c       0x31 c:/nxp/lpcxpresso_7.6.0_321/lpcxpresso/tools/bin/../lib/gcc/arm-none-eabi/4.9.3/../../../../arm-none-eabi/lib/armv6-m\libcr_nohost.a(_cr__main.o)
 .ARM.attributes
                0x0000057d       0x31 c:/nxp/lpcxpresso_7.6.0_321/lpcxpresso/tools/bin/../lib/gcc/arm-none-eabi/4.9.3/../../../../arm-none-eabi/lib/armv6-m\libcr_c.a(memcpy.o)
 .ARM.attributes
                0x000005ae       0x31 c:/nxp/lpcxpresso_7.6.0_321/lpcxpresso/tools/bin/../lib/gcc/arm-none-eabi/4.9.3/../../../../arm-none-eabi/lib/armv6-m\libcr_c.a(memset.o)
 .ARM.attributes
                0x000005df       0x31 c:/nxp/lpcxpresso_7.6.0_321/lpcxpresso/tools/bin/../lib/gcc/arm-none-eabi/4.9.3/../../../../arm-none-eabi/lib/armv6-m\libcr_c.a(fpprintf.o)
 .ARM.attributes
                0x00000610       0x31 c:/nxp/lpcxpresso_7.6.0_321/lpcxpresso/tools/bin/../lib/gcc/arm-none-eabi/4.9.3/../../../../arm-none-eabi/lib/armv6-m\libcr_c.a(initio.o)
 .ARM.attributes
                0x00000641       0x31 c:/nxp/lpcxpresso_7.6.0_321/lpcxpresso/tools/bin/../lib/gcc/arm-none-eabi/4.9.3/../../../../arm-none-eabi/lib/armv6-m\libcr_c.a(memcmp.o)
 .ARM.attributes
                0x00000672       0x31 c:/nxp/lpcxpresso_7.6.0_321/lpcxpresso/tools/bin/../lib/gcc/arm-none-eabi/4.9.3/../../../../arm-none-eabi/lib/armv6-m\libcr_c.a(printf.o)
 .ARM.attributes
                0x000006a3       0x31 c:/nxp/lpcxpresso_7.6.0_321/lpcxpresso/tools/bin/../lib/gcc/arm-none-eabi/4.9.3/../../../../arm-none-eabi/lib/armv6-m\libcr_c.a(setvbuf.o)
 .ARM.attributes
                0x000006d4       0x31 c:/nxp/lpcxpresso_7.6.0_321/lpcxpresso/tools/bin/../lib/gcc/arm-none-eabi/4.9.3/../../../../arm-none-eabi/lib/armv6-m\libcr_c.a(stdio.o)
 .ARM.attributes
                0x00000705       0x31 c:/nxp/lpcxpresso_7.6.0_321/lpcxpresso/tools/bin/../lib/gcc/arm-none-eabi/4.9.3/../../../../arm-none-eabi/lib/armv6-m\libcr_c.a(strcmp.o)
 .ARM.attributes
                0x00000736       0x31 c:/nxp/lpcxpresso_7.6.0_321/lpcxpresso/tools/bin/../lib/gcc/arm-none-eabi/4.9.3/../../../../arm-none-eabi/lib/armv6-m\libcr_c.a(strcpy.o)
 .ARM.attributes
                0x00000767       0x31 c:/nxp/lpcxpresso_7.6.0_321/lpcxpresso/tools/bin/../lib/gcc/arm-none-eabi/4.9.3/../../../../arm-none-eabi/lib/armv6-m\libcr_c.a(strlen.o)
 .ARM.attributes
                0x00000798       0x31 c:/nxp/lpcxpresso_7.6.0_321/lpcxpresso/tools/bin/../lib/gcc/arm-none-eabi/4.9.3/../../../../arm-none-eabi/lib/armv6-m\libcr_c.a(_deferredlazyseek.o)
 .ARM.attributes
                0x000007c9       0x31 c:/nxp/lpcxpresso_7.6.0_321/lpcxpresso/tools/bin/../lib/gcc/arm-none-eabi/4.9.3/../../../../arm-none-eabi/lib/armv6-m\libcr_c.a(_fdopen.o)
 .ARM.attributes
                0x000007fa       0x31 c:/nxp/lpcxpresso_7.6.0_321/lpcxpresso/tools/bin/../lib/gcc/arm-none-eabi/4.9.3/../../../../arm-none-eabi/lib/armv6-m\libcr_c.a(_fflush.o)
 .ARM.attributes
                0x0000082b       0x31 c:/nxp/lpcxpresso_7.6.0_321/lpcxpresso/tools/bin/../lib/gcc/arm-none-eabi/4.9.3/../../../../arm-none-eabi/lib/armv6-m\libcr_c.a(_frexpl.o)
 .ARM.attributes
                0x0000085c       0x31 c:/nxp/lpcxpresso_7.6.0_321/lpcxpresso/tools/bin/../lib/gcc/arm-none-eabi/4.9.3/../../../../arm-none-eabi/lib/armv6-m\libcr_c.a(_hugeval.o)
 .ARM.attributes
                0x0000088d       0x31 c:/nxp/lpcxpresso_7.6.0_321/lpcxpresso/tools/bin/../lib/gcc/arm-none-eabi/4.9.3/../../../../arm-none-eabi/lib/armv6-m\libcr_c.a(_ldexpl.o)
 .ARM.attributes
                0x000008be       0x31 c:/nxp/lpcxpresso_7.6.0_321/lpcxpresso/tools/bin/../lib/gcc/arm-none-eabi/4.9.3/../../../../arm-none-eabi/lib/armv6-m\libcr_c.a(_writebuf.o)
 .ARM.attributes
                0x000008ef       0x31 c:/nxp/lpcxpresso_7.6.0_321/lpcxpresso/tools/bin/../lib/gcc/arm-none-eabi/4.9.3/../../../../arm-none-eabi/lib/armv6-m\libcr_c.a(alloc.o)
 .ARM.attributes
                0x00000920       0x31 c:/nxp/lpcxpresso_7.6.0_321/lpcxpresso/tools/bin/../lib/gcc/arm-none-eabi/4.9.3/../../../../arm-none-eabi/lib/armv6-m\libcr_c.a(errno.o)
 .ARM.attributes
                0x00000951       0x31 c:/nxp/lpcxpresso_7.6.0_321/lpcxpresso/tools/bin/../lib/gcc/arm-none-eabi/4.9.3/../../../../arm-none-eabi/lib/armv6-m\libcr_c.a(fclose.o)
 .ARM.attributes
                0x00000982       0x31 c:/nxp/lpcxpresso_7.6.0_321/lpcxpresso/tools/bin/../lib/gcc/arm-none-eabi/4.9.3/../../../../arm-none-eabi/lib/armv6-m\libcr_c.a(fflush.o)
 .ARM.attributes
                0x000009b3       0x31 c:/nxp/lpcxpresso_7.6.0_321/lpcxpresso/tools/bin/../lib/gcc/arm-none-eabi/4.9.3/../../../../arm-none-eabi/lib/armv6-m\libcr_c.a(fseek.o)
 .ARM.attributes
                0x000009e4       0x31 c:/nxp/lpcxpresso_7.6.0_321/lpcxpresso/tools/bin/../lib/gcc/arm-none-eabi/4.9.3/../../../../arm-none-eabi/lib/armv6-m\libcr_c.a(ftell.o)
 .ARM.attributes
                0x00000a15       0x31 c:/nxp/lpcxpresso_7.6.0_321/lpcxpresso/tools/bin/../lib/gcc/arm-none-eabi/4.9.3/../../../../arm-none-eabi/lib/armv6-m\libcr_c.a(remove.o)
 .ARM.attributes
                0x00000a46       0x31 c:/nxp/lpcxpresso_7.6.0_321/lpcxpresso/tools/bin/../lib/gcc/arm-none-eabi/4.9.3/../../../../arm-none-eabi/lib/armv6-m\libcr_c.a(__init_alloc.o)
 .ARM.attributes
                0x00000a77       0x31 c:/nxp/lpcxpresso_7.6.0_321/lpcxpresso/tools/bin/../lib/gcc/arm-none-eabi/4.9.3/../../../../arm-none-eabi/lib/armv6-m\libcr_c.a(_cr_sbrk.o)
 .ARM.attributes
                0x00000aa8       0x31 c:/nxp/lpcxpresso_7.6.0_321/lpcxpresso/tools/bin/../lib/gcc/arm-none-eabi/4.9.3/../../../../arm-none-eabi/lib/armv6-m\libcr_c.a(_do_fflush.o)
 .ARM.attributes
                0x00000ad9       0x31 c:/nxp/lpcxpresso_7.6.0_321/lpcxpresso/tools/bin/../lib/gcc/arm-none-eabi/4.9.3/../../../../arm-none-eabi/lib/armv6-m\libcr_c.a(_cr_check_heap.o)
 .ARM.attributes
                0x00000b0a       0x31 c:/nxp/lpcxpresso_7.6.0_321/lpcxpresso/tools/bin/../lib/gcc/arm-none-eabi/4.9.3/armv6-m\libcr_eabihelpers.a(double.o)
 .ARM.attributes
                0x00000b3b       0x21 c:/nxp/lpcxpresso_7.6.0_321/lpcxpresso/tools/bin/../lib/gcc/arm-none-eabi/4.9.3/armv6-m\libcr_eabihelpers.a(llong.o)
 .ARM.attributes
                0x00000b5c       0x21 c:/nxp/lpcxpresso_7.6.0_321/lpcxpresso/tools/bin/../lib/gcc/arm-none-eabi/4.9.3/armv6-m\libcr_eabihelpers.a(memcpy.o)
 .ARM.attributes
                0x00000b7d       0x21 c:/nxp/lpcxpresso_7.6.0_321/lpcxpresso/tools/bin/../lib/gcc/arm-none-eabi/4.9.3/armv6-m\libcr_eabihelpers.a(thumb1_switch_helpers.o)
 .ARM.attributes
                0x00000b9e       0x31 c:/nxp/lpcxpresso_7.6.0_321/lpcxpresso/tools/bin/../lib/gcc/arm-none-eabi/4.9.3/../../../../arm-none-eabi/lib/armv6-m\libcr_nohost.a(__sys_appexit.o)
 .ARM.attributes
                0x00000bcf       0x31 c:/nxp/lpcxpresso_7.6.0_321/lpcxpresso/tools/bin/../lib/gcc/arm-none-eabi/4.9.3/../../../../arm-none-eabi/lib/armv6-m\libcr_nohost.a(__sys_close.o)
 .ARM.attributes
                0x00000c00       0x31 c:/nxp/lpcxpresso_7.6.0_321/lpcxpresso/tools/bin/../lib/gcc/arm-none-eabi/4.9.3/../../../../arm-none-eabi/lib/armv6-m\libcr_nohost.a(__sys_flen.o)
 .ARM.attributes
                0x00000c31       0x31 c:/nxp/lpcxpresso_7.6.0_321/lpcxpresso/tools/bin/../lib/gcc/arm-none-eabi/4.9.3/../../../../arm-none-eabi/lib/armv6-m\libcr_nohost.a(__sys_istty.o)
 .ARM.attributes
                0x00000c62       0x31 c:/nxp/lpcxpresso_7.6.0_321/lpcxpresso/tools/bin/../lib/gcc/arm-none-eabi/4.9.3/../../../../arm-none-eabi/lib/armv6-m\libcr_nohost.a(__sys_remove.o)
 .ARM.attributes
                0x00000c93       0x31 c:/nxp/lpcxpresso_7.6.0_321/lpcxpresso/tools/bin/../lib/gcc/arm-none-eabi/4.9.3/../../../../arm-none-eabi/lib/armv6-m\libcr_nohost.a(__sys_seek.o)
 .ARM.attributes
                0x00000cc4       0x31 c:/nxp/lpcxpresso_7.6.0_321/lpcxpresso/tools/bin/../lib/gcc/arm-none-eabi/4.9.3/../../../../arm-none-eabi/lib/armv6-m\libcr_nohost.a(__sys_tmpnam.o)

.debug_frame    0x00000000     0x1514
 .debug_frame   0x00000000       0xdc ./src/netutil/netutil.o
 .debug_frame   0x000000dc       0x40 ./src/PlatformHandler/eepromHandler.o
 .debug_frame   0x0000011c       0xac ./src/PlatformHandler/flashHandler.o
 .debug_frame   0x000001c8       0xcc ./src/PlatformHandler/sspHandler.o
 .debug_frame   0x00000294       0x44 ./src/PlatformHandler/timerHandler.o
 .debug_frame   0x000002d8       0x90 ./src/PlatformHandler/uartHandler.o
 .debug_frame   0x00000368      0x108 ./src/Internet/TFTP/tftp.o
 .debug_frame   0x00000470      0x13c ./src/Ethernet/W5500/w5500.o
 .debug_frame   0x000005ac      0x184 ./src/Ethernet/socket.o
 .debug_frame   0x00000730      0x328 ./src/Ethernet/wizchip_conf.o
 .debug_frame   0x00000a58      0x194 ./src/Configuration/ConfigData.o
 .debug_frame   0x00000bec       0xe0 ./src/Configuration/ConfigMessage.o
 .debug_frame   0x00000ccc       0xb0 ./src/cr_startup_lpc11exx.o
 .debug_frame   0x00000d7c       0x54 ./src/main.o
 .debug_frame   0x00000dd0       0x28 ./src/sysinit.o
 .debug_frame   0x00000df8      0x108 D:\_GitHub\WIZ550S2E\wiznet_s2e_wiz550s2e_board\Release\libwiznet_s2e_wiz550s2e_board.a(board.o)
 .debug_frame   0x00000f00       0x30 D:\_GitHub\WIZ550S2E\wiznet_s2e_wiz550s2e_board\Release\libwiznet_s2e_wiz550s2e_board.a(board_sysinit.o)
 .debug_frame   0x00000f30       0x28 D:\_GitHub\WIZ550S2E\lpc_chip_11exx\Release\liblpc_chip_11exx.a(chip_11xx.o)
 .debug_frame   0x00000f58       0xd0 D:\_GitHub\WIZ550S2E\lpc_chip_11exx\Release\liblpc_chip_11exx.a(clock_11xx.o)
 .debug_frame   0x00001028       0x90 D:\_GitHub\WIZ550S2E\lpc_chip_11exx\Release\liblpc_chip_11exx.a(gpio_11xx_1.o)
 .debug_frame   0x000010b8       0x20 D:\_GitHub\WIZ550S2E\lpc_chip_11exx\Release\liblpc_chip_11exx.a(iocon_11xx.o)
 .debug_frame   0x000010d8       0x98 D:\_GitHub\WIZ550S2E\lpc_chip_11exx\Release\liblpc_chip_11exx.a(ring_buffer.o)
 .debug_frame   0x00001170      0x168 D:\_GitHub\WIZ550S2E\lpc_chip_11exx\Release\liblpc_chip_11exx.a(ssp_11xx.o)
 .debug_frame   0x000012d8       0x58 D:\_GitHub\WIZ550S2E\lpc_chip_11exx\Release\liblpc_chip_11exx.a(sysctl_11xx.o)
 .debug_frame   0x00001330       0x60 D:\_GitHub\WIZ550S2E\lpc_chip_11exx\Release\liblpc_chip_11exx.a(timer_11xx.o)
 .debug_frame   0x00001390      0x184 D:\_GitHub\WIZ550S2E\lpc_chip_11exx\Release\liblpc_chip_11exx.a(uart_11xx.o)